<?xml version="1.0" encoding="utf-8"?>
<TestRun id="5e142ce7-62b5-4eb6-b12e-ce3a0ccf9682" name="rmorenol@IS00694 2026-03-10 18:25:19" runUser="DINTERSEGURO\rmorenol" xmlns="http://microsoft.com/schemas/VisualStudio/TeamTest/2010">
  <Times creation="2026-03-10T18:25:19.3832956-05:00" queuing="2026-03-10T18:25:19.3832964-05:00" start="2026-03-10T18:25:18.1728591-05:00" finish="2026-03-10T18:25:19.6503307-05:00" />
  <TestSettings name="default" id="0a5d0cbc-f86e-4c72-8ec2-fb97eae917ff">
    <Deployment runDeploymentRoot="rmorenol_IS00694_2026-03-10_18_25_19" />
  </TestSettings>
  <Results>
    <UnitTestResult executionId="3ebf4c2a-02c0-42a0-beb5-a18fb9bd3107" testId="ec2c3c51-9d4b-1038-844c-f48128b8cc0c" testName="ListarGrupoFamiliar_CuandoSeInvoca_DebeRetornarListaDelRepositorio" computerName="IS00694" duration="00:00:00.0025240" startTime="2026-03-10T18:25:19.1740103-05:00" endTime="2026-03-10T18:25:19.1767144-05:00" testType="13cdc9d9-ddb5-4fa4-a97d-d965ccfc6d4b" outcome="Passed" testListId="8c84fa94-04c1-424b-9868-57a2d4851a1d" relativeResultsDirectory="3ebf4c2a-02c0-42a0-beb5-a18fb9bd3107" />
    <UnitTestResult executionId="4ba58a6a-54fe-4e93-8e28-a1bfe576deaa" testId="d030c934-4f6a-83d3-b336-607b8c82095c" testName="ConsultasDeParametros_CuandoSeInvocan_DebenRetornarDatosDelRepositorio" computerName="IS00694" duration="00:00:00.0086431" startTime="2026-03-10T18:25:19.2693442-05:00" endTime="2026-03-10T18:25:19.2781856-05:00" testType="13cdc9d9-ddb5-4fa4-a97d-d965ccfc6d4b" outcome="Passed" testListId="8c84fa94-04c1-424b-9868-57a2d4851a1d" relativeResultsDirectory="4ba58a6a-54fe-4e93-8e28-a1bfe576deaa" />
    <UnitTestResult executionId="53455193-f864-4d4b-9d87-046fb4374561" testId="373b0c6d-9e9e-0405-4052-9feda277e6e7" testName="ObtenerDatosAnticipo_CuandoSeInvoca_DebeRetornarAnticipoDelRepositorio" computerName="IS00694" duration="00:00:00.0012222" startTime="2026-03-10T18:25:19.2343613-05:00" endTime="2026-03-10T18:25:19.2356801-05:00" testType="13cdc9d9-ddb5-4fa4-a97d-d965ccfc6d4b" outcome="Passed" testListId="8c84fa94-04c1-424b-9868-57a2d4851a1d" relativeResultsDirectory="53455193-f864-4d4b-9d87-046fb4374561" />
    <UnitTestResult executionId="8fe0c478-3aeb-4868-94d0-f078791a19e7" testId="0ebebc15-a867-543e-62ed-0bb4568ab994" testName="ConsultarGestionVentas_CuandoSeInvoca_DebeRetornarListaDelRepositorio" computerName="IS00694" duration="00:00:00.0013061" startTime="2026-03-10T18:25:19.1820565-05:00" endTime="2026-03-10T18:25:19.1834216-05:00" testType="13cdc9d9-ddb5-4fa4-a97d-d965ccfc6d4b" outcome="Passed" testListId="8c84fa94-04c1-424b-9868-57a2d4851a1d" relativeResultsDirectory="8fe0c478-3aeb-4868-94d0-f078791a19e7" />
    <UnitTestResult executionId="43ac2b19-6fc6-4fb1-be3a-879e41f8b808" testId="e146cdb7-09f5-dac9-e8fc-d0b887a13fda" testName="ObtenerNumAgente_CuandoSeInvoca_DebeRetornarValorDelRepositorio" computerName="IS00694" duration="00:00:00.0003987" startTime="2026-03-10T18:25:19.5807577-05:00" endTime="2026-03-10T18:25:19.5812738-05:00" testType="13cdc9d9-ddb5-4fa4-a97d-d965ccfc6d4b" outcome="Passed" testListId="8c84fa94-04c1-424b-9868-57a2d4851a1d" relativeResultsDirectory="43ac2b19-6fc6-4fb1-be3a-879e41f8b808" />
    <UnitTestResult executionId="fa0f1620-33ee-48b3-88b1-633a528f8648" testId="7ceb55cc-4c13-504c-b156-2907682297c7" testName="ListarAgentes_CuandoSeInvoca_DebeRetornarListadoDelRepositorio" computerName="IS00694" duration="00:00:00.0006220" startTime="2026-03-10T18:25:19.5798841-05:00" endTime="2026-03-10T18:25:19.5806860-05:00" testType="13cdc9d9-ddb5-4fa4-a97d-d965ccfc6d4b" outcome="Passed" testListId="8c84fa94-04c1-424b-9868-57a2d4851a1d" relativeResultsDirectory="fa0f1620-33ee-48b3-88b1-633a528f8648" />
    <UnitTestResult executionId="ad7b8cde-ffe5-4514-88ad-145f3ae7dde6" testId="56df96f7-0235-ce29-b357-20a7bb374113" testName="ObtenerJerarquiaAgente_CuandoSeInvoca_DebeRetornarJerarquiaDelRepositorio" computerName="IS00694" duration="00:00:00.0002814" startTime="2026-03-10T18:25:19.5847271-05:00" endTime="2026-03-10T18:25:19.5850687-05:00" testType="13cdc9d9-ddb5-4fa4-a97d-d965ccfc6d4b" outcome="Passed" testListId="8c84fa94-04c1-424b-9868-57a2d4851a1d" relativeResultsDirectory="ad7b8cde-ffe5-4514-88ad-145f3ae7dde6" />
    <UnitTestResult executionId="8bb4e884-cdcd-46bf-93ed-c548189beef3" testId="070a3d05-3f81-83d9-4665-0d50aea39e12" testName="ListarAgenteExterno_CuandoSeInvoca_DebeRetornarListadoDelRepositorio" computerName="IS00694" duration="00:00:00.0002185" startTime="2026-03-10T18:25:19.5850947-05:00" endTime="2026-03-10T18:25:19.5853539-05:00" testType="13cdc9d9-ddb5-4fa4-a97d-d965ccfc6d4b" outcome="Passed" testListId="8c84fa94-04c1-424b-9868-57a2d4851a1d" relativeResultsDirectory="8bb4e884-cdcd-46bf-93ed-c548189beef3" />
    <UnitTestResult executionId="c11eee83-19c8-46d0-8660-4ef9babbed9e" testId="91986196-0832-7e79-6fb5-a686ca827db8" testName="ObtenerUsuarios_CuandoSeInvoca_DebeRetornarListadoDelRepositorio" computerName="IS00694" duration="00:00:00.0003244" startTime="2026-03-10T18:25:19.5765177-05:00" endTime="2026-03-10T18:25:19.5769787-05:00" testType="13cdc9d9-ddb5-4fa4-a97d-d965ccfc6d4b" outcome="Passed" testListId="8c84fa94-04c1-424b-9868-57a2d4851a1d" relativeResultsDirectory="c11eee83-19c8-46d0-8660-4ef9babbed9e" />
    <UnitTestResult executionId="1cc03139-622e-4847-9117-bda48b0a38cb" testId="1b2ee0d0-c603-25eb-682b-35dfa6c2916f" testName="ValidacionesCarga_CuandoSeInvocan_DebenRetornarValorDelRepositorio" computerName="IS00694" duration="00:00:00.0180485" startTime="2026-03-10T18:25:19.3545559-05:00" endTime="2026-03-10T18:25:19.3730819-05:00" testType="13cdc9d9-ddb5-4fa4-a97d-d965ccfc6d4b" outcome="Passed" testListId="8c84fa94-04c1-424b-9868-57a2d4851a1d" relativeResultsDirectory="1cc03139-622e-4847-9117-bda48b0a38cb" />
    <UnitTestResult executionId="f4e9c098-e7a2-40cc-82c2-2f440af78990" testId="8795b4cc-a07c-5bd3-c22c-b51712b23ba7" testName="ConsultasTra_CuandoSeInvocan_DebenRetornarDatosDelRepositorio" computerName="IS00694" duration="00:00:00.0019951" startTime="2026-03-10T18:25:19.3121859-05:00" endTime="2026-03-10T18:25:19.3145026-05:00" testType="13cdc9d9-ddb5-4fa4-a97d-d965ccfc6d4b" outcome="Passed" testListId="8c84fa94-04c1-424b-9868-57a2d4851a1d" relativeResultsDirectory="f4e9c098-e7a2-40cc-82c2-2f440af78990" />
    <UnitTestResult executionId="ce78eb1e-0211-4731-8210-83e92986c58d" testId="4d7975ff-70cc-4851-34b5-742bcfbf8199" testName="ActualizarSolicitudAcceso_CuandoSeInvoca_DebeDelegarEnRepositorio" computerName="IS00694" duration="00:00:00.0015891" startTime="2026-03-10T18:25:19.5709330-05:00" endTime="2026-03-10T18:25:19.5733041-05:00" testType="13cdc9d9-ddb5-4fa4-a97d-d965ccfc6d4b" outcome="Passed" testListId="8c84fa94-04c1-424b-9868-57a2d4851a1d" relativeResultsDirectory="ce78eb1e-0211-4731-8210-83e92986c58d" />
    <UnitTestResult executionId="2bbf310c-1ec5-4d94-920d-97f9b79725d7" testId="34c54c93-997c-4686-fd8a-730343abcf24" testName="ObtenerPreCubo_CuandoSeInvoca_DebeRetornarReporteDelRepositorio" computerName="IS00694" duration="00:00:00.1340938" startTime="2026-03-10T18:25:19.0156131-05:00" endTime="2026-03-10T18:25:19.1633173-05:00" testType="13cdc9d9-ddb5-4fa4-a97d-d965ccfc6d4b" outcome="Passed" testListId="8c84fa94-04c1-424b-9868-57a2d4851a1d" relativeResultsDirectory="2bbf310c-1ec5-4d94-920d-97f9b79725d7" />
    <UnitTestResult executionId="42f91148-e6ec-4cb3-83f2-79f284964cb4" testId="45cf31fc-e3a5-99c5-c6cb-72217df37186" testName="ValidaFlujoSolicitudRol_CuandoSeInvoca_DebeRetornarValorDelRepositorio" computerName="IS00694" duration="00:00:00.0010313" startTime="2026-03-10T18:25:19.1809345-05:00" endTime="2026-03-10T18:25:19.1820266-05:00" testType="13cdc9d9-ddb5-4fa4-a97d-d965ccfc6d4b" outcome="Passed" testListId="8c84fa94-04c1-424b-9868-57a2d4851a1d" relativeResultsDirectory="42f91148-e6ec-4cb3-83f2-79f284964cb4" />
    <UnitTestResult executionId="81ca08ad-18de-4e7b-8dc8-37df84a4692b" testId="3ef8b5cf-8707-c2cc-29ee-d6824288eeb0" testName="ValidarToken_CuandoIpNoPermitida_DebeLanzarExcepcion" computerName="IS00694" duration="00:00:00.0027674" startTime="2026-03-10T18:25:19.5676674-05:00" endTime="2026-03-10T18:25:19.5707180-05:00" testType="13cdc9d9-ddb5-4fa4-a97d-d965ccfc6d4b" outcome="Passed" testListId="8c84fa94-04c1-424b-9868-57a2d4851a1d" relativeResultsDirectory="81ca08ad-18de-4e7b-8dc8-37df84a4692b" />
    <UnitTestResult executionId="6066856e-1022-498c-8adb-a1bfbb3102e4" testId="04d142ec-b429-589d-30ee-cdd68e6b2e85" testName="ObtenerCombobox_CuandoSeInvoca_DebeRetornarDatosDelRepositorio" computerName="IS00694" duration="00:00:00.0247266" startTime="2026-03-10T18:25:19.2439551-05:00" endTime="2026-03-10T18:25:19.2692566-05:00" testType="13cdc9d9-ddb5-4fa4-a97d-d965ccfc6d4b" outcome="Passed" testListId="8c84fa94-04c1-424b-9868-57a2d4851a1d" relativeResultsDirectory="6066856e-1022-498c-8adb-a1bfbb3102e4" />
    <UnitTestResult executionId="42538c42-098d-4487-bd10-c43bf9a24bf6" testId="5c9da046-8715-9201-09a3-9d9b6c2d04c2" testName="OperacionesMontoCicYParametro_CuandoSeInvocan_DebenDelegarAlRepositorio" computerName="IS00694" duration="00:00:00.0048054" startTime="2026-03-10T18:25:19.3067637-05:00" endTime="2026-03-10T18:25:19.3119034-05:00" testType="13cdc9d9-ddb5-4fa4-a97d-d965ccfc6d4b" outcome="Passed" testListId="8c84fa94-04c1-424b-9868-57a2d4851a1d" relativeResultsDirectory="42538c42-098d-4487-bd10-c43bf9a24bf6" />
    <UnitTestResult executionId="4c00e2e4-a7b6-4b5f-8a65-9a118893e90a" testId="d1636ba9-c736-ec80-51b3-3587b293cb31" testName="EliminarAgente_CuandoSeInvoca_DebeEliminarAgenteEnRepositorio" computerName="IS00694" duration="00:00:00.0002924" startTime="2026-03-10T18:25:19.5832190-05:00" endTime="2026-03-10T18:25:19.5835954-05:00" testType="13cdc9d9-ddb5-4fa4-a97d-d965ccfc6d4b" outcome="Passed" testListId="8c84fa94-04c1-424b-9868-57a2d4851a1d" relativeResultsDirectory="4c00e2e4-a7b6-4b5f-8a65-9a118893e90a" />
    <UnitTestResult executionId="4356ddcb-f204-492d-915d-53c51fa86e97" testId="77eb9982-f923-7723-4988-63311ce16ec6" testName="ObtenerUsuario_CuandoSeInvoca_DebeRetornarUsuarioPorIdDelRepositorio" computerName="IS00694" duration="00:00:00.0013506" startTime="2026-03-10T18:25:19.5782512-05:00" endTime="2026-03-10T18:25:19.5797786-05:00" testType="13cdc9d9-ddb5-4fa4-a97d-d965ccfc6d4b" outcome="Passed" testListId="8c84fa94-04c1-424b-9868-57a2d4851a1d" relativeResultsDirectory="4356ddcb-f204-492d-915d-53c51fa86e97" />
    <UnitTestResult executionId="f366fd61-a198-4a61-806a-6ca3470a1244" testId="9888b650-8e26-94e2-f453-35c86958c9aa" testName="ObtenerSupervisorAgente_CuandoSeInvoca_DebeRetornarSupervisorDelRepositorio" computerName="IS00694" duration="00:00:00.0003402" startTime="2026-03-10T18:25:19.5819130-05:00" endTime="2026-03-10T18:25:19.5823394-05:00" testType="13cdc9d9-ddb5-4fa4-a97d-d965ccfc6d4b" outcome="Passed" testListId="8c84fa94-04c1-424b-9868-57a2d4851a1d" relativeResultsDirectory="f366fd61-a198-4a61-806a-6ca3470a1244" />
    <UnitTestResult executionId="be1ad9cc-2e95-45cd-9a8b-b2f47befc775" testId="50bfc6fc-e740-9180-853e-f11434ba028f" testName="CargarReporteControlVctp_CuandoSeInvoca_DebeEliminarYRegistrarTodosLosItems" computerName="IS00694" duration="00:00:00.0049685" startTime="2026-03-10T18:25:19.4467598-05:00" endTime="2026-03-10T18:25:19.4521611-05:00" testType="13cdc9d9-ddb5-4fa4-a97d-d965ccfc6d4b" outcome="Passed" testListId="8c84fa94-04c1-424b-9868-57a2d4851a1d" relativeResultsDirectory="be1ad9cc-2e95-45cd-9a8b-b2f47befc775" />
    <UnitTestResult executionId="24a1c394-b9b7-44fc-b9cd-ff98780904de" testId="f9ed65b0-c117-3307-9d8f-0dc315d8caca" testName="ListarRolAcom_CuandoSeInvoca_DebeRetornarListaDelRepositorio" computerName="IS00694" duration="00:00:00.0010914" startTime="2026-03-10T18:25:19.1834567-05:00" endTime="2026-03-10T18:25:19.1846287-05:00" testType="13cdc9d9-ddb5-4fa4-a97d-d965ccfc6d4b" outcome="Passed" testListId="8c84fa94-04c1-424b-9868-57a2d4851a1d" relativeResultsDirectory="24a1c394-b9b7-44fc-b9cd-ff98780904de" />
    <UnitTestResult executionId="afe4b141-ca6f-4c21-82ea-1c9882a675ac" testId="20ede7db-5992-a118-9b86-66389fd8fc5d" testName="CargarReporteLocalidadVctp_CuandoSeInvoca_DebeEliminarYRegistrarTodosLosItems" computerName="IS00694" duration="00:00:00.0148803" startTime="2026-03-10T18:25:19.4308985-05:00" endTime="2026-03-10T18:25:19.4463431-05:00" testType="13cdc9d9-ddb5-4fa4-a97d-d965ccfc6d4b" outcome="Passed" testListId="8c84fa94-04c1-424b-9868-57a2d4851a1d" relativeResultsDirectory="afe4b141-ca6f-4c21-82ea-1c9882a675ac" />
    <UnitTestResult executionId="b69c8206-8ed6-466c-8a86-7c52ac426a00" testId="cf9e4e3b-e9af-9d28-544a-4afd88369853" testName="ObtenerAgente_CuandoSeInvoca_DebeRetornarAgentePorIdYUsuarioDelRepositorio" computerName="IS00694" duration="00:00:00.0003711" startTime="2026-03-10T18:25:19.5836329-05:00" endTime="2026-03-10T18:25:19.5840898-05:00" testType="13cdc9d9-ddb5-4fa4-a97d-d965ccfc6d4b" outcome="Passed" testListId="8c84fa94-04c1-424b-9868-57a2d4851a1d" relativeResultsDirectory="b69c8206-8ed6-466c-8a86-7c52ac426a00" />
    <UnitTestResult executionId="038ec612-7cc5-4bb7-8457-71d56b34b4f7" testId="13ac8722-3b06-b7de-4ac5-accefede0905" testName="OperacionesContratos_CuandoSeInvocan_DebenDelegarAlRepositorio" computerName="IS00694" duration="00:00:00.0082406" startTime="2026-03-10T18:25:19.3409975-05:00" endTime="2026-03-10T18:25:19.3498932-05:00" testType="13cdc9d9-ddb5-4fa4-a97d-d965ccfc6d4b" outcome="Passed" testListId="8c84fa94-04c1-424b-9868-57a2d4851a1d" relativeResultsDirectory="038ec612-7cc5-4bb7-8457-71d56b34b4f7" />
    <UnitTestResult executionId="f99907e6-ccc3-45b8-97e2-52fca459b829" testId="73b7dd63-a87e-fa41-dc1f-edbffea84e1c" testName="ObtenerDatosSolicitudRPPlus_CuandoSeInvoca_DebeRetornarSolicitudDelRepositorio" computerName="IS00694" duration="00:00:00.0011247" startTime="2026-03-10T18:25:19.2421769-05:00" endTime="2026-03-10T18:25:19.2437873-05:00" testType="13cdc9d9-ddb5-4fa4-a97d-d965ccfc6d4b" outcome="Passed" testListId="8c84fa94-04c1-424b-9868-57a2d4851a1d" relativeResultsDirectory="f99907e6-ccc3-45b8-97e2-52fca459b829" />
    <UnitTestResult executionId="2968d77c-28cb-4cba-8c94-ef355dc91794" testId="d769844c-5f2b-d1d6-4875-ec222039a10b" testName="ConsultasDeUbigeo_CuandoSeInvocan_DebenRetornarDatosDelRepositorio" computerName="IS00694" duration="00:00:00.0028559" startTime="2026-03-10T18:25:19.2782573-05:00" endTime="2026-03-10T18:25:19.2812418-05:00" testType="13cdc9d9-ddb5-4fa4-a97d-d965ccfc6d4b" outcome="Passed" testListId="8c84fa94-04c1-424b-9868-57a2d4851a1d" relativeResultsDirectory="2968d77c-28cb-4cba-8c94-ef355dc91794" />
    <UnitTestResult executionId="9ec53903-5685-4428-9057-cd3fe8e84e0a" testId="f5191f8b-095c-d354-18a2-f4daeef7a93b" testName="ObtenerFlujos_CuandoSeInvoca_DebeRetornarFlujosDelRepositorio" computerName="IS00694" duration="00:00:00.0030615" startTime="2026-03-10T18:25:19.1777688-05:00" endTime="2026-03-10T18:25:19.1808983-05:00" testType="13cdc9d9-ddb5-4fa4-a97d-d965ccfc6d4b" outcome="Passed" testListId="8c84fa94-04c1-424b-9868-57a2d4851a1d" relativeResultsDirectory="9ec53903-5685-4428-9057-cd3fe8e84e0a" />
    <UnitTestResult executionId="f7b0e4a5-735a-4734-a1b7-158e6256850c" testId="6f797c69-d499-2a2b-75ef-6d4db8b536a1" testName="CrearUsuario_CuandoSeInvoca_DebeInvocarRegistrarEnRepositorioConElMismoUsuario" computerName="IS00694" duration="00:00:00.0006892" startTime="2026-03-10T18:25:19.5755566-05:00" endTime="2026-03-10T18:25:19.5764264-05:00" testType="13cdc9d9-ddb5-4fa4-a97d-d965ccfc6d4b" outcome="Passed" testListId="8c84fa94-04c1-424b-9868-57a2d4851a1d" relativeResultsDirectory="f7b0e4a5-735a-4734-a1b7-158e6256850c" />
    <UnitTestResult executionId="1d7c1952-91bf-49d6-b893-baec751a54c7" testId="c9e27eea-1dd5-b140-7a9a-270fe0a9f196" testName="RegistrarDescargaSolicitudes_CuandoSeInvoca_DebeRetornarLoteDelRepositorio" computerName="IS00694" duration="00:00:00.0013449" startTime="2026-03-10T18:25:19.2328509-05:00" endTime="2026-03-10T18:25:19.2343050-05:00" testType="13cdc9d9-ddb5-4fa4-a97d-d965ccfc6d4b" outcome="Passed" testListId="8c84fa94-04c1-424b-9868-57a2d4851a1d" relativeResultsDirectory="1d7c1952-91bf-49d6-b893-baec751a54c7" />
    <UnitTestResult executionId="b8aafa7c-3165-4d72-a569-89e7b5a22bd1" testId="69206a0d-4937-3093-835a-3df234d041de" testName="ListarUsuario_CuandoSeInvoca_DebeRetornarListadoFiltradoDelRepositorio" computerName="IS00694" duration="00:00:00.0004770" startTime="2026-03-10T18:25:19.5813112-05:00" endTime="2026-03-10T18:25:19.5818754-05:00" testType="13cdc9d9-ddb5-4fa4-a97d-d965ccfc6d4b" outcome="Passed" testListId="8c84fa94-04c1-424b-9868-57a2d4851a1d" relativeResultsDirectory="b8aafa7c-3165-4d72-a569-89e7b5a22bd1" />
    <UnitTestResult executionId="c5281317-d51e-405c-9337-914f25275311" testId="44249ed4-ec8d-d5fc-8995-d6013d34e6a3" testName="OperacionesDireccionTelefonoProductoYLog_CuandoSeInvocan_DebenDelegarAlRepositorio" computerName="IS00694" duration="00:00:00.0115259" startTime="2026-03-10T18:25:19.2813401-05:00" endTime="2026-03-10T18:25:19.2933804-05:00" testType="13cdc9d9-ddb5-4fa4-a97d-d965ccfc6d4b" outcome="Passed" testListId="8c84fa94-04c1-424b-9868-57a2d4851a1d" relativeResultsDirectory="c5281317-d51e-405c-9337-914f25275311" />
    <UnitTestResult executionId="466ecf56-f87b-466d-8c56-477aeb0e399a" testId="9cde5b39-10c7-6695-cd56-9cdfcb5322fd" testName="ObtenerTipoCambioYListarRviDireccion_CuandoSeInvocan_DebenRetornarDatosDelRepositorio" computerName="IS00694" duration="00:00:00.0045901" startTime="2026-03-10T18:25:19.4560396-05:00" endTime="2026-03-10T18:25:19.4610197-05:00" testType="13cdc9d9-ddb5-4fa4-a97d-d965ccfc6d4b" outcome="Passed" testListId="8c84fa94-04c1-424b-9868-57a2d4851a1d" relativeResultsDirectory="466ecf56-f87b-466d-8c56-477aeb0e399a" />
    <UnitTestResult executionId="068fc70f-bee2-4752-a510-3a64bf009a2f" testId="dc140974-5b9e-e98c-fe32-b734be8d10a9" testName="SolicitarAcceso_CuandoRepositorioIpLanzaExcepcion_DebeRetornarCodigoErrorTecnico" computerName="IS00694" duration="00:00:00.0006879" startTime="2026-03-10T18:25:19.5658304-05:00" endTime="2026-03-10T18:25:19.5666909-05:00" testType="13cdc9d9-ddb5-4fa4-a97d-d965ccfc6d4b" outcome="Passed" testListId="8c84fa94-04c1-424b-9868-57a2d4851a1d" relativeResultsDirectory="068fc70f-bee2-4752-a510-3a64bf009a2f" />
    <UnitTestResult executionId="027e3333-1f32-4559-a58f-7adda5f0a978" testId="1bcb71f3-2d5e-9d5a-1f38-5b72cb49eb8a" testName="ActualizarAgente_CuandoSeInvoca_DebeActualizarAgenteEnRepositorio" computerName="IS00694" duration="00:00:00.0002957" startTime="2026-03-10T18:25:19.5828045-05:00" endTime="2026-03-10T18:25:19.5831831-05:00" testType="13cdc9d9-ddb5-4fa4-a97d-d965ccfc6d4b" outcome="Passed" testListId="8c84fa94-04c1-424b-9868-57a2d4851a1d" relativeResultsDirectory="027e3333-1f32-4559-a58f-7adda5f0a978" />
    <UnitTestResult executionId="b9ed31f5-6030-4fc8-a599-00db75b206b2" testId="f1c9a06d-9a9e-6851-f660-0ec6f84490bc" testName="ValidarToken_CuandoIpPermitida_DebeRetornarSolicitudDelRepositorio" computerName="IS00694" duration="00:00:00.0007366" startTime="2026-03-10T18:25:19.5667499-05:00" endTime="2026-03-10T18:25:19.5676087-05:00" testType="13cdc9d9-ddb5-4fa4-a97d-d965ccfc6d4b" outcome="Passed" testListId="8c84fa94-04c1-424b-9868-57a2d4851a1d" relativeResultsDirectory="b9ed31f5-6030-4fc8-a599-00db75b206b2" />
    <UnitTestResult executionId="4eb4341d-f319-4b0a-aa38-729fdaf9dd98" testId="a19a4404-8d8e-ced9-5775-33a300aaf907" testName="ListarSolicitudRPPlus_CuandoSeInvoca_DebeRetornarListaDelRepositorio" computerName="IS00694" duration="00:00:00.0026825" startTime="2026-03-10T18:25:19.2390555-05:00" endTime="2026-03-10T18:25:19.2419513-05:00" testType="13cdc9d9-ddb5-4fa4-a97d-d965ccfc6d4b" outcome="Passed" testListId="8c84fa94-04c1-424b-9868-57a2d4851a1d" relativeResultsDirectory="4eb4341d-f319-4b0a-aa38-729fdaf9dd98" />
    <UnitTestResult executionId="f4964e6d-5cf9-442e-b37c-7fac5b453b8b" testId="4b5f6d2f-f0e3-c284-0d5c-bf0d87f93d15" testName="OperacionesCarta_CuandoSeInvocan_DebenRetornarYRegistrarEnRepositorio" computerName="IS00694" duration="00:00:00.0038554" startTime="2026-03-10T18:25:19.3502578-05:00" endTime="2026-03-10T18:25:19.3544206-05:00" testType="13cdc9d9-ddb5-4fa4-a97d-d965ccfc6d4b" outcome="Passed" testListId="8c84fa94-04c1-424b-9868-57a2d4851a1d" relativeResultsDirectory="f4964e6d-5cf9-442e-b37c-7fac5b453b8b" />
    <UnitTestResult executionId="71552f84-ef6a-4c44-8bd2-aef95f517e3c" testId="61468278-a2ea-630c-9bb6-af835d00e099" testName="ObtenerDatosAfiliado_CuandoSeInvoca_DebeRetornarAfiliadoDelRepositorio" computerName="IS00694" duration="00:00:00.0045740" startTime="2026-03-10T18:25:19.1691826-05:00" endTime="2026-03-10T18:25:19.1739369-05:00" testType="13cdc9d9-ddb5-4fa4-a97d-d965ccfc6d4b" outcome="Passed" testListId="8c84fa94-04c1-424b-9868-57a2d4851a1d" relativeResultsDirectory="71552f84-ef6a-4c44-8bd2-aef95f517e3c" />
    <UnitTestResult executionId="6bda71b4-5e5d-4387-8597-a457b1f23a54" testId="e1850e7d-698e-7c3f-33e9-a71aabe03f04" testName="RegistrarCotizaValPar_CuandoSeInvoca_DebeRegistrarEnRepositorio" computerName="IS00694" duration="00:00:00.0258539" startTime="2026-03-10T18:25:19.3146254-05:00" endTime="2026-03-10T18:25:19.3407882-05:00" testType="13cdc9d9-ddb5-4fa4-a97d-d965ccfc6d4b" outcome="Passed" testListId="8c84fa94-04c1-424b-9868-57a2d4851a1d" relativeResultsDirectory="6bda71b4-5e5d-4387-8597-a457b1f23a54" />
    <UnitTestResult executionId="8e29ee8b-b8c9-4302-b90c-82fcccc08d79" testId="e2fee95c-4d65-45d7-852a-a5ce85d78ce4" testName="ObtenerUltimoAgentePorCartera_CuandoSeInvoca_DebeRetornarAgenteDelRepositorio" computerName="IS00694" duration="00:00:00.0002260" startTime="2026-03-10T18:25:19.5853715-05:00" endTime="2026-03-10T18:25:19.5856363-05:00" testType="13cdc9d9-ddb5-4fa4-a97d-d965ccfc6d4b" outcome="Passed" testListId="8c84fa94-04c1-424b-9868-57a2d4851a1d" relativeResultsDirectory="8e29ee8b-b8c9-4302-b90c-82fcccc08d79" />
    <UnitTestResult executionId="17a170ab-3335-44bb-beaf-ce37e2551571" testId="6574d10c-b4ca-efad-9075-1f5804de1a40" testName="ListarSolicitudPorCuspp_CuandoSeInvoca_DebeRetornarListaDelRepositorio" computerName="IS00694" duration="00:00:00.0008200" startTime="2026-03-10T18:25:19.1768004-05:00" endTime="2026-03-10T18:25:19.1777318-05:00" testType="13cdc9d9-ddb5-4fa4-a97d-d965ccfc6d4b" outcome="Passed" testListId="8c84fa94-04c1-424b-9868-57a2d4851a1d" relativeResultsDirectory="17a170ab-3335-44bb-beaf-ce37e2551571" />
    <UnitTestResult executionId="be3691f2-1d9a-4048-a8da-7c963fc2f3d8" testId="cf94caa1-2c8b-26a0-5190-087b66d84fa5" testName="CargarReporteControlCdA_CuandoSeInvoca_DebeEliminarYRegistrarTodosLosItems" computerName="IS00694" duration="00:00:00.0544194" startTime="2026-03-10T18:25:19.3736026-05:00" endTime="2026-03-10T18:25:19.4304298-05:00" testType="13cdc9d9-ddb5-4fa4-a97d-d965ccfc6d4b" outcome="Passed" testListId="8c84fa94-04c1-424b-9868-57a2d4851a1d" relativeResultsDirectory="be3691f2-1d9a-4048-a8da-7c963fc2f3d8" />
    <UnitTestResult executionId="9e8b81fc-335a-41ac-ba4c-b488a7eefa23" testId="85e31138-f88c-12b5-7afc-ac2a7eaf26b0" testName="CrearAgente_CuandoSeInvoca_DebeRegistrarAgenteEnRepositorio" computerName="IS00694" duration="00:00:00.0003178" startTime="2026-03-10T18:25:19.5823725-05:00" endTime="2026-03-10T18:25:19.5827711-05:00" testType="13cdc9d9-ddb5-4fa4-a97d-d965ccfc6d4b" outcome="Passed" testListId="8c84fa94-04c1-424b-9868-57a2d4851a1d" relativeResultsDirectory="9e8b81fc-335a-41ac-ba4c-b488a7eefa23" />
    <UnitTestResult executionId="53dd4df4-4627-45e9-b51f-e674b3ce1513" testId="355ca1ec-ee11-f274-7cf0-d47a6c587c4f" testName="SolicitarAcceso_CuandoIpNoPermitida_DebeRetornarCodigoDenegadoSinRegistrar" computerName="IS00694" duration="00:00:00.1042101" startTime="2026-03-10T18:25:19.4610795-05:00" endTime="2026-03-10T18:25:19.5657417-05:00" testType="13cdc9d9-ddb5-4fa4-a97d-d965ccfc6d4b" outcome="Passed" testListId="8c84fa94-04c1-424b-9868-57a2d4851a1d" relativeResultsDirectory="53dd4df4-4627-45e9-b51f-e674b3ce1513" />
    <UnitTestResult executionId="398bf5ae-319f-47a7-beb5-fbcf3ba120d3" testId="147a3c71-0eb2-3460-a169-3ba2eb9174b7" testName="ObtenerMSAgente_CuandoSeInvoca_DebeRetornarAgenteDelRepositorio" computerName="IS00694" duration="00:00:00.0022992" startTime="2026-03-10T18:25:19.1660644-05:00" endTime="2026-03-10T18:25:19.1687300-05:00" testType="13cdc9d9-ddb5-4fa4-a97d-d965ccfc6d4b" outcome="Passed" testListId="8c84fa94-04c1-424b-9868-57a2d4851a1d" relativeResultsDirectory="398bf5ae-319f-47a7-beb5-fbcf3ba120d3" />
    <UnitTestResult executionId="ca02859d-5465-41b1-b469-45bc217787b9" testId="3ffd6ad4-bb19-859f-7e62-ff5d44d2aafc" testName="EliminarUsuario_CuandoSeInvoca_DebeInvocarEliminarEnRepositorioConElMismoUsuario" computerName="IS00694" duration="00:00:00.0014778" startTime="2026-03-10T18:25:19.5735319-05:00" endTime="2026-03-10T18:25:19.5754685-05:00" testType="13cdc9d9-ddb5-4fa4-a97d-d965ccfc6d4b" outcome="Passed" testListId="8c84fa94-04c1-424b-9868-57a2d4851a1d" relativeResultsDirectory="ca02859d-5465-41b1-b469-45bc217787b9" />
    <UnitTestResult executionId="298181ab-61da-4b72-9374-00bf59d1d452" testId="ade77a81-4124-50ba-3391-272e83c4089d" testName="SolicitudesHabilitadas_CuandoSeInvoca_DebeRetornarCadenaDelRepositorio" computerName="IS00694" duration="00:00:00.0030257" startTime="2026-03-10T18:25:19.2357694-05:00" endTime="2026-03-10T18:25:19.2389794-05:00" testType="13cdc9d9-ddb5-4fa4-a97d-d965ccfc6d4b" outcome="Passed" testListId="8c84fa94-04c1-424b-9868-57a2d4851a1d" relativeResultsDirectory="298181ab-61da-4b72-9374-00bf59d1d452" />
  </Results>
  <TestDefinitions>
    <UnitTest name="SolicitudesHabilitadas_CuandoSeInvoca_DebeRetornarCadenaDelRepositorio" storage="d:\rentas\repo_giane\v2\cwrv\interseguro.cwrv.tests\bin\debug\net9.0\interseguro.cwrv.tests.dll" id="ade77a81-4124-50ba-3391-272e83c4089d">
      <Execution id="298181ab-61da-4b72-9374-00bf59d1d452" />
      <TestMethod codeBase="D:\Rentas\repo_giane\v2\cwrv\Interseguro.CWRV.Tests\bin\Debug\net9.0\Interseguro.CWRV.Tests.dll" adapterTypeName="executor://mstestadapter/v2" className="Interseguro.CWRV.Tests.CotizadorServicioTests" name="SolicitudesHabilitadas_CuandoSeInvoca_DebeRetornarCadenaDelRepositorio" />
    </UnitTest>
    <UnitTest name="ObtenerFlujos_CuandoSeInvoca_DebeRetornarFlujosDelRepositorio" storage="d:\rentas\repo_giane\v2\cwrv\interseguro.cwrv.tests\bin\debug\net9.0\interseguro.cwrv.tests.dll" id="f5191f8b-095c-d354-18a2-f4daeef7a93b">
      <Execution id="9ec53903-5685-4428-9057-cd3fe8e84e0a" />
      <TestMethod codeBase="D:\Rentas\repo_giane\v2\cwrv\Interseguro.CWRV.Tests\bin\Debug\net9.0\Interseguro.CWRV.Tests.dll" adapterTypeName="executor://mstestadapter/v2" className="Interseguro.CWRV.Tests.CotizadorServicioTests" name="ObtenerFlujos_CuandoSeInvoca_DebeRetornarFlujosDelRepositorio" />
    </UnitTest>
    <UnitTest name="OperacionesDireccionTelefonoProductoYLog_CuandoSeInvocan_DebenDelegarAlRepositorio" storage="d:\rentas\repo_giane\v2\cwrv\interseguro.cwrv.tests\bin\debug\net9.0\interseguro.cwrv.tests.dll" id="44249ed4-ec8d-d5fc-8995-d6013d34e6a3">
      <Execution id="c5281317-d51e-405c-9337-914f25275311" />
      <TestMethod codeBase="D:\Rentas\repo_giane\v2\cwrv\Interseguro.CWRV.Tests\bin\Debug\net9.0\Interseguro.CWRV.Tests.dll" adapterTypeName="executor://mstestadapter/v2" className="Interseguro.CWRV.Tests.GeneralesServicioTests" name="OperacionesDireccionTelefonoProductoYLog_CuandoSeInvocan_DebenDelegarAlRepositorio" />
    </UnitTest>
    <UnitTest name="OperacionesCarta_CuandoSeInvocan_DebenRetornarYRegistrarEnRepositorio" storage="d:\rentas\repo_giane\v2\cwrv\interseguro.cwrv.tests\bin\debug\net9.0\interseguro.cwrv.tests.dll" id="4b5f6d2f-f0e3-c284-0d5c-bf0d87f93d15">
      <Execution id="f4964e6d-5cf9-442e-b37c-7fac5b453b8b" />
      <TestMethod codeBase="D:\Rentas\repo_giane\v2\cwrv\Interseguro.CWRV.Tests\bin\Debug\net9.0\Interseguro.CWRV.Tests.dll" adapterTypeName="executor://mstestadapter/v2" className="Interseguro.CWRV.Tests.GeneralesServicioTests" name="OperacionesCarta_CuandoSeInvocan_DebenRetornarYRegistrarEnRepositorio" />
    </UnitTest>
    <UnitTest name="EliminarAgente_CuandoSeInvoca_DebeEliminarAgenteEnRepositorio" storage="d:\rentas\repo_giane\v2\cwrv\interseguro.cwrv.tests\bin\debug\net9.0\interseguro.cwrv.tests.dll" id="d1636ba9-c736-ec80-51b3-3587b293cb31">
      <Execution id="4c00e2e4-a7b6-4b5f-8a65-9a118893e90a" />
      <TestMethod codeBase="D:\Rentas\repo_giane\v2\cwrv\Interseguro.CWRV.Tests\bin\Debug\net9.0\Interseguro.CWRV.Tests.dll" adapterTypeName="executor://mstestadapter/v2" className="Interseguro.CWRV.Tests.UsuarioServicioTests" name="EliminarAgente_CuandoSeInvoca_DebeEliminarAgenteEnRepositorio" />
    </UnitTest>
    <UnitTest name="RegistrarCotizaValPar_CuandoSeInvoca_DebeRegistrarEnRepositorio" storage="d:\rentas\repo_giane\v2\cwrv\interseguro.cwrv.tests\bin\debug\net9.0\interseguro.cwrv.tests.dll" id="e1850e7d-698e-7c3f-33e9-a71aabe03f04">
      <Execution id="6bda71b4-5e5d-4387-8597-a457b1f23a54" />
      <TestMethod codeBase="D:\Rentas\repo_giane\v2\cwrv\Interseguro.CWRV.Tests\bin\Debug\net9.0\Interseguro.CWRV.Tests.dll" adapterTypeName="executor://mstestadapter/v2" className="Interseguro.CWRV.Tests.GeneralesServicioTests" name="RegistrarCotizaValPar_CuandoSeInvoca_DebeRegistrarEnRepositorio" />
    </UnitTest>
    <UnitTest name="ListarGrupoFamiliar_CuandoSeInvoca_DebeRetornarListaDelRepositorio" storage="d:\rentas\repo_giane\v2\cwrv\interseguro.cwrv.tests\bin\debug\net9.0\interseguro.cwrv.tests.dll" id="ec2c3c51-9d4b-1038-844c-f48128b8cc0c">
      <Execution id="3ebf4c2a-02c0-42a0-beb5-a18fb9bd3107" />
      <TestMethod codeBase="D:\Rentas\repo_giane\v2\cwrv\Interseguro.CWRV.Tests\bin\Debug\net9.0\Interseguro.CWRV.Tests.dll" adapterTypeName="executor://mstestadapter/v2" className="Interseguro.CWRV.Tests.CotizadorServicioTests" name="ListarGrupoFamiliar_CuandoSeInvoca_DebeRetornarListaDelRepositorio" />
    </UnitTest>
    <UnitTest name="ObtenerUltimoAgentePorCartera_CuandoSeInvoca_DebeRetornarAgenteDelRepositorio" storage="d:\rentas\repo_giane\v2\cwrv\interseguro.cwrv.tests\bin\debug\net9.0\interseguro.cwrv.tests.dll" id="e2fee95c-4d65-45d7-852a-a5ce85d78ce4">
      <Execution id="8e29ee8b-b8c9-4302-b90c-82fcccc08d79" />
      <TestMethod codeBase="D:\Rentas\repo_giane\v2\cwrv\Interseguro.CWRV.Tests\bin\Debug\net9.0\Interseguro.CWRV.Tests.dll" adapterTypeName="executor://mstestadapter/v2" className="Interseguro.CWRV.Tests.UsuarioServicioTests" name="ObtenerUltimoAgentePorCartera_CuandoSeInvoca_DebeRetornarAgenteDelRepositorio" />
    </UnitTest>
    <UnitTest name="ListarRolAcom_CuandoSeInvoca_DebeRetornarListaDelRepositorio" storage="d:\rentas\repo_giane\v2\cwrv\interseguro.cwrv.tests\bin\debug\net9.0\interseguro.cwrv.tests.dll" id="f9ed65b0-c117-3307-9d8f-0dc315d8caca">
      <Execution id="24a1c394-b9b7-44fc-b9cd-ff98780904de" />
      <TestMethod codeBase="D:\Rentas\repo_giane\v2\cwrv\Interseguro.CWRV.Tests\bin\Debug\net9.0\Interseguro.CWRV.Tests.dll" adapterTypeName="executor://mstestadapter/v2" className="Interseguro.CWRV.Tests.CotizadorServicioTests" name="ListarRolAcom_CuandoSeInvoca_DebeRetornarListaDelRepositorio" />
    </UnitTest>
    <UnitTest name="ActualizarSolicitudAcceso_CuandoSeInvoca_DebeDelegarEnRepositorio" storage="d:\rentas\repo_giane\v2\cwrv\interseguro.cwrv.tests\bin\debug\net9.0\interseguro.cwrv.tests.dll" id="4d7975ff-70cc-4851-34b5-742bcfbf8199">
      <Execution id="ce78eb1e-0211-4731-8210-83e92986c58d" />
      <TestMethod codeBase="D:\Rentas\repo_giane\v2\cwrv\Interseguro.CWRV.Tests\bin\Debug\net9.0\Interseguro.CWRV.Tests.dll" adapterTypeName="executor://mstestadapter/v2" className="Interseguro.CWRV.Tests.SeguridadServicioTests" name="ActualizarSolicitudAcceso_CuandoSeInvoca_DebeDelegarEnRepositorio" />
    </UnitTest>
    <UnitTest name="SolicitarAcceso_CuandoIpNoPermitida_DebeRetornarCodigoDenegadoSinRegistrar" storage="d:\rentas\repo_giane\v2\cwrv\interseguro.cwrv.tests\bin\debug\net9.0\interseguro.cwrv.tests.dll" id="355ca1ec-ee11-f274-7cf0-d47a6c587c4f">
      <Execution id="53dd4df4-4627-45e9-b51f-e674b3ce1513" />
      <TestMethod codeBase="D:\Rentas\repo_giane\v2\cwrv\Interseguro.CWRV.Tests\bin\Debug\net9.0\Interseguro.CWRV.Tests.dll" adapterTypeName="executor://mstestadapter/v2" className="Interseguro.CWRV.Tests.SeguridadServicioTests" name="SolicitarAcceso_CuandoIpNoPermitida_DebeRetornarCodigoDenegadoSinRegistrar" />
    </UnitTest>
    <UnitTest name="CargarReporteControlVctp_CuandoSeInvoca_DebeEliminarYRegistrarTodosLosItems" storage="d:\rentas\repo_giane\v2\cwrv\interseguro.cwrv.tests\bin\debug\net9.0\interseguro.cwrv.tests.dll" id="50bfc6fc-e740-9180-853e-f11434ba028f">
      <Execution id="be1ad9cc-2e95-45cd-9a8b-b2f47befc775" />
      <TestMethod codeBase="D:\Rentas\repo_giane\v2\cwrv\Interseguro.CWRV.Tests\bin\Debug\net9.0\Interseguro.CWRV.Tests.dll" adapterTypeName="executor://mstestadapter/v2" className="Interseguro.CWRV.Tests.GeneralesServicioTests" name="CargarReporteControlVctp_CuandoSeInvoca_DebeEliminarYRegistrarTodosLosItems" />
    </UnitTest>
    <UnitTest name="ListarAgentes_CuandoSeInvoca_DebeRetornarListadoDelRepositorio" storage="d:\rentas\repo_giane\v2\cwrv\interseguro.cwrv.tests\bin\debug\net9.0\interseguro.cwrv.tests.dll" id="7ceb55cc-4c13-504c-b156-2907682297c7">
      <Execution id="fa0f1620-33ee-48b3-88b1-633a528f8648" />
      <TestMethod codeBase="D:\Rentas\repo_giane\v2\cwrv\Interseguro.CWRV.Tests\bin\Debug\net9.0\Interseguro.CWRV.Tests.dll" adapterTypeName="executor://mstestadapter/v2" className="Interseguro.CWRV.Tests.UsuarioServicioTests" name="ListarAgentes_CuandoSeInvoca_DebeRetornarListadoDelRepositorio" />
    </UnitTest>
    <UnitTest name="ObtenerAgente_CuandoSeInvoca_DebeRetornarAgentePorIdYUsuarioDelRepositorio" storage="d:\rentas\repo_giane\v2\cwrv\interseguro.cwrv.tests\bin\debug\net9.0\interseguro.cwrv.tests.dll" id="cf9e4e3b-e9af-9d28-544a-4afd88369853">
      <Execution id="b69c8206-8ed6-466c-8a86-7c52ac426a00" />
      <TestMethod codeBase="D:\Rentas\repo_giane\v2\cwrv\Interseguro.CWRV.Tests\bin\Debug\net9.0\Interseguro.CWRV.Tests.dll" adapterTypeName="executor://mstestadapter/v2" className="Interseguro.CWRV.Tests.UsuarioServicioTests" name="ObtenerAgente_CuandoSeInvoca_DebeRetornarAgentePorIdYUsuarioDelRepositorio" />
    </UnitTest>
    <UnitTest name="ValidarToken_CuandoIpPermitida_DebeRetornarSolicitudDelRepositorio" storage="d:\rentas\repo_giane\v2\cwrv\interseguro.cwrv.tests\bin\debug\net9.0\interseguro.cwrv.tests.dll" id="f1c9a06d-9a9e-6851-f660-0ec6f84490bc">
      <Execution id="b9ed31f5-6030-4fc8-a599-00db75b206b2" />
      <TestMethod codeBase="D:\Rentas\repo_giane\v2\cwrv\Interseguro.CWRV.Tests\bin\Debug\net9.0\Interseguro.CWRV.Tests.dll" adapterTypeName="executor://mstestadapter/v2" className="Interseguro.CWRV.Tests.SeguridadServicioTests" name="ValidarToken_CuandoIpPermitida_DebeRetornarSolicitudDelRepositorio" />
    </UnitTest>
    <UnitTest name="ObtenerCombobox_CuandoSeInvoca_DebeRetornarDatosDelRepositorio" storage="d:\rentas\repo_giane\v2\cwrv\interseguro.cwrv.tests\bin\debug\net9.0\interseguro.cwrv.tests.dll" id="04d142ec-b429-589d-30ee-cdd68e6b2e85">
      <Execution id="6066856e-1022-498c-8adb-a1bfbb3102e4" />
      <TestMethod codeBase="D:\Rentas\repo_giane\v2\cwrv\Interseguro.CWRV.Tests\bin\Debug\net9.0\Interseguro.CWRV.Tests.dll" adapterTypeName="executor://mstestadapter/v2" className="Interseguro.CWRV.Tests.GeneralesServicioTests" name="ObtenerCombobox_CuandoSeInvoca_DebeRetornarDatosDelRepositorio" />
    </UnitTest>
    <UnitTest name="ConsultarGestionVentas_CuandoSeInvoca_DebeRetornarListaDelRepositorio" storage="d:\rentas\repo_giane\v2\cwrv\interseguro.cwrv.tests\bin\debug\net9.0\interseguro.cwrv.tests.dll" id="0ebebc15-a867-543e-62ed-0bb4568ab994">
      <Execution id="8fe0c478-3aeb-4868-94d0-f078791a19e7" />
      <TestMethod codeBase="D:\Rentas\repo_giane\v2\cwrv\Interseguro.CWRV.Tests\bin\Debug\net9.0\Interseguro.CWRV.Tests.dll" adapterTypeName="executor://mstestadapter/v2" className="Interseguro.CWRV.Tests.CotizadorServicioTests" name="ConsultarGestionVentas_CuandoSeInvoca_DebeRetornarListaDelRepositorio" />
    </UnitTest>
    <UnitTest name="ListarSolicitudPorCuspp_CuandoSeInvoca_DebeRetornarListaDelRepositorio" storage="d:\rentas\repo_giane\v2\cwrv\interseguro.cwrv.tests\bin\debug\net9.0\interseguro.cwrv.tests.dll" id="6574d10c-b4ca-efad-9075-1f5804de1a40">
      <Execution id="17a170ab-3335-44bb-beaf-ce37e2551571" />
      <TestMethod codeBase="D:\Rentas\repo_giane\v2\cwrv\Interseguro.CWRV.Tests\bin\Debug\net9.0\Interseguro.CWRV.Tests.dll" adapterTypeName="executor://mstestadapter/v2" className="Interseguro.CWRV.Tests.CotizadorServicioTests" name="ListarSolicitudPorCuspp_CuandoSeInvoca_DebeRetornarListaDelRepositorio" />
    </UnitTest>
    <UnitTest name="ActualizarAgente_CuandoSeInvoca_DebeActualizarAgenteEnRepositorio" storage="d:\rentas\repo_giane\v2\cwrv\interseguro.cwrv.tests\bin\debug\net9.0\interseguro.cwrv.tests.dll" id="1bcb71f3-2d5e-9d5a-1f38-5b72cb49eb8a">
      <Execution id="027e3333-1f32-4559-a58f-7adda5f0a978" />
      <TestMethod codeBase="D:\Rentas\repo_giane\v2\cwrv\Interseguro.CWRV.Tests\bin\Debug\net9.0\Interseguro.CWRV.Tests.dll" adapterTypeName="executor://mstestadapter/v2" className="Interseguro.CWRV.Tests.UsuarioServicioTests" name="ActualizarAgente_CuandoSeInvoca_DebeActualizarAgenteEnRepositorio" />
    </UnitTest>
    <UnitTest name="CargarReporteLocalidadVctp_CuandoSeInvoca_DebeEliminarYRegistrarTodosLosItems" storage="d:\rentas\repo_giane\v2\cwrv\interseguro.cwrv.tests\bin\debug\net9.0\interseguro.cwrv.tests.dll" id="20ede7db-5992-a118-9b86-66389fd8fc5d">
      <Execution id="afe4b141-ca6f-4c21-82ea-1c9882a675ac" />
      <TestMethod codeBase="D:\Rentas\repo_giane\v2\cwrv\Interseguro.CWRV.Tests\bin\Debug\net9.0\Interseguro.CWRV.Tests.dll" adapterTypeName="executor://mstestadapter/v2" className="Interseguro.CWRV.Tests.GeneralesServicioTests" name="CargarReporteLocalidadVctp_CuandoSeInvoca_DebeEliminarYRegistrarTodosLosItems" />
    </UnitTest>
    <UnitTest name="ConsultasTra_CuandoSeInvocan_DebenRetornarDatosDelRepositorio" storage="d:\rentas\repo_giane\v2\cwrv\interseguro.cwrv.tests\bin\debug\net9.0\interseguro.cwrv.tests.dll" id="8795b4cc-a07c-5bd3-c22c-b51712b23ba7">
      <Execution id="f4e9c098-e7a2-40cc-82c2-2f440af78990" />
      <TestMethod codeBase="D:\Rentas\repo_giane\v2\cwrv\Interseguro.CWRV.Tests\bin\Debug\net9.0\Interseguro.CWRV.Tests.dll" adapterTypeName="executor://mstestadapter/v2" className="Interseguro.CWRV.Tests.GeneralesServicioTests" name="ConsultasTra_CuandoSeInvocan_DebenRetornarDatosDelRepositorio" />
    </UnitTest>
    <UnitTest name="ListarUsuario_CuandoSeInvoca_DebeRetornarListadoFiltradoDelRepositorio" storage="d:\rentas\repo_giane\v2\cwrv\interseguro.cwrv.tests\bin\debug\net9.0\interseguro.cwrv.tests.dll" id="69206a0d-4937-3093-835a-3df234d041de">
      <Execution id="b8aafa7c-3165-4d72-a569-89e7b5a22bd1" />
      <TestMethod codeBase="D:\Rentas\repo_giane\v2\cwrv\Interseguro.CWRV.Tests\bin\Debug\net9.0\Interseguro.CWRV.Tests.dll" adapterTypeName="executor://mstestadapter/v2" className="Interseguro.CWRV.Tests.UsuarioServicioTests" name="ListarUsuario_CuandoSeInvoca_DebeRetornarListadoFiltradoDelRepositorio" />
    </UnitTest>
    <UnitTest name="ObtenerMSAgente_CuandoSeInvoca_DebeRetornarAgenteDelRepositorio" storage="d:\rentas\repo_giane\v2\cwrv\interseguro.cwrv.tests\bin\debug\net9.0\interseguro.cwrv.tests.dll" id="147a3c71-0eb2-3460-a169-3ba2eb9174b7">
      <Execution id="398bf5ae-319f-47a7-beb5-fbcf3ba120d3" />
      <TestMethod codeBase="D:\Rentas\repo_giane\v2\cwrv\Interseguro.CWRV.Tests\bin\Debug\net9.0\Interseguro.CWRV.Tests.dll" adapterTypeName="executor://mstestadapter/v2" className="Interseguro.CWRV.Tests.CotizadorServicioTests" name="ObtenerMSAgente_CuandoSeInvoca_DebeRetornarAgenteDelRepositorio" />
    </UnitTest>
    <UnitTest name="ObtenerUsuarios_CuandoSeInvoca_DebeRetornarListadoDelRepositorio" storage="d:\rentas\repo_giane\v2\cwrv\interseguro.cwrv.tests\bin\debug\net9.0\interseguro.cwrv.tests.dll" id="91986196-0832-7e79-6fb5-a686ca827db8">
      <Execution id="c11eee83-19c8-46d0-8660-4ef9babbed9e" />
      <TestMethod codeBase="D:\Rentas\repo_giane\v2\cwrv\Interseguro.CWRV.Tests\bin\Debug\net9.0\Interseguro.CWRV.Tests.dll" adapterTypeName="executor://mstestadapter/v2" className="Interseguro.CWRV.Tests.UsuarioServicioTests" name="ObtenerUsuarios_CuandoSeInvoca_DebeRetornarListadoDelRepositorio" />
    </UnitTest>
    <UnitTest name="RegistrarDescargaSolicitudes_CuandoSeInvoca_DebeRetornarLoteDelRepositorio" storage="d:\rentas\repo_giane\v2\cwrv\interseguro.cwrv.tests\bin\debug\net9.0\interseguro.cwrv.tests.dll" id="c9e27eea-1dd5-b140-7a9a-270fe0a9f196">
      <Execution id="1d7c1952-91bf-49d6-b893-baec751a54c7" />
      <TestMethod codeBase="D:\Rentas\repo_giane\v2\cwrv\Interseguro.CWRV.Tests\bin\Debug\net9.0\Interseguro.CWRV.Tests.dll" adapterTypeName="executor://mstestadapter/v2" className="Interseguro.CWRV.Tests.CotizadorServicioTests" name="RegistrarDescargaSolicitudes_CuandoSeInvoca_DebeRetornarLoteDelRepositorio" />
    </UnitTest>
    <UnitTest name="ObtenerDatosAfiliado_CuandoSeInvoca_DebeRetornarAfiliadoDelRepositorio" storage="d:\rentas\repo_giane\v2\cwrv\interseguro.cwrv.tests\bin\debug\net9.0\interseguro.cwrv.tests.dll" id="61468278-a2ea-630c-9bb6-af835d00e099">
      <Execution id="71552f84-ef6a-4c44-8bd2-aef95f517e3c" />
      <TestMethod codeBase="D:\Rentas\repo_giane\v2\cwrv\Interseguro.CWRV.Tests\bin\Debug\net9.0\Interseguro.CWRV.Tests.dll" adapterTypeName="executor://mstestadapter/v2" className="Interseguro.CWRV.Tests.CotizadorServicioTests" name="ObtenerDatosAfiliado_CuandoSeInvoca_DebeRetornarAfiliadoDelRepositorio" />
    </UnitTest>
    <UnitTest name="ConsultasDeUbigeo_CuandoSeInvocan_DebenRetornarDatosDelRepositorio" storage="d:\rentas\repo_giane\v2\cwrv\interseguro.cwrv.tests\bin\debug\net9.0\interseguro.cwrv.tests.dll" id="d769844c-5f2b-d1d6-4875-ec222039a10b">
      <Execution id="2968d77c-28cb-4cba-8c94-ef355dc91794" />
      <TestMethod codeBase="D:\Rentas\repo_giane\v2\cwrv\Interseguro.CWRV.Tests\bin\Debug\net9.0\Interseguro.CWRV.Tests.dll" adapterTypeName="executor://mstestadapter/v2" className="Interseguro.CWRV.Tests.GeneralesServicioTests" name="ConsultasDeUbigeo_CuandoSeInvocan_DebenRetornarDatosDelRepositorio" />
    </UnitTest>
    <UnitTest name="EliminarUsuario_CuandoSeInvoca_DebeInvocarEliminarEnRepositorioConElMismoUsuario" storage="d:\rentas\repo_giane\v2\cwrv\interseguro.cwrv.tests\bin\debug\net9.0\interseguro.cwrv.tests.dll" id="3ffd6ad4-bb19-859f-7e62-ff5d44d2aafc">
      <Execution id="ca02859d-5465-41b1-b469-45bc217787b9" />
      <TestMethod codeBase="D:\Rentas\repo_giane\v2\cwrv\Interseguro.CWRV.Tests\bin\Debug\net9.0\Interseguro.CWRV.Tests.dll" adapterTypeName="executor://mstestadapter/v2" className="Interseguro.CWRV.Tests.UsuarioServicioTests" name="EliminarUsuario_CuandoSeInvoca_DebeInvocarEliminarEnRepositorioConElMismoUsuario" />
    </UnitTest>
    <UnitTest name="ObtenerUsuario_CuandoSeInvoca_DebeRetornarUsuarioPorIdDelRepositorio" storage="d:\rentas\repo_giane\v2\cwrv\interseguro.cwrv.tests\bin\debug\net9.0\interseguro.cwrv.tests.dll" id="77eb9982-f923-7723-4988-63311ce16ec6">
      <Execution id="4356ddcb-f204-492d-915d-53c51fa86e97" />
      <TestMethod codeBase="D:\Rentas\repo_giane\v2\cwrv\Interseguro.CWRV.Tests\bin\Debug\net9.0\Interseguro.CWRV.Tests.dll" adapterTypeName="executor://mstestadapter/v2" className="Interseguro.CWRV.Tests.UsuarioServicioTests" name="ObtenerUsuario_CuandoSeInvoca_DebeRetornarUsuarioPorIdDelRepositorio" />
    </UnitTest>
    <UnitTest name="SolicitarAcceso_CuandoRepositorioIpLanzaExcepcion_DebeRetornarCodigoErrorTecnico" storage="d:\rentas\repo_giane\v2\cwrv\interseguro.cwrv.tests\bin\debug\net9.0\interseguro.cwrv.tests.dll" id="dc140974-5b9e-e98c-fe32-b734be8d10a9">
      <Execution id="068fc70f-bee2-4752-a510-3a64bf009a2f" />
      <TestMethod codeBase="D:\Rentas\repo_giane\v2\cwrv\Interseguro.CWRV.Tests\bin\Debug\net9.0\Interseguro.CWRV.Tests.dll" adapterTypeName="executor://mstestadapter/v2" className="Interseguro.CWRV.Tests.SeguridadServicioTests" name="SolicitarAcceso_CuandoRepositorioIpLanzaExcepcion_DebeRetornarCodigoErrorTecnico" />
    </UnitTest>
    <UnitTest name="ObtenerSupervisorAgente_CuandoSeInvoca_DebeRetornarSupervisorDelRepositorio" storage="d:\rentas\repo_giane\v2\cwrv\interseguro.cwrv.tests\bin\debug\net9.0\interseguro.cwrv.tests.dll" id="9888b650-8e26-94e2-f453-35c86958c9aa">
      <Execution id="f366fd61-a198-4a61-806a-6ca3470a1244" />
      <TestMethod codeBase="D:\Rentas\repo_giane\v2\cwrv\Interseguro.CWRV.Tests\bin\Debug\net9.0\Interseguro.CWRV.Tests.dll" adapterTypeName="executor://mstestadapter/v2" className="Interseguro.CWRV.Tests.UsuarioServicioTests" name="ObtenerSupervisorAgente_CuandoSeInvoca_DebeRetornarSupervisorDelRepositorio" />
    </UnitTest>
    <UnitTest name="CargarReporteControlCdA_CuandoSeInvoca_DebeEliminarYRegistrarTodosLosItems" storage="d:\rentas\repo_giane\v2\cwrv\interseguro.cwrv.tests\bin\debug\net9.0\interseguro.cwrv.tests.dll" id="cf94caa1-2c8b-26a0-5190-087b66d84fa5">
      <Execution id="be3691f2-1d9a-4048-a8da-7c963fc2f3d8" />
      <TestMethod codeBase="D:\Rentas\repo_giane\v2\cwrv\Interseguro.CWRV.Tests\bin\Debug\net9.0\Interseguro.CWRV.Tests.dll" adapterTypeName="executor://mstestadapter/v2" className="Interseguro.CWRV.Tests.GeneralesServicioTests" name="CargarReporteControlCdA_CuandoSeInvoca_DebeEliminarYRegistrarTodosLosItems" />
    </UnitTest>
    <UnitTest name="ObtenerPreCubo_CuandoSeInvoca_DebeRetornarReporteDelRepositorio" storage="d:\rentas\repo_giane\v2\cwrv\interseguro.cwrv.tests\bin\debug\net9.0\interseguro.cwrv.tests.dll" id="34c54c93-997c-4686-fd8a-730343abcf24">
      <Execution id="2bbf310c-1ec5-4d94-920d-97f9b79725d7" />
      <TestMethod codeBase="D:\Rentas\repo_giane\v2\cwrv\Interseguro.CWRV.Tests\bin\Debug\net9.0\Interseguro.CWRV.Tests.dll" adapterTypeName="executor://mstestadapter/v2" className="Interseguro.CWRV.Tests.CotizadorServicioTests" name="ObtenerPreCubo_CuandoSeInvoca_DebeRetornarReporteDelRepositorio" />
    </UnitTest>
    <UnitTest name="ListarAgenteExterno_CuandoSeInvoca_DebeRetornarListadoDelRepositorio" storage="d:\rentas\repo_giane\v2\cwrv\interseguro.cwrv.tests\bin\debug\net9.0\interseguro.cwrv.tests.dll" id="070a3d05-3f81-83d9-4665-0d50aea39e12">
      <Execution id="8bb4e884-cdcd-46bf-93ed-c548189beef3" />
      <TestMethod codeBase="D:\Rentas\repo_giane\v2\cwrv\Interseguro.CWRV.Tests\bin\Debug\net9.0\Interseguro.CWRV.Tests.dll" adapterTypeName="executor://mstestadapter/v2" className="Interseguro.CWRV.Tests.UsuarioServicioTests" name="ListarAgenteExterno_CuandoSeInvoca_DebeRetornarListadoDelRepositorio" />
    </UnitTest>
    <UnitTest name="ListarSolicitudRPPlus_CuandoSeInvoca_DebeRetornarListaDelRepositorio" storage="d:\rentas\repo_giane\v2\cwrv\interseguro.cwrv.tests\bin\debug\net9.0\interseguro.cwrv.tests.dll" id="a19a4404-8d8e-ced9-5775-33a300aaf907">
      <Execution id="4eb4341d-f319-4b0a-aa38-729fdaf9dd98" />
      <TestMethod codeBase="D:\Rentas\repo_giane\v2\cwrv\Interseguro.CWRV.Tests\bin\Debug\net9.0\Interseguro.CWRV.Tests.dll" adapterTypeName="executor://mstestadapter/v2" className="Interseguro.CWRV.Tests.CotizadorServicioTests" name="ListarSolicitudRPPlus_CuandoSeInvoca_DebeRetornarListaDelRepositorio" />
    </UnitTest>
    <UnitTest name="OperacionesMontoCicYParametro_CuandoSeInvocan_DebenDelegarAlRepositorio" storage="d:\rentas\repo_giane\v2\cwrv\interseguro.cwrv.tests\bin\debug\net9.0\interseguro.cwrv.tests.dll" id="5c9da046-8715-9201-09a3-9d9b6c2d04c2">
      <Execution id="42538c42-098d-4487-bd10-c43bf9a24bf6" />
      <TestMethod codeBase="D:\Rentas\repo_giane\v2\cwrv\Interseguro.CWRV.Tests\bin\Debug\net9.0\Interseguro.CWRV.Tests.dll" adapterTypeName="executor://mstestadapter/v2" className="Interseguro.CWRV.Tests.GeneralesServicioTests" name="OperacionesMontoCicYParametro_CuandoSeInvocan_DebenDelegarAlRepositorio" />
    </UnitTest>
    <UnitTest name="ObtenerJerarquiaAgente_CuandoSeInvoca_DebeRetornarJerarquiaDelRepositorio" storage="d:\rentas\repo_giane\v2\cwrv\interseguro.cwrv.tests\bin\debug\net9.0\interseguro.cwrv.tests.dll" id="56df96f7-0235-ce29-b357-20a7bb374113">
      <Execution id="ad7b8cde-ffe5-4514-88ad-145f3ae7dde6" />
      <TestMethod codeBase="D:\Rentas\repo_giane\v2\cwrv\Interseguro.CWRV.Tests\bin\Debug\net9.0\Interseguro.CWRV.Tests.dll" adapterTypeName="executor://mstestadapter/v2" className="Interseguro.CWRV.Tests.UsuarioServicioTests" name="ObtenerJerarquiaAgente_CuandoSeInvoca_DebeRetornarJerarquiaDelRepositorio" />
    </UnitTest>
    <UnitTest name="ConsultasDeParametros_CuandoSeInvocan_DebenRetornarDatosDelRepositorio" storage="d:\rentas\repo_giane\v2\cwrv\interseguro.cwrv.tests\bin\debug\net9.0\interseguro.cwrv.tests.dll" id="d030c934-4f6a-83d3-b336-607b8c82095c">
      <Execution id="4ba58a6a-54fe-4e93-8e28-a1bfe576deaa" />
      <TestMethod codeBase="D:\Rentas\repo_giane\v2\cwrv\Interseguro.CWRV.Tests\bin\Debug\net9.0\Interseguro.CWRV.Tests.dll" adapterTypeName="executor://mstestadapter/v2" className="Interseguro.CWRV.Tests.GeneralesServicioTests" name="ConsultasDeParametros_CuandoSeInvocan_DebenRetornarDatosDelRepositorio" />
    </UnitTest>
    <UnitTest name="ObtenerDatosSolicitudRPPlus_CuandoSeInvoca_DebeRetornarSolicitudDelRepositorio" storage="d:\rentas\repo_giane\v2\cwrv\interseguro.cwrv.tests\bin\debug\net9.0\interseguro.cwrv.tests.dll" id="73b7dd63-a87e-fa41-dc1f-edbffea84e1c">
      <Execution id="f99907e6-ccc3-45b8-97e2-52fca459b829" />
      <TestMethod codeBase="D:\Rentas\repo_giane\v2\cwrv\Interseguro.CWRV.Tests\bin\Debug\net9.0\Interseguro.CWRV.Tests.dll" adapterTypeName="executor://mstestadapter/v2" className="Interseguro.CWRV.Tests.CotizadorServicioTests" name="ObtenerDatosSolicitudRPPlus_CuandoSeInvoca_DebeRetornarSolicitudDelRepositorio" />
    </UnitTest>
    <UnitTest name="ObtenerNumAgente_CuandoSeInvoca_DebeRetornarValorDelRepositorio" storage="d:\rentas\repo_giane\v2\cwrv\interseguro.cwrv.tests\bin\debug\net9.0\interseguro.cwrv.tests.dll" id="e146cdb7-09f5-dac9-e8fc-d0b887a13fda">
      <Execution id="43ac2b19-6fc6-4fb1-be3a-879e41f8b808" />
      <TestMethod codeBase="D:\Rentas\repo_giane\v2\cwrv\Interseguro.CWRV.Tests\bin\Debug\net9.0\Interseguro.CWRV.Tests.dll" adapterTypeName="executor://mstestadapter/v2" className="Interseguro.CWRV.Tests.UsuarioServicioTests" name="ObtenerNumAgente_CuandoSeInvoca_DebeRetornarValorDelRepositorio" />
    </UnitTest>
    <UnitTest name="ValidaFlujoSolicitudRol_CuandoSeInvoca_DebeRetornarValorDelRepositorio" storage="d:\rentas\repo_giane\v2\cwrv\interseguro.cwrv.tests\bin\debug\net9.0\interseguro.cwrv.tests.dll" id="45cf31fc-e3a5-99c5-c6cb-72217df37186">
      <Execution id="42f91148-e6ec-4cb3-83f2-79f284964cb4" />
      <TestMethod codeBase="D:\Rentas\repo_giane\v2\cwrv\Interseguro.CWRV.Tests\bin\Debug\net9.0\Interseguro.CWRV.Tests.dll" adapterTypeName="executor://mstestadapter/v2" className="Interseguro.CWRV.Tests.CotizadorServicioTests" name="ValidaFlujoSolicitudRol_CuandoSeInvoca_DebeRetornarValorDelRepositorio" />
    </UnitTest>
    <UnitTest name="ValidarToken_CuandoIpNoPermitida_DebeLanzarExcepcion" storage="d:\rentas\repo_giane\v2\cwrv\interseguro.cwrv.tests\bin\debug\net9.0\interseguro.cwrv.tests.dll" id="3ef8b5cf-8707-c2cc-29ee-d6824288eeb0">
      <Execution id="81ca08ad-18de-4e7b-8dc8-37df84a4692b" />
      <TestMethod codeBase="D:\Rentas\repo_giane\v2\cwrv\Interseguro.CWRV.Tests\bin\Debug\net9.0\Interseguro.CWRV.Tests.dll" adapterTypeName="executor://mstestadapter/v2" className="Interseguro.CWRV.Tests.SeguridadServicioTests" name="ValidarToken_CuandoIpNoPermitida_DebeLanzarExcepcion" />
    </UnitTest>
    <UnitTest name="ValidacionesCarga_CuandoSeInvocan_DebenRetornarValorDelRepositorio" storage="d:\rentas\repo_giane\v2\cwrv\interseguro.cwrv.tests\bin\debug\net9.0\interseguro.cwrv.tests.dll" id="1b2ee0d0-c603-25eb-682b-35dfa6c2916f">
      <Execution id="1cc03139-622e-4847-9117-bda48b0a38cb" />
      <TestMethod codeBase="D:\Rentas\repo_giane\v2\cwrv\Interseguro.CWRV.Tests\bin\Debug\net9.0\Interseguro.CWRV.Tests.dll" adapterTypeName="executor://mstestadapter/v2" className="Interseguro.CWRV.Tests.GeneralesServicioTests" name="ValidacionesCarga_CuandoSeInvocan_DebenRetornarValorDelRepositorio" />
    </UnitTest>
    <UnitTest name="ObtenerDatosAnticipo_CuandoSeInvoca_DebeRetornarAnticipoDelRepositorio" storage="d:\rentas\repo_giane\v2\cwrv\interseguro.cwrv.tests\bin\debug\net9.0\interseguro.cwrv.tests.dll" id="373b0c6d-9e9e-0405-4052-9feda277e6e7">
      <Execution id="53455193-f864-4d4b-9d87-046fb4374561" />
      <TestMethod codeBase="D:\Rentas\repo_giane\v2\cwrv\Interseguro.CWRV.Tests\bin\Debug\net9.0\Interseguro.CWRV.Tests.dll" adapterTypeName="executor://mstestadapter/v2" className="Interseguro.CWRV.Tests.CotizadorServicioTests" name="ObtenerDatosAnticipo_CuandoSeInvoca_DebeRetornarAnticipoDelRepositorio" />
    </UnitTest>
    <UnitTest name="CrearUsuario_CuandoSeInvoca_DebeInvocarRegistrarEnRepositorioConElMismoUsuario" storage="d:\rentas\repo_giane\v2\cwrv\interseguro.cwrv.tests\bin\debug\net9.0\interseguro.cwrv.tests.dll" id="6f797c69-d499-2a2b-75ef-6d4db8b536a1">
      <Execution id="f7b0e4a5-735a-4734-a1b7-158e6256850c" />
      <TestMethod codeBase="D:\Rentas\repo_giane\v2\cwrv\Interseguro.CWRV.Tests\bin\Debug\net9.0\Interseguro.CWRV.Tests.dll" adapterTypeName="executor://mstestadapter/v2" className="Interseguro.CWRV.Tests.UsuarioServicioTests" name="CrearUsuario_CuandoSeInvoca_DebeInvocarRegistrarEnRepositorioConElMismoUsuario" />
    </UnitTest>
    <UnitTest name="ObtenerTipoCambioYListarRviDireccion_CuandoSeInvocan_DebenRetornarDatosDelRepositorio" storage="d:\rentas\repo_giane\v2\cwrv\interseguro.cwrv.tests\bin\debug\net9.0\interseguro.cwrv.tests.dll" id="9cde5b39-10c7-6695-cd56-9cdfcb5322fd">
      <Execution id="466ecf56-f87b-466d-8c56-477aeb0e399a" />
      <TestMethod codeBase="D:\Rentas\repo_giane\v2\cwrv\Interseguro.CWRV.Tests\bin\Debug\net9.0\Interseguro.CWRV.Tests.dll" adapterTypeName="executor://mstestadapter/v2" className="Interseguro.CWRV.Tests.GeneralesServicioTests" name="ObtenerTipoCambioYListarRviDireccion_CuandoSeInvocan_DebenRetornarDatosDelRepositorio" />
    </UnitTest>
    <UnitTest name="CrearAgente_CuandoSeInvoca_DebeRegistrarAgenteEnRepositorio" storage="d:\rentas\repo_giane\v2\cwrv\interseguro.cwrv.tests\bin\debug\net9.0\interseguro.cwrv.tests.dll" id="85e31138-f88c-12b5-7afc-ac2a7eaf26b0">
      <Execution id="9e8b81fc-335a-41ac-ba4c-b488a7eefa23" />
      <TestMethod codeBase="D:\Rentas\repo_giane\v2\cwrv\Interseguro.CWRV.Tests\bin\Debug\net9.0\Interseguro.CWRV.Tests.dll" adapterTypeName="executor://mstestadapter/v2" className="Interseguro.CWRV.Tests.UsuarioServicioTests" name="CrearAgente_CuandoSeInvoca_DebeRegistrarAgenteEnRepositorio" />
    </UnitTest>
    <UnitTest name="OperacionesContratos_CuandoSeInvocan_DebenDelegarAlRepositorio" storage="d:\rentas\repo_giane\v2\cwrv\interseguro.cwrv.tests\bin\debug\net9.0\interseguro.cwrv.tests.dll" id="13ac8722-3b06-b7de-4ac5-accefede0905">
      <Execution id="038ec612-7cc5-4bb7-8457-71d56b34b4f7" />
      <TestMethod codeBase="D:\Rentas\repo_giane\v2\cwrv\Interseguro.CWRV.Tests\bin\Debug\net9.0\Interseguro.CWRV.Tests.dll" adapterTypeName="executor://mstestadapter/v2" className="Interseguro.CWRV.Tests.GeneralesServicioTests" name="OperacionesContratos_CuandoSeInvocan_DebenDelegarAlRepositorio" />
    </UnitTest>
  </TestDefinitions>
  <TestEntries>
    <TestEntry testId="ec2c3c51-9d4b-1038-844c-f48128b8cc0c" executionId="3ebf4c2a-02c0-42a0-beb5-a18fb9bd3107" testListId="8c84fa94-04c1-424b-9868-57a2d4851a1d" />
    <TestEntry testId="d030c934-4f6a-83d3-b336-607b8c82095c" executionId="4ba58a6a-54fe-4e93-8e28-a1bfe576deaa" testListId="8c84fa94-04c1-424b-9868-57a2d4851a1d" />
    <TestEntry testId="373b0c6d-9e9e-0405-4052-9feda277e6e7" executionId="53455193-f864-4d4b-9d87-046fb4374561" testListId="8c84fa94-04c1-424b-9868-57a2d4851a1d" />
    <TestEntry testId="0ebebc15-a867-543e-62ed-0bb4568ab994" executionId="8fe0c478-3aeb-4868-94d0-f078791a19e7" testListId="8c84fa94-04c1-424b-9868-57a2d4851a1d" />
    <TestEntry testId="e146cdb7-09f5-dac9-e8fc-d0b887a13fda" executionId="43ac2b19-6fc6-4fb1-be3a-879e41f8b808" testListId="8c84fa94-04c1-424b-9868-57a2d4851a1d" />
    <TestEntry testId="7ceb55cc-4c13-504c-b156-2907682297c7" executionId="fa0f1620-33ee-48b3-88b1-633a528f8648" testListId="8c84fa94-04c1-424b-9868-57a2d4851a1d" />
    <TestEntry testId="56df96f7-0235-ce29-b357-20a7bb374113" executionId="ad7b8cde-ffe5-4514-88ad-145f3ae7dde6" testListId="8c84fa94-04c1-424b-9868-57a2d4851a1d" />
    <TestEntry testId="070a3d05-3f81-83d9-4665-0d50aea39e12" executionId="8bb4e884-cdcd-46bf-93ed-c548189beef3" testListId="8c84fa94-04c1-424b-9868-57a2d4851a1d" />
    <TestEntry testId="91986196-0832-7e79-6fb5-a686ca827db8" executionId="c11eee83-19c8-46d0-8660-4ef9babbed9e" testListId="8c84fa94-04c1-424b-9868-57a2d4851a1d" />
    <TestEntry testId="1b2ee0d0-c603-25eb-682b-35dfa6c2916f" executionId="1cc03139-622e-4847-9117-bda48b0a38cb" testListId="8c84fa94-04c1-424b-9868-57a2d4851a1d" />
    <TestEntry testId="8795b4cc-a07c-5bd3-c22c-b51712b23ba7" executionId="f4e9c098-e7a2-40cc-82c2-2f440af78990" testListId="8c84fa94-04c1-424b-9868-57a2d4851a1d" />
    <TestEntry testId="4d7975ff-70cc-4851-34b5-742bcfbf8199" executionId="ce78eb1e-0211-4731-8210-83e92986c58d" testListId="8c84fa94-04c1-424b-9868-57a2d4851a1d" />
    <TestEntry testId="34c54c93-997c-4686-fd8a-730343abcf24" executionId="2bbf310c-1ec5-4d94-920d-97f9b79725d7" testListId="8c84fa94-04c1-424b-9868-57a2d4851a1d" />
    <TestEntry testId="45cf31fc-e3a5-99c5-c6cb-72217df37186" executionId="42f91148-e6ec-4cb3-83f2-79f284964cb4" testListId="8c84fa94-04c1-424b-9868-57a2d4851a1d" />
    <TestEntry testId="3ef8b5cf-8707-c2cc-29ee-d6824288eeb0" executionId="81ca08ad-18de-4e7b-8dc8-37df84a4692b" testListId="8c84fa94-04c1-424b-9868-57a2d4851a1d" />
    <TestEntry testId="04d142ec-b429-589d-30ee-cdd68e6b2e85" executionId="6066856e-1022-498c-8adb-a1bfbb3102e4" testListId="8c84fa94-04c1-424b-9868-57a2d4851a1d" />
    <TestEntry testId="5c9da046-8715-9201-09a3-9d9b6c2d04c2" executionId="42538c42-098d-4487-bd10-c43bf9a24bf6" testListId="8c84fa94-04c1-424b-9868-57a2d4851a1d" />
    <TestEntry testId="d1636ba9-c736-ec80-51b3-3587b293cb31" executionId="4c00e2e4-a7b6-4b5f-8a65-9a118893e90a" testListId="8c84fa94-04c1-424b-9868-57a2d4851a1d" />
    <TestEntry testId="77eb9982-f923-7723-4988-63311ce16ec6" executionId="4356ddcb-f204-492d-915d-53c51fa86e97" testListId="8c84fa94-04c1-424b-9868-57a2d4851a1d" />
    <TestEntry testId="9888b650-8e26-94e2-f453-35c86958c9aa" executionId="f366fd61-a198-4a61-806a-6ca3470a1244" testListId="8c84fa94-04c1-424b-9868-57a2d4851a1d" />
    <TestEntry testId="50bfc6fc-e740-9180-853e-f11434ba028f" executionId="be1ad9cc-2e95-45cd-9a8b-b2f47befc775" testListId="8c84fa94-04c1-424b-9868-57a2d4851a1d" />
    <TestEntry testId="f9ed65b0-c117-3307-9d8f-0dc315d8caca" executionId="24a1c394-b9b7-44fc-b9cd-ff98780904de" testListId="8c84fa94-04c1-424b-9868-57a2d4851a1d" />
    <TestEntry testId="20ede7db-5992-a118-9b86-66389fd8fc5d" executionId="afe4b141-ca6f-4c21-82ea-1c9882a675ac" testListId="8c84fa94-04c1-424b-9868-57a2d4851a1d" />
    <TestEntry testId="cf9e4e3b-e9af-9d28-544a-4afd88369853" executionId="b69c8206-8ed6-466c-8a86-7c52ac426a00" testListId="8c84fa94-04c1-424b-9868-57a2d4851a1d" />
    <TestEntry testId="13ac8722-3b06-b7de-4ac5-accefede0905" executionId="038ec612-7cc5-4bb7-8457-71d56b34b4f7" testListId="8c84fa94-04c1-424b-9868-57a2d4851a1d" />
    <TestEntry testId="73b7dd63-a87e-fa41-dc1f-edbffea84e1c" executionId="f99907e6-ccc3-45b8-97e2-52fca459b829" testListId="8c84fa94-04c1-424b-9868-57a2d4851a1d" />
    <TestEntry testId="d769844c-5f2b-d1d6-4875-ec222039a10b" executionId="2968d77c-28cb-4cba-8c94-ef355dc91794" testListId="8c84fa94-04c1-424b-9868-57a2d4851a1d" />
    <TestEntry testId="f5191f8b-095c-d354-18a2-f4daeef7a93b" executionId="9ec53903-5685-4428-9057-cd3fe8e84e0a" testListId="8c84fa94-04c1-424b-9868-57a2d4851a1d" />
    <TestEntry testId="6f797c69-d499-2a2b-75ef-6d4db8b536a1" executionId="f7b0e4a5-735a-4734-a1b7-158e6256850c" testListId="8c84fa94-04c1-424b-9868-57a2d4851a1d" />
    <TestEntry testId="c9e27eea-1dd5-b140-7a9a-270fe0a9f196" executionId="1d7c1952-91bf-49d6-b893-baec751a54c7" testListId="8c84fa94-04c1-424b-9868-57a2d4851a1d" />
    <TestEntry testId="69206a0d-4937-3093-835a-3df234d041de" executionId="b8aafa7c-3165-4d72-a569-89e7b5a22bd1" testListId="8c84fa94-04c1-424b-9868-57a2d4851a1d" />
    <TestEntry testId="44249ed4-ec8d-d5fc-8995-d6013d34e6a3" executionId="c5281317-d51e-405c-9337-914f25275311" testListId="8c84fa94-04c1-424b-9868-57a2d4851a1d" />
    <TestEntry testId="9cde5b39-10c7-6695-cd56-9cdfcb5322fd" executionId="466ecf56-f87b-466d-8c56-477aeb0e399a" testListId="8c84fa94-04c1-424b-9868-57a2d4851a1d" />
    <TestEntry testId="dc140974-5b9e-e98c-fe32-b734be8d10a9" executionId="068fc70f-bee2-4752-a510-3a64bf009a2f" testListId="8c84fa94-04c1-424b-9868-57a2d4851a1d" />
    <TestEntry testId="1bcb71f3-2d5e-9d5a-1f38-5b72cb49eb8a" executionId="027e3333-1f32-4559-a58f-7adda5f0a978" testListId="8c84fa94-04c1-424b-9868-57a2d4851a1d" />
    <TestEntry testId="f1c9a06d-9a9e-6851-f660-0ec6f84490bc" executionId="b9ed31f5-6030-4fc8-a599-00db75b206b2" testListId="8c84fa94-04c1-424b-9868-57a2d4851a1d" />
    <TestEntry testId="a19a4404-8d8e-ced9-5775-33a300aaf907" executionId="4eb4341d-f319-4b0a-aa38-729fdaf9dd98" testListId="8c84fa94-04c1-424b-9868-57a2d4851a1d" />
    <TestEntry testId="4b5f6d2f-f0e3-c284-0d5c-bf0d87f93d15" executionId="f4964e6d-5cf9-442e-b37c-7fac5b453b8b" testListId="8c84fa94-04c1-424b-9868-57a2d4851a1d" />
    <TestEntry testId="61468278-a2ea-630c-9bb6-af835d00e099" executionId="71552f84-ef6a-4c44-8bd2-aef95f517e3c" testListId="8c84fa94-04c1-424b-9868-57a2d4851a1d" />
    <TestEntry testId="e1850e7d-698e-7c3f-33e9-a71aabe03f04" executionId="6bda71b4-5e5d-4387-8597-a457b1f23a54" testListId="8c84fa94-04c1-424b-9868-57a2d4851a1d" />
    <TestEntry testId="e2fee95c-4d65-45d7-852a-a5ce85d78ce4" executionId="8e29ee8b-b8c9-4302-b90c-82fcccc08d79" testListId="8c84fa94-04c1-424b-9868-57a2d4851a1d" />
    <TestEntry testId="6574d10c-b4ca-efad-9075-1f5804de1a40" executionId="17a170ab-3335-44bb-beaf-ce37e2551571" testListId="8c84fa94-04c1-424b-9868-57a2d4851a1d" />
    <TestEntry testId="cf94caa1-2c8b-26a0-5190-087b66d84fa5" executionId="be3691f2-1d9a-4048-a8da-7c963fc2f3d8" testListId="8c84fa94-04c1-424b-9868-57a2d4851a1d" />
    <TestEntry testId="85e31138-f88c-12b5-7afc-ac2a7eaf26b0" executionId="9e8b81fc-335a-41ac-ba4c-b488a7eefa23" testListId="8c84fa94-04c1-424b-9868-57a2d4851a1d" />
    <TestEntry testId="355ca1ec-ee11-f274-7cf0-d47a6c587c4f" executionId="53dd4df4-4627-45e9-b51f-e674b3ce1513" testListId="8c84fa94-04c1-424b-9868-57a2d4851a1d" />
    <TestEntry testId="147a3c71-0eb2-3460-a169-3ba2eb9174b7" executionId="398bf5ae-319f-47a7-beb5-fbcf3ba120d3" testListId="8c84fa94-04c1-424b-9868-57a2d4851a1d" />
    <TestEntry testId="3ffd6ad4-bb19-859f-7e62-ff5d44d2aafc" executionId="ca02859d-5465-41b1-b469-45bc217787b9" testListId="8c84fa94-04c1-424b-9868-57a2d4851a1d" />
    <TestEntry testId="ade77a81-4124-50ba-3391-272e83c4089d" executionId="298181ab-61da-4b72-9374-00bf59d1d452" testListId="8c84fa94-04c1-424b-9868-57a2d4851a1d" />
  </TestEntries>
  <TestLists>
    <TestList name="Resultados sin formato de lista" id="8c84fa94-04c1-424b-9868-57a2d4851a1d" />
    <TestList name="Todos los resultados cargados" id="19431567-8539-422a-85d7-44ee4e166bda" />
  </TestLists>
  <ResultSummary outcome="Completed">
    <Counters total="48" executed="48" passed="48" failed="0" error="0" timeout="0" aborted="0" inconclusive="0" passedButRunAborted="0" notRunnable="0" notExecuted="0" disconnected="0" warning="0" completed="0" inProgress="0" pending="0" />
  </ResultSummary>
</TestRun>