<?xml version="1.0" encoding="utf-8"?>
<TestRun id="982bd409-37e2-4061-85f0-8503d02ec952" name="rmorenol@IS00694 2026-03-10 17:33:14" runUser="DINTERSEGURO\rmorenol" xmlns="http://microsoft.com/schemas/VisualStudio/TeamTest/2010">
  <Times creation="2026-03-10T17:33:14.0728183-05:00" queuing="2026-03-10T17:33:14.0728187-05:00" start="2026-03-10T17:33:08.9846278-05:00" finish="2026-03-10T17:33:14.9933775-05:00" />
  <TestSettings name="default" id="db591a57-7ab6-4a70-8812-49ded0941093">
    <Deployment runDeploymentRoot="rmorenol_IS00694_2026-03-10_17_33_14" />
  </TestSettings>
  <Results>
    <UnitTestResult executionId="d1c7f436-b775-4902-bb4e-5f33fd932d3e" testId="4d7975ff-70cc-4851-34b5-742bcfbf8199" testName="ActualizarSolicitudAcceso_CuandoSeInvoca_DebeDelegarEnRepositorio" computerName="IS00694" duration="00:00:00.0002064" startTime="2026-03-10T17:33:14.1653706-05:00" endTime="2026-03-10T17:33:14.1656745-05:00" testType="13cdc9d9-ddb5-4fa4-a97d-d965ccfc6d4b" outcome="Passed" testListId="8c84fa94-04c1-424b-9868-57a2d4851a1d" relativeResultsDirectory="d1c7f436-b775-4902-bb4e-5f33fd932d3e" />
    <UnitTestResult executionId="45be9786-6034-47ae-a06a-e4b6a278dd1e" testId="147a3c71-0eb2-3460-a169-3ba2eb9174b7" testName="ObtenerMSAgente_CuandoSeInvoca_DebeRetornarAgenteDelRepositorio" computerName="IS00694" duration="00:00:00.0035600" startTime="2026-03-10T17:33:13.9880042-05:00" endTime="2026-03-10T17:33:13.9917980-05:00" testType="13cdc9d9-ddb5-4fa4-a97d-d965ccfc6d4b" outcome="Passed" testListId="8c84fa94-04c1-424b-9868-57a2d4851a1d" relativeResultsDirectory="45be9786-6034-47ae-a06a-e4b6a278dd1e" />
    <UnitTestResult executionId="37c0aba5-13df-4809-a32b-810bea98fc28" testId="070a3d05-3f81-83d9-4665-0d50aea39e12" testName="ListarAgenteExterno_CuandoSeInvoca_DebeRetornarListadoDelRepositorio" computerName="IS00694" duration="00:00:00.0002326" startTime="2026-03-10T17:33:14.1746693-05:00" endTime="2026-03-10T17:33:14.1749462-05:00" testType="13cdc9d9-ddb5-4fa4-a97d-d965ccfc6d4b" outcome="Passed" testListId="8c84fa94-04c1-424b-9868-57a2d4851a1d" relativeResultsDirectory="37c0aba5-13df-4809-a32b-810bea98fc28" />
    <UnitTestResult executionId="9fd13f54-2aba-4b31-99e6-4c55761af49a" testId="ade77a81-4124-50ba-3391-272e83c4089d" testName="SolicitudesHabilitadas_CuandoSeInvoca_DebeRetornarCadenaDelRepositorio" computerName="IS00694" duration="00:00:00.0009969" startTime="2026-03-10T17:33:14.0315159-05:00" endTime="2026-03-10T17:33:14.0325965-05:00" testType="13cdc9d9-ddb5-4fa4-a97d-d965ccfc6d4b" outcome="Passed" testListId="8c84fa94-04c1-424b-9868-57a2d4851a1d" relativeResultsDirectory="9fd13f54-2aba-4b31-99e6-4c55761af49a" />
    <UnitTestResult executionId="c0f79db9-b6d0-4317-9fae-e39517e87b3c" testId="e2fee95c-4d65-45d7-852a-a5ce85d78ce4" testName="ObtenerUltimoAgentePorCartera_CuandoSeInvoca_DebeRetornarAgenteDelRepositorio" computerName="IS00694" duration="00:00:00.0001678" startTime="2026-03-10T17:33:14.1752248-05:00" endTime="2026-03-10T17:33:14.1754312-05:00" testType="13cdc9d9-ddb5-4fa4-a97d-d965ccfc6d4b" outcome="Passed" testListId="8c84fa94-04c1-424b-9868-57a2d4851a1d" relativeResultsDirectory="c0f79db9-b6d0-4317-9fae-e39517e87b3c" />
    <UnitTestResult executionId="11a5f1f9-64c9-4b2a-b7c0-3a66e34bab16" testId="1bcb71f3-2d5e-9d5a-1f38-5b72cb49eb8a" testName="ActualizarAgente_CuandoSeInvoca_DebeActualizarAgenteEnRepositorio" computerName="IS00694" duration="00:00:00.0001891" startTime="2026-03-10T17:33:14.1724928-05:00" endTime="2026-03-10T17:33:14.1727404-05:00" testType="13cdc9d9-ddb5-4fa4-a97d-d965ccfc6d4b" outcome="Passed" testListId="8c84fa94-04c1-424b-9868-57a2d4851a1d" relativeResultsDirectory="11a5f1f9-64c9-4b2a-b7c0-3a66e34bab16" />
    <UnitTestResult executionId="041ade63-d17b-4fef-b31e-4423743003bf" testId="0ebebc15-a867-543e-62ed-0bb4568ab994" testName="ConsultarGestionVentas_CuandoSeInvoca_DebeRetornarListaDelRepositorio" computerName="IS00694" duration="00:00:00.0025169" startTime="2026-03-10T17:33:14.0055382-05:00" endTime="2026-03-10T17:33:14.0081911-05:00" testType="13cdc9d9-ddb5-4fa4-a97d-d965ccfc6d4b" outcome="Passed" testListId="8c84fa94-04c1-424b-9868-57a2d4851a1d" relativeResultsDirectory="041ade63-d17b-4fef-b31e-4423743003bf" />
    <UnitTestResult executionId="65cd3b46-cdb4-40d4-a72c-24c5290511ad" testId="cf9e4e3b-e9af-9d28-544a-4afd88369853" testName="ObtenerAgente_CuandoSeInvoca_DebeRetornarAgentePorIdYUsuarioDelRepositorio" computerName="IS00694" duration="00:00:00.0002412" startTime="2026-03-10T17:33:14.1735608-05:00" endTime="2026-03-10T17:33:14.1738461-05:00" testType="13cdc9d9-ddb5-4fa4-a97d-d965ccfc6d4b" outcome="Passed" testListId="8c84fa94-04c1-424b-9868-57a2d4851a1d" relativeResultsDirectory="65cd3b46-cdb4-40d4-a72c-24c5290511ad" />
    <UnitTestResult executionId="c398848f-c62f-4dfb-bc53-3138aade32b2" testId="77eb9982-f923-7723-4988-63311ce16ec6" testName="ObtenerUsuario_CuandoSeInvoca_DebeRetornarUsuarioPorIdDelRepositorio" computerName="IS00694" duration="00:00:00.0003898" startTime="2026-03-10T17:33:14.1682869-05:00" endTime="2026-03-10T17:33:14.1687292-05:00" testType="13cdc9d9-ddb5-4fa4-a97d-d965ccfc6d4b" outcome="Passed" testListId="8c84fa94-04c1-424b-9868-57a2d4851a1d" relativeResultsDirectory="c398848f-c62f-4dfb-bc53-3138aade32b2" />
    <UnitTestResult executionId="ae7ae38d-33d3-4a3b-bae8-83d387458c00" testId="3ffd6ad4-bb19-859f-7e62-ff5d44d2aafc" testName="EliminarUsuario_CuandoSeInvoca_DebeInvocarEliminarEnRepositorioConElMismoUsuario" computerName="IS00694" duration="00:00:00.0004869" startTime="2026-03-10T17:33:14.1659847-05:00" endTime="2026-03-10T17:33:14.1666149-05:00" testType="13cdc9d9-ddb5-4fa4-a97d-d965ccfc6d4b" outcome="Passed" testListId="8c84fa94-04c1-424b-9868-57a2d4851a1d" relativeResultsDirectory="ae7ae38d-33d3-4a3b-bae8-83d387458c00" />
    <UnitTestResult executionId="c5d244e4-09a1-4397-b9f8-5ef8a87c79a5" testId="6574d10c-b4ca-efad-9075-1f5804de1a40" testName="ListarSolicitudPorCuspp_CuandoSeInvoca_DebeRetornarListaDelRepositorio" computerName="IS00694" duration="00:00:00.0007890" startTime="2026-03-10T17:33:13.9972545-05:00" endTime="2026-03-10T17:33:13.9981200-05:00" testType="13cdc9d9-ddb5-4fa4-a97d-d965ccfc6d4b" outcome="Passed" testListId="8c84fa94-04c1-424b-9868-57a2d4851a1d" relativeResultsDirectory="c5d244e4-09a1-4397-b9f8-5ef8a87c79a5" />
    <UnitTestResult executionId="6d5defc7-2f35-4a61-ab0a-9d1e2446880c" testId="f9ed65b0-c117-3307-9d8f-0dc315d8caca" testName="ListarRolAcom_CuandoSeInvoca_DebeRetornarListaDelRepositorio" computerName="IS00694" duration="00:00:00.0016039" startTime="2026-03-10T17:33:14.0089177-05:00" endTime="2026-03-10T17:33:14.0109854-05:00" testType="13cdc9d9-ddb5-4fa4-a97d-d965ccfc6d4b" outcome="Passed" testListId="8c84fa94-04c1-424b-9868-57a2d4851a1d" relativeResultsDirectory="6d5defc7-2f35-4a61-ab0a-9d1e2446880c" />
    <UnitTestResult executionId="d8cf4671-2ecb-4f47-baf3-9641eca1720b" testId="45cf31fc-e3a5-99c5-c6cb-72217df37186" testName="ValidaFlujoSolicitudRol_CuandoSeInvoca_DebeRetornarValorDelRepositorio" computerName="IS00694" duration="00:00:00.0016687" startTime="2026-03-10T17:33:14.0031011-05:00" endTime="2026-03-10T17:33:14.0051580-05:00" testType="13cdc9d9-ddb5-4fa4-a97d-d965ccfc6d4b" outcome="Passed" testListId="8c84fa94-04c1-424b-9868-57a2d4851a1d" relativeResultsDirectory="d8cf4671-2ecb-4f47-baf3-9641eca1720b" />
    <UnitTestResult executionId="96c05026-0431-4eb1-b96b-147e17d50c1c" testId="34c54c93-997c-4686-fd8a-730343abcf24" testName="ObtenerPreCubo_CuandoSeInvoca_DebeRetornarReporteDelRepositorio" computerName="IS00694" duration="00:00:00.2318130" startTime="2026-03-10T17:33:13.7400174-05:00" endTime="2026-03-10T17:33:13.9804466-05:00" testType="13cdc9d9-ddb5-4fa4-a97d-d965ccfc6d4b" outcome="Passed" testListId="8c84fa94-04c1-424b-9868-57a2d4851a1d" relativeResultsDirectory="96c05026-0431-4eb1-b96b-147e17d50c1c" />
    <UnitTestResult executionId="6f570ab6-5312-4a88-872c-cbcf217a2f5b" testId="373b0c6d-9e9e-0405-4052-9feda277e6e7" testName="ObtenerDatosAnticipo_CuandoSeInvoca_DebeRetornarAnticipoDelRepositorio" computerName="IS00694" duration="00:00:00.0008962" startTime="2026-03-10T17:33:14.0301834-05:00" endTime="2026-03-10T17:33:14.0311713-05:00" testType="13cdc9d9-ddb5-4fa4-a97d-d965ccfc6d4b" outcome="Passed" testListId="8c84fa94-04c1-424b-9868-57a2d4851a1d" relativeResultsDirectory="6f570ab6-5312-4a88-872c-cbcf217a2f5b" />
    <UnitTestResult executionId="51e8ffad-16c6-4f7e-8129-b618b5327972" testId="dc140974-5b9e-e98c-fe32-b734be8d10a9" testName="SolicitarAcceso_CuandoRepositorioIpLanzaExcepcion_DebeRetornarCodigoErrorTecnico" computerName="IS00694" duration="00:00:00.0004179" startTime="2026-03-10T17:33:14.1614987-05:00" endTime="2026-03-10T17:33:14.1620344-05:00" testType="13cdc9d9-ddb5-4fa4-a97d-d965ccfc6d4b" outcome="Passed" testListId="8c84fa94-04c1-424b-9868-57a2d4851a1d" relativeResultsDirectory="51e8ffad-16c6-4f7e-8129-b618b5327972" />
    <UnitTestResult executionId="5b14b550-7d85-4551-a29e-ec937cb6e476" testId="d1636ba9-c736-ec80-51b3-3587b293cb31" testName="EliminarAgente_CuandoSeInvoca_DebeEliminarAgenteEnRepositorio" computerName="IS00694" duration="00:00:00.0001761" startTime="2026-03-10T17:33:14.1730521-05:00" endTime="2026-03-10T17:33:14.1732807-05:00" testType="13cdc9d9-ddb5-4fa4-a97d-d965ccfc6d4b" outcome="Passed" testListId="8c84fa94-04c1-424b-9868-57a2d4851a1d" relativeResultsDirectory="5b14b550-7d85-4551-a29e-ec937cb6e476" />
    <UnitTestResult executionId="f0950d5e-b0c7-4a7c-a846-318cb3a54166" testId="85e31138-f88c-12b5-7afc-ac2a7eaf26b0" testName="CrearAgente_CuandoSeInvoca_DebeRegistrarAgenteEnRepositorio" computerName="IS00694" duration="00:00:00.0001766" startTime="2026-03-10T17:33:14.1719018-05:00" endTime="2026-03-10T17:33:14.1721431-05:00" testType="13cdc9d9-ddb5-4fa4-a97d-d965ccfc6d4b" outcome="Passed" testListId="8c84fa94-04c1-424b-9868-57a2d4851a1d" relativeResultsDirectory="f0950d5e-b0c7-4a7c-a846-318cb3a54166" />
    <UnitTestResult executionId="9532071d-3b5e-4880-b16d-9886777441dc" testId="91986196-0832-7e79-6fb5-a686ca827db8" testName="ObtenerUsuarios_CuandoSeInvoca_DebeRetornarListadoDelRepositorio" computerName="IS00694" duration="00:00:00.0001794" startTime="2026-03-10T17:33:14.1677653-05:00" endTime="2026-03-10T17:33:14.1680091-05:00" testType="13cdc9d9-ddb5-4fa4-a97d-d965ccfc6d4b" outcome="Passed" testListId="8c84fa94-04c1-424b-9868-57a2d4851a1d" relativeResultsDirectory="9532071d-3b5e-4880-b16d-9886777441dc" />
    <UnitTestResult executionId="802568af-4908-435a-9b86-232450cba245" testId="ec2c3c51-9d4b-1038-844c-f48128b8cc0c" testName="ListarGrupoFamiliar_CuandoSeInvoca_DebeRetornarListaDelRepositorio" computerName="IS00694" duration="00:00:00.0009538" startTime="2026-03-10T17:33:13.9958211-05:00" endTime="2026-03-10T17:33:13.9968609-05:00" testType="13cdc9d9-ddb5-4fa4-a97d-d965ccfc6d4b" outcome="Passed" testListId="8c84fa94-04c1-424b-9868-57a2d4851a1d" relativeResultsDirectory="802568af-4908-435a-9b86-232450cba245" />
    <UnitTestResult executionId="7d0f9239-681b-401d-866e-100357189ad6" testId="6f797c69-d499-2a2b-75ef-6d4db8b536a1" testName="CrearUsuario_CuandoSeInvoca_DebeInvocarRegistrarEnRepositorioConElMismoUsuario" computerName="IS00694" duration="00:00:00.0004581" startTime="2026-03-10T17:33:14.1669140-05:00" endTime="2026-03-10T17:33:14.1674376-05:00" testType="13cdc9d9-ddb5-4fa4-a97d-d965ccfc6d4b" outcome="Passed" testListId="8c84fa94-04c1-424b-9868-57a2d4851a1d" relativeResultsDirectory="7d0f9239-681b-401d-866e-100357189ad6" />
    <UnitTestResult executionId="46ddb049-1ec2-44f3-a407-c95e6908f52f" testId="69206a0d-4937-3093-835a-3df234d041de" testName="ListarUsuario_CuandoSeInvoca_DebeRetornarListadoFiltradoDelRepositorio" computerName="IS00694" duration="00:00:00.0002341" startTime="2026-03-10T17:33:14.1701061-05:00" endTime="2026-03-10T17:33:14.1703830-05:00" testType="13cdc9d9-ddb5-4fa4-a97d-d965ccfc6d4b" outcome="Passed" testListId="8c84fa94-04c1-424b-9868-57a2d4851a1d" relativeResultsDirectory="46ddb049-1ec2-44f3-a407-c95e6908f52f" />
    <UnitTestResult executionId="8d299088-b37d-497d-bc3c-5d3e967b602d" testId="3ef8b5cf-8707-c2cc-29ee-d6824288eeb0" testName="ValidarToken_CuandoIpNoPermitida_DebeLanzarExcepcion" computerName="IS00694" duration="00:00:00.0006688" startTime="2026-03-10T17:33:14.1630634-05:00" endTime="2026-03-10T17:33:14.1637904-05:00" testType="13cdc9d9-ddb5-4fa4-a97d-d965ccfc6d4b" outcome="Passed" testListId="8c84fa94-04c1-424b-9868-57a2d4851a1d" relativeResultsDirectory="8d299088-b37d-497d-bc3c-5d3e967b602d" />
    <UnitTestResult executionId="ae94651d-3e2f-4507-aeda-4b6f1798ae74" testId="9888b650-8e26-94e2-f453-35c86958c9aa" testName="ObtenerSupervisorAgente_CuandoSeInvoca_DebeRetornarSupervisorDelRepositorio" computerName="IS00694" duration="00:00:00.0001803" startTime="2026-03-10T17:33:14.1706612-05:00" endTime="2026-03-10T17:33:14.1708981-05:00" testType="13cdc9d9-ddb5-4fa4-a97d-d965ccfc6d4b" outcome="Passed" testListId="8c84fa94-04c1-424b-9868-57a2d4851a1d" relativeResultsDirectory="ae94651d-3e2f-4507-aeda-4b6f1798ae74" />
    <UnitTestResult executionId="cc914e79-7ef0-4e08-a621-7d7a09a4c4fb" testId="c9e27eea-1dd5-b140-7a9a-270fe0a9f196" testName="RegistrarDescargaSolicitudes_CuandoSeInvoca_DebeRetornarLoteDelRepositorio" computerName="IS00694" duration="00:00:00.0013711" startTime="2026-03-10T17:33:14.0283274-05:00" endTime="2026-03-10T17:33:14.0298026-05:00" testType="13cdc9d9-ddb5-4fa4-a97d-d965ccfc6d4b" outcome="Passed" testListId="8c84fa94-04c1-424b-9868-57a2d4851a1d" relativeResultsDirectory="cc914e79-7ef0-4e08-a621-7d7a09a4c4fb" />
    <UnitTestResult executionId="0bc92bd7-90a8-4139-a8b7-e89a849b969c" testId="7ceb55cc-4c13-504c-b156-2907682297c7" testName="ListarAgentes_CuandoSeInvoca_DebeRetornarListadoDelRepositorio" computerName="IS00694" duration="00:00:00.0002438" startTime="2026-03-10T17:33:14.1690193-05:00" endTime="2026-03-10T17:33:14.1693137-05:00" testType="13cdc9d9-ddb5-4fa4-a97d-d965ccfc6d4b" outcome="Passed" testListId="8c84fa94-04c1-424b-9868-57a2d4851a1d" relativeResultsDirectory="0bc92bd7-90a8-4139-a8b7-e89a849b969c" />
    <UnitTestResult executionId="03c817e2-bf67-4cb8-a937-7408d820afce" testId="e146cdb7-09f5-dac9-e8fc-d0b887a13fda" testName="ObtenerNumAgente_CuandoSeInvoca_DebeRetornarValorDelRepositorio" computerName="IS00694" duration="00:00:00.0002004" startTime="2026-03-10T17:33:14.1695862-05:00" endTime="2026-03-10T17:33:14.1698315-05:00" testType="13cdc9d9-ddb5-4fa4-a97d-d965ccfc6d4b" outcome="Passed" testListId="8c84fa94-04c1-424b-9868-57a2d4851a1d" relativeResultsDirectory="03c817e2-bf67-4cb8-a937-7408d820afce" />
    <UnitTestResult executionId="adfe70cf-5da2-4b04-b9fc-f58ad2376993" testId="73b7dd63-a87e-fa41-dc1f-edbffea84e1c" testName="ObtenerDatosSolicitudRPPlus_CuandoSeInvoca_DebeRetornarSolicitudDelRepositorio" computerName="IS00694" duration="00:00:00.0008526" startTime="2026-03-10T17:33:14.0443674-05:00" endTime="2026-03-10T17:33:14.0454027-05:00" testType="13cdc9d9-ddb5-4fa4-a97d-d965ccfc6d4b" outcome="Passed" testListId="8c84fa94-04c1-424b-9868-57a2d4851a1d" relativeResultsDirectory="adfe70cf-5da2-4b04-b9fc-f58ad2376993" />
    <UnitTestResult executionId="522e9cc3-7e00-48d1-9df2-5a0301e74906" testId="f5191f8b-095c-d354-18a2-f4daeef7a93b" testName="ObtenerFlujos_CuandoSeInvoca_DebeRetornarFlujosDelRepositorio" computerName="IS00694" duration="00:00:00.0037136" startTime="2026-03-10T17:33:13.9984622-05:00" endTime="2026-03-10T17:33:14.0023460-05:00" testType="13cdc9d9-ddb5-4fa4-a97d-d965ccfc6d4b" outcome="Passed" testListId="8c84fa94-04c1-424b-9868-57a2d4851a1d" relativeResultsDirectory="522e9cc3-7e00-48d1-9df2-5a0301e74906" />
    <UnitTestResult executionId="ca4dcef6-5d64-4e2f-8115-93d56dcea59a" testId="f1c9a06d-9a9e-6851-f660-0ec6f84490bc" testName="ValidarToken_CuandoIpPermitida_DebeRetornarSolicitudDelRepositorio" computerName="IS00694" duration="00:00:00.0003692" startTime="2026-03-10T17:33:14.1623504-05:00" endTime="2026-03-10T17:33:14.1627853-05:00" testType="13cdc9d9-ddb5-4fa4-a97d-d965ccfc6d4b" outcome="Passed" testListId="8c84fa94-04c1-424b-9868-57a2d4851a1d" relativeResultsDirectory="ca4dcef6-5d64-4e2f-8115-93d56dcea59a" />
    <UnitTestResult executionId="ce155b4a-fbf4-4e79-bf57-ebcceae5291a" testId="a19a4404-8d8e-ced9-5775-33a300aaf907" testName="ListarSolicitudRPPlus_CuandoSeInvoca_DebeRetornarListaDelRepositorio" computerName="IS00694" duration="00:00:00.0106993" startTime="2026-03-10T17:33:14.0329460-05:00" endTime="2026-03-10T17:33:14.0437527-05:00" testType="13cdc9d9-ddb5-4fa4-a97d-d965ccfc6d4b" outcome="Passed" testListId="8c84fa94-04c1-424b-9868-57a2d4851a1d" relativeResultsDirectory="ce155b4a-fbf4-4e79-bf57-ebcceae5291a" />
    <UnitTestResult executionId="b0a14160-e1a2-45c6-9970-53f6afe270d8" testId="355ca1ec-ee11-f274-7cf0-d47a6c587c4f" testName="SolicitarAcceso_CuandoIpNoPermitida_DebeRetornarCodigoDenegadoSinRegistrar" computerName="IS00694" duration="00:00:00.1151614" startTime="2026-03-10T17:33:14.0457398-05:00" endTime="2026-03-10T17:33:14.1610712-05:00" testType="13cdc9d9-ddb5-4fa4-a97d-d965ccfc6d4b" outcome="Passed" testListId="8c84fa94-04c1-424b-9868-57a2d4851a1d" relativeResultsDirectory="b0a14160-e1a2-45c6-9970-53f6afe270d8" />
    <UnitTestResult executionId="944440f6-ef14-453d-86f9-6269d1829c81" testId="61468278-a2ea-630c-9bb6-af835d00e099" testName="ObtenerDatosAfiliado_CuandoSeInvoca_DebeRetornarAfiliadoDelRepositorio" computerName="IS00694" duration="00:00:00.0024530" startTime="2026-03-10T17:33:13.9928798-05:00" endTime="2026-03-10T17:33:13.9954434-05:00" testType="13cdc9d9-ddb5-4fa4-a97d-d965ccfc6d4b" outcome="Passed" testListId="8c84fa94-04c1-424b-9868-57a2d4851a1d" relativeResultsDirectory="944440f6-ef14-453d-86f9-6269d1829c81" />
    <UnitTestResult executionId="c9245189-f6e2-48d9-be8b-e9dc665b927c" testId="56df96f7-0235-ce29-b357-20a7bb374113" testName="ObtenerJerarquiaAgente_CuandoSeInvoca_DebeRetornarJerarquiaDelRepositorio" computerName="IS00694" duration="00:00:00.0002338" startTime="2026-03-10T17:33:14.1741180-05:00" endTime="2026-03-10T17:33:14.1743938-05:00" testType="13cdc9d9-ddb5-4fa4-a97d-d965ccfc6d4b" outcome="Passed" testListId="8c84fa94-04c1-424b-9868-57a2d4851a1d" relativeResultsDirectory="c9245189-f6e2-48d9-be8b-e9dc665b927c" />
  </Results>
  <TestDefinitions>
    <UnitTest name="SolicitudesHabilitadas_CuandoSeInvoca_DebeRetornarCadenaDelRepositorio" storage="d:\rentas\repo_giane\v2\cwrv\interseguro.cwrv.tests\bin\debug\net9.0\interseguro.cwrv.tests.dll" id="ade77a81-4124-50ba-3391-272e83c4089d">
      <Execution id="9fd13f54-2aba-4b31-99e6-4c55761af49a" />
      <TestMethod codeBase="D:\Rentas\repo_giane\v2\cwrv\Interseguro.CWRV.Tests\bin\Debug\net9.0\Interseguro.CWRV.Tests.dll" adapterTypeName="executor://mstestadapter/v2" className="Interseguro.CWRV.Tests.CotizadorServicioTests" name="SolicitudesHabilitadas_CuandoSeInvoca_DebeRetornarCadenaDelRepositorio" />
    </UnitTest>
    <UnitTest name="ObtenerFlujos_CuandoSeInvoca_DebeRetornarFlujosDelRepositorio" storage="d:\rentas\repo_giane\v2\cwrv\interseguro.cwrv.tests\bin\debug\net9.0\interseguro.cwrv.tests.dll" id="f5191f8b-095c-d354-18a2-f4daeef7a93b">
      <Execution id="522e9cc3-7e00-48d1-9df2-5a0301e74906" />
      <TestMethod codeBase="D:\Rentas\repo_giane\v2\cwrv\Interseguro.CWRV.Tests\bin\Debug\net9.0\Interseguro.CWRV.Tests.dll" adapterTypeName="executor://mstestadapter/v2" className="Interseguro.CWRV.Tests.CotizadorServicioTests" name="ObtenerFlujos_CuandoSeInvoca_DebeRetornarFlujosDelRepositorio" />
    </UnitTest>
    <UnitTest name="EliminarAgente_CuandoSeInvoca_DebeEliminarAgenteEnRepositorio" storage="d:\rentas\repo_giane\v2\cwrv\interseguro.cwrv.tests\bin\debug\net9.0\interseguro.cwrv.tests.dll" id="d1636ba9-c736-ec80-51b3-3587b293cb31">
      <Execution id="5b14b550-7d85-4551-a29e-ec937cb6e476" />
      <TestMethod codeBase="D:\Rentas\repo_giane\v2\cwrv\Interseguro.CWRV.Tests\bin\Debug\net9.0\Interseguro.CWRV.Tests.dll" adapterTypeName="executor://mstestadapter/v2" className="Interseguro.CWRV.Tests.UsuarioServicioTests" name="EliminarAgente_CuandoSeInvoca_DebeEliminarAgenteEnRepositorio" />
    </UnitTest>
    <UnitTest name="ListarGrupoFamiliar_CuandoSeInvoca_DebeRetornarListaDelRepositorio" storage="d:\rentas\repo_giane\v2\cwrv\interseguro.cwrv.tests\bin\debug\net9.0\interseguro.cwrv.tests.dll" id="ec2c3c51-9d4b-1038-844c-f48128b8cc0c">
      <Execution id="802568af-4908-435a-9b86-232450cba245" />
      <TestMethod codeBase="D:\Rentas\repo_giane\v2\cwrv\Interseguro.CWRV.Tests\bin\Debug\net9.0\Interseguro.CWRV.Tests.dll" adapterTypeName="executor://mstestadapter/v2" className="Interseguro.CWRV.Tests.CotizadorServicioTests" name="ListarGrupoFamiliar_CuandoSeInvoca_DebeRetornarListaDelRepositorio" />
    </UnitTest>
    <UnitTest name="ObtenerUltimoAgentePorCartera_CuandoSeInvoca_DebeRetornarAgenteDelRepositorio" storage="d:\rentas\repo_giane\v2\cwrv\interseguro.cwrv.tests\bin\debug\net9.0\interseguro.cwrv.tests.dll" id="e2fee95c-4d65-45d7-852a-a5ce85d78ce4">
      <Execution id="c0f79db9-b6d0-4317-9fae-e39517e87b3c" />
      <TestMethod codeBase="D:\Rentas\repo_giane\v2\cwrv\Interseguro.CWRV.Tests\bin\Debug\net9.0\Interseguro.CWRV.Tests.dll" adapterTypeName="executor://mstestadapter/v2" className="Interseguro.CWRV.Tests.UsuarioServicioTests" name="ObtenerUltimoAgentePorCartera_CuandoSeInvoca_DebeRetornarAgenteDelRepositorio" />
    </UnitTest>
    <UnitTest name="ListarRolAcom_CuandoSeInvoca_DebeRetornarListaDelRepositorio" storage="d:\rentas\repo_giane\v2\cwrv\interseguro.cwrv.tests\bin\debug\net9.0\interseguro.cwrv.tests.dll" id="f9ed65b0-c117-3307-9d8f-0dc315d8caca">
      <Execution id="6d5defc7-2f35-4a61-ab0a-9d1e2446880c" />
      <TestMethod codeBase="D:\Rentas\repo_giane\v2\cwrv\Interseguro.CWRV.Tests\bin\Debug\net9.0\Interseguro.CWRV.Tests.dll" adapterTypeName="executor://mstestadapter/v2" className="Interseguro.CWRV.Tests.CotizadorServicioTests" name="ListarRolAcom_CuandoSeInvoca_DebeRetornarListaDelRepositorio" />
    </UnitTest>
    <UnitTest name="ActualizarSolicitudAcceso_CuandoSeInvoca_DebeDelegarEnRepositorio" storage="d:\rentas\repo_giane\v2\cwrv\interseguro.cwrv.tests\bin\debug\net9.0\interseguro.cwrv.tests.dll" id="4d7975ff-70cc-4851-34b5-742bcfbf8199">
      <Execution id="d1c7f436-b775-4902-bb4e-5f33fd932d3e" />
      <TestMethod codeBase="D:\Rentas\repo_giane\v2\cwrv\Interseguro.CWRV.Tests\bin\Debug\net9.0\Interseguro.CWRV.Tests.dll" adapterTypeName="executor://mstestadapter/v2" className="Interseguro.CWRV.Tests.SeguridadServicioTests" name="ActualizarSolicitudAcceso_CuandoSeInvoca_DebeDelegarEnRepositorio" />
    </UnitTest>
    <UnitTest name="SolicitarAcceso_CuandoIpNoPermitida_DebeRetornarCodigoDenegadoSinRegistrar" storage="d:\rentas\repo_giane\v2\cwrv\interseguro.cwrv.tests\bin\debug\net9.0\interseguro.cwrv.tests.dll" id="355ca1ec-ee11-f274-7cf0-d47a6c587c4f">
      <Execution id="b0a14160-e1a2-45c6-9970-53f6afe270d8" />
      <TestMethod codeBase="D:\Rentas\repo_giane\v2\cwrv\Interseguro.CWRV.Tests\bin\Debug\net9.0\Interseguro.CWRV.Tests.dll" adapterTypeName="executor://mstestadapter/v2" className="Interseguro.CWRV.Tests.SeguridadServicioTests" name="SolicitarAcceso_CuandoIpNoPermitida_DebeRetornarCodigoDenegadoSinRegistrar" />
    </UnitTest>
    <UnitTest name="ListarAgentes_CuandoSeInvoca_DebeRetornarListadoDelRepositorio" storage="d:\rentas\repo_giane\v2\cwrv\interseguro.cwrv.tests\bin\debug\net9.0\interseguro.cwrv.tests.dll" id="7ceb55cc-4c13-504c-b156-2907682297c7">
      <Execution id="0bc92bd7-90a8-4139-a8b7-e89a849b969c" />
      <TestMethod codeBase="D:\Rentas\repo_giane\v2\cwrv\Interseguro.CWRV.Tests\bin\Debug\net9.0\Interseguro.CWRV.Tests.dll" adapterTypeName="executor://mstestadapter/v2" className="Interseguro.CWRV.Tests.UsuarioServicioTests" name="ListarAgentes_CuandoSeInvoca_DebeRetornarListadoDelRepositorio" />
    </UnitTest>
    <UnitTest name="ObtenerAgente_CuandoSeInvoca_DebeRetornarAgentePorIdYUsuarioDelRepositorio" storage="d:\rentas\repo_giane\v2\cwrv\interseguro.cwrv.tests\bin\debug\net9.0\interseguro.cwrv.tests.dll" id="cf9e4e3b-e9af-9d28-544a-4afd88369853">
      <Execution id="65cd3b46-cdb4-40d4-a72c-24c5290511ad" />
      <TestMethod codeBase="D:\Rentas\repo_giane\v2\cwrv\Interseguro.CWRV.Tests\bin\Debug\net9.0\Interseguro.CWRV.Tests.dll" adapterTypeName="executor://mstestadapter/v2" className="Interseguro.CWRV.Tests.UsuarioServicioTests" name="ObtenerAgente_CuandoSeInvoca_DebeRetornarAgentePorIdYUsuarioDelRepositorio" />
    </UnitTest>
    <UnitTest name="ValidarToken_CuandoIpPermitida_DebeRetornarSolicitudDelRepositorio" storage="d:\rentas\repo_giane\v2\cwrv\interseguro.cwrv.tests\bin\debug\net9.0\interseguro.cwrv.tests.dll" id="f1c9a06d-9a9e-6851-f660-0ec6f84490bc">
      <Execution id="ca4dcef6-5d64-4e2f-8115-93d56dcea59a" />
      <TestMethod codeBase="D:\Rentas\repo_giane\v2\cwrv\Interseguro.CWRV.Tests\bin\Debug\net9.0\Interseguro.CWRV.Tests.dll" adapterTypeName="executor://mstestadapter/v2" className="Interseguro.CWRV.Tests.SeguridadServicioTests" name="ValidarToken_CuandoIpPermitida_DebeRetornarSolicitudDelRepositorio" />
    </UnitTest>
    <UnitTest name="ConsultarGestionVentas_CuandoSeInvoca_DebeRetornarListaDelRepositorio" storage="d:\rentas\repo_giane\v2\cwrv\interseguro.cwrv.tests\bin\debug\net9.0\interseguro.cwrv.tests.dll" id="0ebebc15-a867-543e-62ed-0bb4568ab994">
      <Execution id="041ade63-d17b-4fef-b31e-4423743003bf" />
      <TestMethod codeBase="D:\Rentas\repo_giane\v2\cwrv\Interseguro.CWRV.Tests\bin\Debug\net9.0\Interseguro.CWRV.Tests.dll" adapterTypeName="executor://mstestadapter/v2" className="Interseguro.CWRV.Tests.CotizadorServicioTests" name="ConsultarGestionVentas_CuandoSeInvoca_DebeRetornarListaDelRepositorio" />
    </UnitTest>
    <UnitTest name="ListarSolicitudPorCuspp_CuandoSeInvoca_DebeRetornarListaDelRepositorio" storage="d:\rentas\repo_giane\v2\cwrv\interseguro.cwrv.tests\bin\debug\net9.0\interseguro.cwrv.tests.dll" id="6574d10c-b4ca-efad-9075-1f5804de1a40">
      <Execution id="c5d244e4-09a1-4397-b9f8-5ef8a87c79a5" />
      <TestMethod codeBase="D:\Rentas\repo_giane\v2\cwrv\Interseguro.CWRV.Tests\bin\Debug\net9.0\Interseguro.CWRV.Tests.dll" adapterTypeName="executor://mstestadapter/v2" className="Interseguro.CWRV.Tests.CotizadorServicioTests" name="ListarSolicitudPorCuspp_CuandoSeInvoca_DebeRetornarListaDelRepositorio" />
    </UnitTest>
    <UnitTest name="ActualizarAgente_CuandoSeInvoca_DebeActualizarAgenteEnRepositorio" storage="d:\rentas\repo_giane\v2\cwrv\interseguro.cwrv.tests\bin\debug\net9.0\interseguro.cwrv.tests.dll" id="1bcb71f3-2d5e-9d5a-1f38-5b72cb49eb8a">
      <Execution id="11a5f1f9-64c9-4b2a-b7c0-3a66e34bab16" />
      <TestMethod codeBase="D:\Rentas\repo_giane\v2\cwrv\Interseguro.CWRV.Tests\bin\Debug\net9.0\Interseguro.CWRV.Tests.dll" adapterTypeName="executor://mstestadapter/v2" className="Interseguro.CWRV.Tests.UsuarioServicioTests" name="ActualizarAgente_CuandoSeInvoca_DebeActualizarAgenteEnRepositorio" />
    </UnitTest>
    <UnitTest name="ListarUsuario_CuandoSeInvoca_DebeRetornarListadoFiltradoDelRepositorio" storage="d:\rentas\repo_giane\v2\cwrv\interseguro.cwrv.tests\bin\debug\net9.0\interseguro.cwrv.tests.dll" id="69206a0d-4937-3093-835a-3df234d041de">
      <Execution id="46ddb049-1ec2-44f3-a407-c95e6908f52f" />
      <TestMethod codeBase="D:\Rentas\repo_giane\v2\cwrv\Interseguro.CWRV.Tests\bin\Debug\net9.0\Interseguro.CWRV.Tests.dll" adapterTypeName="executor://mstestadapter/v2" className="Interseguro.CWRV.Tests.UsuarioServicioTests" name="ListarUsuario_CuandoSeInvoca_DebeRetornarListadoFiltradoDelRepositorio" />
    </UnitTest>
    <UnitTest name="ObtenerMSAgente_CuandoSeInvoca_DebeRetornarAgenteDelRepositorio" storage="d:\rentas\repo_giane\v2\cwrv\interseguro.cwrv.tests\bin\debug\net9.0\interseguro.cwrv.tests.dll" id="147a3c71-0eb2-3460-a169-3ba2eb9174b7">
      <Execution id="45be9786-6034-47ae-a06a-e4b6a278dd1e" />
      <TestMethod codeBase="D:\Rentas\repo_giane\v2\cwrv\Interseguro.CWRV.Tests\bin\Debug\net9.0\Interseguro.CWRV.Tests.dll" adapterTypeName="executor://mstestadapter/v2" className="Interseguro.CWRV.Tests.CotizadorServicioTests" name="ObtenerMSAgente_CuandoSeInvoca_DebeRetornarAgenteDelRepositorio" />
    </UnitTest>
    <UnitTest name="ObtenerUsuarios_CuandoSeInvoca_DebeRetornarListadoDelRepositorio" storage="d:\rentas\repo_giane\v2\cwrv\interseguro.cwrv.tests\bin\debug\net9.0\interseguro.cwrv.tests.dll" id="91986196-0832-7e79-6fb5-a686ca827db8">
      <Execution id="9532071d-3b5e-4880-b16d-9886777441dc" />
      <TestMethod codeBase="D:\Rentas\repo_giane\v2\cwrv\Interseguro.CWRV.Tests\bin\Debug\net9.0\Interseguro.CWRV.Tests.dll" adapterTypeName="executor://mstestadapter/v2" className="Interseguro.CWRV.Tests.UsuarioServicioTests" name="ObtenerUsuarios_CuandoSeInvoca_DebeRetornarListadoDelRepositorio" />
    </UnitTest>
    <UnitTest name="RegistrarDescargaSolicitudes_CuandoSeInvoca_DebeRetornarLoteDelRepositorio" storage="d:\rentas\repo_giane\v2\cwrv\interseguro.cwrv.tests\bin\debug\net9.0\interseguro.cwrv.tests.dll" id="c9e27eea-1dd5-b140-7a9a-270fe0a9f196">
      <Execution id="cc914e79-7ef0-4e08-a621-7d7a09a4c4fb" />
      <TestMethod codeBase="D:\Rentas\repo_giane\v2\cwrv\Interseguro.CWRV.Tests\bin\Debug\net9.0\Interseguro.CWRV.Tests.dll" adapterTypeName="executor://mstestadapter/v2" className="Interseguro.CWRV.Tests.CotizadorServicioTests" name="RegistrarDescargaSolicitudes_CuandoSeInvoca_DebeRetornarLoteDelRepositorio" />
    </UnitTest>
    <UnitTest name="ObtenerDatosAfiliado_CuandoSeInvoca_DebeRetornarAfiliadoDelRepositorio" storage="d:\rentas\repo_giane\v2\cwrv\interseguro.cwrv.tests\bin\debug\net9.0\interseguro.cwrv.tests.dll" id="61468278-a2ea-630c-9bb6-af835d00e099">
      <Execution id="944440f6-ef14-453d-86f9-6269d1829c81" />
      <TestMethod codeBase="D:\Rentas\repo_giane\v2\cwrv\Interseguro.CWRV.Tests\bin\Debug\net9.0\Interseguro.CWRV.Tests.dll" adapterTypeName="executor://mstestadapter/v2" className="Interseguro.CWRV.Tests.CotizadorServicioTests" name="ObtenerDatosAfiliado_CuandoSeInvoca_DebeRetornarAfiliadoDelRepositorio" />
    </UnitTest>
    <UnitTest name="EliminarUsuario_CuandoSeInvoca_DebeInvocarEliminarEnRepositorioConElMismoUsuario" storage="d:\rentas\repo_giane\v2\cwrv\interseguro.cwrv.tests\bin\debug\net9.0\interseguro.cwrv.tests.dll" id="3ffd6ad4-bb19-859f-7e62-ff5d44d2aafc">
      <Execution id="ae7ae38d-33d3-4a3b-bae8-83d387458c00" />
      <TestMethod codeBase="D:\Rentas\repo_giane\v2\cwrv\Interseguro.CWRV.Tests\bin\Debug\net9.0\Interseguro.CWRV.Tests.dll" adapterTypeName="executor://mstestadapter/v2" className="Interseguro.CWRV.Tests.UsuarioServicioTests" name="EliminarUsuario_CuandoSeInvoca_DebeInvocarEliminarEnRepositorioConElMismoUsuario" />
    </UnitTest>
    <UnitTest name="ObtenerUsuario_CuandoSeInvoca_DebeRetornarUsuarioPorIdDelRepositorio" storage="d:\rentas\repo_giane\v2\cwrv\interseguro.cwrv.tests\bin\debug\net9.0\interseguro.cwrv.tests.dll" id="77eb9982-f923-7723-4988-63311ce16ec6">
      <Execution id="c398848f-c62f-4dfb-bc53-3138aade32b2" />
      <TestMethod codeBase="D:\Rentas\repo_giane\v2\cwrv\Interseguro.CWRV.Tests\bin\Debug\net9.0\Interseguro.CWRV.Tests.dll" adapterTypeName="executor://mstestadapter/v2" className="Interseguro.CWRV.Tests.UsuarioServicioTests" name="ObtenerUsuario_CuandoSeInvoca_DebeRetornarUsuarioPorIdDelRepositorio" />
    </UnitTest>
    <UnitTest name="SolicitarAcceso_CuandoRepositorioIpLanzaExcepcion_DebeRetornarCodigoErrorTecnico" storage="d:\rentas\repo_giane\v2\cwrv\interseguro.cwrv.tests\bin\debug\net9.0\interseguro.cwrv.tests.dll" id="dc140974-5b9e-e98c-fe32-b734be8d10a9">
      <Execution id="51e8ffad-16c6-4f7e-8129-b618b5327972" />
      <TestMethod codeBase="D:\Rentas\repo_giane\v2\cwrv\Interseguro.CWRV.Tests\bin\Debug\net9.0\Interseguro.CWRV.Tests.dll" adapterTypeName="executor://mstestadapter/v2" className="Interseguro.CWRV.Tests.SeguridadServicioTests" name="SolicitarAcceso_CuandoRepositorioIpLanzaExcepcion_DebeRetornarCodigoErrorTecnico" />
    </UnitTest>
    <UnitTest name="ObtenerSupervisorAgente_CuandoSeInvoca_DebeRetornarSupervisorDelRepositorio" storage="d:\rentas\repo_giane\v2\cwrv\interseguro.cwrv.tests\bin\debug\net9.0\interseguro.cwrv.tests.dll" id="9888b650-8e26-94e2-f453-35c86958c9aa">
      <Execution id="ae94651d-3e2f-4507-aeda-4b6f1798ae74" />
      <TestMethod codeBase="D:\Rentas\repo_giane\v2\cwrv\Interseguro.CWRV.Tests\bin\Debug\net9.0\Interseguro.CWRV.Tests.dll" adapterTypeName="executor://mstestadapter/v2" className="Interseguro.CWRV.Tests.UsuarioServicioTests" name="ObtenerSupervisorAgente_CuandoSeInvoca_DebeRetornarSupervisorDelRepositorio" />
    </UnitTest>
    <UnitTest name="ObtenerPreCubo_CuandoSeInvoca_DebeRetornarReporteDelRepositorio" storage="d:\rentas\repo_giane\v2\cwrv\interseguro.cwrv.tests\bin\debug\net9.0\interseguro.cwrv.tests.dll" id="34c54c93-997c-4686-fd8a-730343abcf24">
      <Execution id="96c05026-0431-4eb1-b96b-147e17d50c1c" />
      <TestMethod codeBase="D:\Rentas\repo_giane\v2\cwrv\Interseguro.CWRV.Tests\bin\Debug\net9.0\Interseguro.CWRV.Tests.dll" adapterTypeName="executor://mstestadapter/v2" className="Interseguro.CWRV.Tests.CotizadorServicioTests" name="ObtenerPreCubo_CuandoSeInvoca_DebeRetornarReporteDelRepositorio" />
    </UnitTest>
    <UnitTest name="ListarAgenteExterno_CuandoSeInvoca_DebeRetornarListadoDelRepositorio" storage="d:\rentas\repo_giane\v2\cwrv\interseguro.cwrv.tests\bin\debug\net9.0\interseguro.cwrv.tests.dll" id="070a3d05-3f81-83d9-4665-0d50aea39e12">
      <Execution id="37c0aba5-13df-4809-a32b-810bea98fc28" />
      <TestMethod codeBase="D:\Rentas\repo_giane\v2\cwrv\Interseguro.CWRV.Tests\bin\Debug\net9.0\Interseguro.CWRV.Tests.dll" adapterTypeName="executor://mstestadapter/v2" className="Interseguro.CWRV.Tests.UsuarioServicioTests" name="ListarAgenteExterno_CuandoSeInvoca_DebeRetornarListadoDelRepositorio" />
    </UnitTest>
    <UnitTest name="ListarSolicitudRPPlus_CuandoSeInvoca_DebeRetornarListaDelRepositorio" storage="d:\rentas\repo_giane\v2\cwrv\interseguro.cwrv.tests\bin\debug\net9.0\interseguro.cwrv.tests.dll" id="a19a4404-8d8e-ced9-5775-33a300aaf907">
      <Execution id="ce155b4a-fbf4-4e79-bf57-ebcceae5291a" />
      <TestMethod codeBase="D:\Rentas\repo_giane\v2\cwrv\Interseguro.CWRV.Tests\bin\Debug\net9.0\Interseguro.CWRV.Tests.dll" adapterTypeName="executor://mstestadapter/v2" className="Interseguro.CWRV.Tests.CotizadorServicioTests" name="ListarSolicitudRPPlus_CuandoSeInvoca_DebeRetornarListaDelRepositorio" />
    </UnitTest>
    <UnitTest name="ObtenerJerarquiaAgente_CuandoSeInvoca_DebeRetornarJerarquiaDelRepositorio" storage="d:\rentas\repo_giane\v2\cwrv\interseguro.cwrv.tests\bin\debug\net9.0\interseguro.cwrv.tests.dll" id="56df96f7-0235-ce29-b357-20a7bb374113">
      <Execution id="c9245189-f6e2-48d9-be8b-e9dc665b927c" />
      <TestMethod codeBase="D:\Rentas\repo_giane\v2\cwrv\Interseguro.CWRV.Tests\bin\Debug\net9.0\Interseguro.CWRV.Tests.dll" adapterTypeName="executor://mstestadapter/v2" className="Interseguro.CWRV.Tests.UsuarioServicioTests" name="ObtenerJerarquiaAgente_CuandoSeInvoca_DebeRetornarJerarquiaDelRepositorio" />
    </UnitTest>
    <UnitTest name="ObtenerDatosSolicitudRPPlus_CuandoSeInvoca_DebeRetornarSolicitudDelRepositorio" storage="d:\rentas\repo_giane\v2\cwrv\interseguro.cwrv.tests\bin\debug\net9.0\interseguro.cwrv.tests.dll" id="73b7dd63-a87e-fa41-dc1f-edbffea84e1c">
      <Execution id="adfe70cf-5da2-4b04-b9fc-f58ad2376993" />
      <TestMethod codeBase="D:\Rentas\repo_giane\v2\cwrv\Interseguro.CWRV.Tests\bin\Debug\net9.0\Interseguro.CWRV.Tests.dll" adapterTypeName="executor://mstestadapter/v2" className="Interseguro.CWRV.Tests.CotizadorServicioTests" name="ObtenerDatosSolicitudRPPlus_CuandoSeInvoca_DebeRetornarSolicitudDelRepositorio" />
    </UnitTest>
    <UnitTest name="ObtenerNumAgente_CuandoSeInvoca_DebeRetornarValorDelRepositorio" storage="d:\rentas\repo_giane\v2\cwrv\interseguro.cwrv.tests\bin\debug\net9.0\interseguro.cwrv.tests.dll" id="e146cdb7-09f5-dac9-e8fc-d0b887a13fda">
      <Execution id="03c817e2-bf67-4cb8-a937-7408d820afce" />
      <TestMethod codeBase="D:\Rentas\repo_giane\v2\cwrv\Interseguro.CWRV.Tests\bin\Debug\net9.0\Interseguro.CWRV.Tests.dll" adapterTypeName="executor://mstestadapter/v2" className="Interseguro.CWRV.Tests.UsuarioServicioTests" name="ObtenerNumAgente_CuandoSeInvoca_DebeRetornarValorDelRepositorio" />
    </UnitTest>
    <UnitTest name="ValidaFlujoSolicitudRol_CuandoSeInvoca_DebeRetornarValorDelRepositorio" storage="d:\rentas\repo_giane\v2\cwrv\interseguro.cwrv.tests\bin\debug\net9.0\interseguro.cwrv.tests.dll" id="45cf31fc-e3a5-99c5-c6cb-72217df37186">
      <Execution id="d8cf4671-2ecb-4f47-baf3-9641eca1720b" />
      <TestMethod codeBase="D:\Rentas\repo_giane\v2\cwrv\Interseguro.CWRV.Tests\bin\Debug\net9.0\Interseguro.CWRV.Tests.dll" adapterTypeName="executor://mstestadapter/v2" className="Interseguro.CWRV.Tests.CotizadorServicioTests" name="ValidaFlujoSolicitudRol_CuandoSeInvoca_DebeRetornarValorDelRepositorio" />
    </UnitTest>
    <UnitTest name="ValidarToken_CuandoIpNoPermitida_DebeLanzarExcepcion" storage="d:\rentas\repo_giane\v2\cwrv\interseguro.cwrv.tests\bin\debug\net9.0\interseguro.cwrv.tests.dll" id="3ef8b5cf-8707-c2cc-29ee-d6824288eeb0">
      <Execution id="8d299088-b37d-497d-bc3c-5d3e967b602d" />
      <TestMethod codeBase="D:\Rentas\repo_giane\v2\cwrv\Interseguro.CWRV.Tests\bin\Debug\net9.0\Interseguro.CWRV.Tests.dll" adapterTypeName="executor://mstestadapter/v2" className="Interseguro.CWRV.Tests.SeguridadServicioTests" name="ValidarToken_CuandoIpNoPermitida_DebeLanzarExcepcion" />
    </UnitTest>
    <UnitTest name="ObtenerDatosAnticipo_CuandoSeInvoca_DebeRetornarAnticipoDelRepositorio" storage="d:\rentas\repo_giane\v2\cwrv\interseguro.cwrv.tests\bin\debug\net9.0\interseguro.cwrv.tests.dll" id="373b0c6d-9e9e-0405-4052-9feda277e6e7">
      <Execution id="6f570ab6-5312-4a88-872c-cbcf217a2f5b" />
      <TestMethod codeBase="D:\Rentas\repo_giane\v2\cwrv\Interseguro.CWRV.Tests\bin\Debug\net9.0\Interseguro.CWRV.Tests.dll" adapterTypeName="executor://mstestadapter/v2" className="Interseguro.CWRV.Tests.CotizadorServicioTests" name="ObtenerDatosAnticipo_CuandoSeInvoca_DebeRetornarAnticipoDelRepositorio" />
    </UnitTest>
    <UnitTest name="CrearUsuario_CuandoSeInvoca_DebeInvocarRegistrarEnRepositorioConElMismoUsuario" storage="d:\rentas\repo_giane\v2\cwrv\interseguro.cwrv.tests\bin\debug\net9.0\interseguro.cwrv.tests.dll" id="6f797c69-d499-2a2b-75ef-6d4db8b536a1">
      <Execution id="7d0f9239-681b-401d-866e-100357189ad6" />
      <TestMethod codeBase="D:\Rentas\repo_giane\v2\cwrv\Interseguro.CWRV.Tests\bin\Debug\net9.0\Interseguro.CWRV.Tests.dll" adapterTypeName="executor://mstestadapter/v2" className="Interseguro.CWRV.Tests.UsuarioServicioTests" name="CrearUsuario_CuandoSeInvoca_DebeInvocarRegistrarEnRepositorioConElMismoUsuario" />
    </UnitTest>
    <UnitTest name="CrearAgente_CuandoSeInvoca_DebeRegistrarAgenteEnRepositorio" storage="d:\rentas\repo_giane\v2\cwrv\interseguro.cwrv.tests\bin\debug\net9.0\interseguro.cwrv.tests.dll" id="85e31138-f88c-12b5-7afc-ac2a7eaf26b0">
      <Execution id="f0950d5e-b0c7-4a7c-a846-318cb3a54166" />
      <TestMethod codeBase="D:\Rentas\repo_giane\v2\cwrv\Interseguro.CWRV.Tests\bin\Debug\net9.0\Interseguro.CWRV.Tests.dll" adapterTypeName="executor://mstestadapter/v2" className="Interseguro.CWRV.Tests.UsuarioServicioTests" name="CrearAgente_CuandoSeInvoca_DebeRegistrarAgenteEnRepositorio" />
    </UnitTest>
  </TestDefinitions>
  <TestEntries>
    <TestEntry testId="4d7975ff-70cc-4851-34b5-742bcfbf8199" executionId="d1c7f436-b775-4902-bb4e-5f33fd932d3e" testListId="8c84fa94-04c1-424b-9868-57a2d4851a1d" />
    <TestEntry testId="147a3c71-0eb2-3460-a169-3ba2eb9174b7" executionId="45be9786-6034-47ae-a06a-e4b6a278dd1e" testListId="8c84fa94-04c1-424b-9868-57a2d4851a1d" />
    <TestEntry testId="070a3d05-3f81-83d9-4665-0d50aea39e12" executionId="37c0aba5-13df-4809-a32b-810bea98fc28" testListId="8c84fa94-04c1-424b-9868-57a2d4851a1d" />
    <TestEntry testId="ade77a81-4124-50ba-3391-272e83c4089d" executionId="9fd13f54-2aba-4b31-99e6-4c55761af49a" testListId="8c84fa94-04c1-424b-9868-57a2d4851a1d" />
    <TestEntry testId="e2fee95c-4d65-45d7-852a-a5ce85d78ce4" executionId="c0f79db9-b6d0-4317-9fae-e39517e87b3c" testListId="8c84fa94-04c1-424b-9868-57a2d4851a1d" />
    <TestEntry testId="1bcb71f3-2d5e-9d5a-1f38-5b72cb49eb8a" executionId="11a5f1f9-64c9-4b2a-b7c0-3a66e34bab16" testListId="8c84fa94-04c1-424b-9868-57a2d4851a1d" />
    <TestEntry testId="0ebebc15-a867-543e-62ed-0bb4568ab994" executionId="041ade63-d17b-4fef-b31e-4423743003bf" testListId="8c84fa94-04c1-424b-9868-57a2d4851a1d" />
    <TestEntry testId="cf9e4e3b-e9af-9d28-544a-4afd88369853" executionId="65cd3b46-cdb4-40d4-a72c-24c5290511ad" testListId="8c84fa94-04c1-424b-9868-57a2d4851a1d" />
    <TestEntry testId="77eb9982-f923-7723-4988-63311ce16ec6" executionId="c398848f-c62f-4dfb-bc53-3138aade32b2" testListId="8c84fa94-04c1-424b-9868-57a2d4851a1d" />
    <TestEntry testId="3ffd6ad4-bb19-859f-7e62-ff5d44d2aafc" executionId="ae7ae38d-33d3-4a3b-bae8-83d387458c00" testListId="8c84fa94-04c1-424b-9868-57a2d4851a1d" />
    <TestEntry testId="6574d10c-b4ca-efad-9075-1f5804de1a40" executionId="c5d244e4-09a1-4397-b9f8-5ef8a87c79a5" testListId="8c84fa94-04c1-424b-9868-57a2d4851a1d" />
    <TestEntry testId="f9ed65b0-c117-3307-9d8f-0dc315d8caca" executionId="6d5defc7-2f35-4a61-ab0a-9d1e2446880c" testListId="8c84fa94-04c1-424b-9868-57a2d4851a1d" />
    <TestEntry testId="45cf31fc-e3a5-99c5-c6cb-72217df37186" executionId="d8cf4671-2ecb-4f47-baf3-9641eca1720b" testListId="8c84fa94-04c1-424b-9868-57a2d4851a1d" />
    <TestEntry testId="34c54c93-997c-4686-fd8a-730343abcf24" executionId="96c05026-0431-4eb1-b96b-147e17d50c1c" testListId="8c84fa94-04c1-424b-9868-57a2d4851a1d" />
    <TestEntry testId="373b0c6d-9e9e-0405-4052-9feda277e6e7" executionId="6f570ab6-5312-4a88-872c-cbcf217a2f5b" testListId="8c84fa94-04c1-424b-9868-57a2d4851a1d" />
    <TestEntry testId="dc140974-5b9e-e98c-fe32-b734be8d10a9" executionId="51e8ffad-16c6-4f7e-8129-b618b5327972" testListId="8c84fa94-04c1-424b-9868-57a2d4851a1d" />
    <TestEntry testId="d1636ba9-c736-ec80-51b3-3587b293cb31" executionId="5b14b550-7d85-4551-a29e-ec937cb6e476" testListId="8c84fa94-04c1-424b-9868-57a2d4851a1d" />
    <TestEntry testId="85e31138-f88c-12b5-7afc-ac2a7eaf26b0" executionId="f0950d5e-b0c7-4a7c-a846-318cb3a54166" testListId="8c84fa94-04c1-424b-9868-57a2d4851a1d" />
    <TestEntry testId="91986196-0832-7e79-6fb5-a686ca827db8" executionId="9532071d-3b5e-4880-b16d-9886777441dc" testListId="8c84fa94-04c1-424b-9868-57a2d4851a1d" />
    <TestEntry testId="ec2c3c51-9d4b-1038-844c-f48128b8cc0c" executionId="802568af-4908-435a-9b86-232450cba245" testListId="8c84fa94-04c1-424b-9868-57a2d4851a1d" />
    <TestEntry testId="6f797c69-d499-2a2b-75ef-6d4db8b536a1" executionId="7d0f9239-681b-401d-866e-100357189ad6" testListId="8c84fa94-04c1-424b-9868-57a2d4851a1d" />
    <TestEntry testId="69206a0d-4937-3093-835a-3df234d041de" executionId="46ddb049-1ec2-44f3-a407-c95e6908f52f" testListId="8c84fa94-04c1-424b-9868-57a2d4851a1d" />
    <TestEntry testId="3ef8b5cf-8707-c2cc-29ee-d6824288eeb0" executionId="8d299088-b37d-497d-bc3c-5d3e967b602d" testListId="8c84fa94-04c1-424b-9868-57a2d4851a1d" />
    <TestEntry testId="9888b650-8e26-94e2-f453-35c86958c9aa" executionId="ae94651d-3e2f-4507-aeda-4b6f1798ae74" testListId="8c84fa94-04c1-424b-9868-57a2d4851a1d" />
    <TestEntry testId="c9e27eea-1dd5-b140-7a9a-270fe0a9f196" executionId="cc914e79-7ef0-4e08-a621-7d7a09a4c4fb" testListId="8c84fa94-04c1-424b-9868-57a2d4851a1d" />
    <TestEntry testId="7ceb55cc-4c13-504c-b156-2907682297c7" executionId="0bc92bd7-90a8-4139-a8b7-e89a849b969c" testListId="8c84fa94-04c1-424b-9868-57a2d4851a1d" />
    <TestEntry testId="e146cdb7-09f5-dac9-e8fc-d0b887a13fda" executionId="03c817e2-bf67-4cb8-a937-7408d820afce" testListId="8c84fa94-04c1-424b-9868-57a2d4851a1d" />
    <TestEntry testId="73b7dd63-a87e-fa41-dc1f-edbffea84e1c" executionId="adfe70cf-5da2-4b04-b9fc-f58ad2376993" testListId="8c84fa94-04c1-424b-9868-57a2d4851a1d" />
    <TestEntry testId="f5191f8b-095c-d354-18a2-f4daeef7a93b" executionId="522e9cc3-7e00-48d1-9df2-5a0301e74906" testListId="8c84fa94-04c1-424b-9868-57a2d4851a1d" />
    <TestEntry testId="f1c9a06d-9a9e-6851-f660-0ec6f84490bc" executionId="ca4dcef6-5d64-4e2f-8115-93d56dcea59a" testListId="8c84fa94-04c1-424b-9868-57a2d4851a1d" />
    <TestEntry testId="a19a4404-8d8e-ced9-5775-33a300aaf907" executionId="ce155b4a-fbf4-4e79-bf57-ebcceae5291a" testListId="8c84fa94-04c1-424b-9868-57a2d4851a1d" />
    <TestEntry testId="355ca1ec-ee11-f274-7cf0-d47a6c587c4f" executionId="b0a14160-e1a2-45c6-9970-53f6afe270d8" testListId="8c84fa94-04c1-424b-9868-57a2d4851a1d" />
    <TestEntry testId="61468278-a2ea-630c-9bb6-af835d00e099" executionId="944440f6-ef14-453d-86f9-6269d1829c81" testListId="8c84fa94-04c1-424b-9868-57a2d4851a1d" />
    <TestEntry testId="56df96f7-0235-ce29-b357-20a7bb374113" executionId="c9245189-f6e2-48d9-be8b-e9dc665b927c" testListId="8c84fa94-04c1-424b-9868-57a2d4851a1d" />
  </TestEntries>
  <TestLists>
    <TestList name="Resultados sin formato de lista" id="8c84fa94-04c1-424b-9868-57a2d4851a1d" />
    <TestList name="Todos los resultados cargados" id="19431567-8539-422a-85d7-44ee4e166bda" />
  </TestLists>
  <ResultSummary outcome="Completed">
    <Counters total="34" executed="34" passed="34" failed="0" error="0" timeout="0" aborted="0" inconclusive="0" passedButRunAborted="0" notRunnable="0" notExecuted="0" disconnected="0" warning="0" completed="0" inProgress="0" pending="0" />
    <CollectorDataEntries>
      <Collector agentName="IS00694" uri="datacollector://microsoft/CoverletCodeCoverage/1.0" collectorDisplayName="XPlat code coverage">
        <UriAttachments>
          <UriAttachment>
            <A href="IS00694\coverage.cobertura.xml"></A>
          </UriAttachment>
        </UriAttachments>
      </Collector>
    </CollectorDataEntries>
  </ResultSummary>
</TestRun>