<?xml version="1.0" encoding="utf-8"?>
<TestRun id="0ec3b029-8bdf-42bc-8efe-59f839f7be4e" name="rmorenol@IS00694 2026-03-10 17:32:57" runUser="DINTERSEGURO\rmorenol" xmlns="http://microsoft.com/schemas/VisualStudio/TeamTest/2010">
  <Times creation="2026-03-10T17:32:57.3145842-05:00" queuing="2026-03-10T17:32:57.3145843-05:00" start="2026-03-10T17:32:51.9840480-05:00" finish="2026-03-10T17:32:58.2465205-05:00" />
  <TestSettings name="default" id="89ac36e9-fffd-4b14-b4ef-0e32d53bb981">
    <Deployment runDeploymentRoot="rmorenol_IS00694_2026-03-10_17_32_57" />
  </TestSettings>
  <Results>
    <UnitTestResult executionId="92ab2c24-8cfd-42c5-9cc9-adc7481980c1" testId="070a3d05-3f81-83d9-4665-0d50aea39e12" testName="ListarAgenteExterno_CuandoSeInvoca_DebeRetornarListadoDelRepositorio" computerName="IS00694" duration="00:00:00.0004486" startTime="2026-03-10T17:32:57.4153324-05:00" endTime="2026-03-10T17:32:57.4159216-05:00" testType="13cdc9d9-ddb5-4fa4-a97d-d965ccfc6d4b" outcome="Passed" testListId="8c84fa94-04c1-424b-9868-57a2d4851a1d" relativeResultsDirectory="92ab2c24-8cfd-42c5-9cc9-adc7481980c1" />
    <UnitTestResult executionId="4e657458-0e54-4ee5-ac2f-1e59c745fe39" testId="56df96f7-0235-ce29-b357-20a7bb374113" testName="ObtenerJerarquiaAgente_CuandoSeInvoca_DebeRetornarJerarquiaDelRepositorio" computerName="IS00694" duration="00:00:00.0005986" startTime="2026-03-10T17:32:57.4139544-05:00" endTime="2026-03-10T17:32:57.4146195-05:00" testType="13cdc9d9-ddb5-4fa4-a97d-d965ccfc6d4b" outcome="Passed" testListId="8c84fa94-04c1-424b-9868-57a2d4851a1d" relativeResultsDirectory="4e657458-0e54-4ee5-ac2f-1e59c745fe39" />
    <UnitTestResult executionId="596f3fe9-5e25-4a56-858b-a7f0c958122d" testId="355ca1ec-ee11-f274-7cf0-d47a6c587c4f" testName="SolicitarAcceso_CuandoIpNoPermitida_DebeRetornarCodigoDenegadoSinRegistrar" computerName="IS00694" duration="00:00:00.1059512" startTime="2026-03-10T17:32:57.2904584-05:00" endTime="2026-03-10T17:32:57.3966776-05:00" testType="13cdc9d9-ddb5-4fa4-a97d-d965ccfc6d4b" outcome="Passed" testListId="8c84fa94-04c1-424b-9868-57a2d4851a1d" relativeResultsDirectory="596f3fe9-5e25-4a56-858b-a7f0c958122d" />
    <UnitTestResult executionId="4cfcec43-b768-4eae-8720-8f94e7b80d31" testId="f9ed65b0-c117-3307-9d8f-0dc315d8caca" testName="ListarRolAcom_CuandoSeInvoca_DebeRetornarListaDelRepositorio" computerName="IS00694" duration="00:00:00.0010464" startTime="2026-03-10T17:32:57.2514697-05:00" endTime="2026-03-10T17:32:57.2525720-05:00" testType="13cdc9d9-ddb5-4fa4-a97d-d965ccfc6d4b" outcome="Passed" testListId="8c84fa94-04c1-424b-9868-57a2d4851a1d" relativeResultsDirectory="4cfcec43-b768-4eae-8720-8f94e7b80d31" />
    <UnitTestResult executionId="c93514b2-5582-4b88-8628-2f3b076a39fd" testId="373b0c6d-9e9e-0405-4052-9feda277e6e7" testName="ObtenerDatosAnticipo_CuandoSeInvoca_DebeRetornarAnticipoDelRepositorio" computerName="IS00694" duration="00:00:00.0008819" startTime="2026-03-10T17:32:57.2715192-05:00" endTime="2026-03-10T17:32:57.2724998-05:00" testType="13cdc9d9-ddb5-4fa4-a97d-d965ccfc6d4b" outcome="Passed" testListId="8c84fa94-04c1-424b-9868-57a2d4851a1d" relativeResultsDirectory="c93514b2-5582-4b88-8628-2f3b076a39fd" />
    <UnitTestResult executionId="02712b8a-33c0-4d1e-824e-e8817b3983ee" testId="cf9e4e3b-e9af-9d28-544a-4afd88369853" testName="ObtenerAgente_CuandoSeInvoca_DebeRetornarAgentePorIdYUsuarioDelRepositorio" computerName="IS00694" duration="00:00:00.0002470" startTime="2026-03-10T17:32:57.4133544-05:00" endTime="2026-03-10T17:32:57.4136735-05:00" testType="13cdc9d9-ddb5-4fa4-a97d-d965ccfc6d4b" outcome="Passed" testListId="8c84fa94-04c1-424b-9868-57a2d4851a1d" relativeResultsDirectory="02712b8a-33c0-4d1e-824e-e8817b3983ee" />
    <UnitTestResult executionId="0cc4e7ad-9d0f-4bfc-bc87-cfca35d3ae29" testId="6f797c69-d499-2a2b-75ef-6d4db8b536a1" testName="CrearUsuario_CuandoSeInvoca_DebeInvocarRegistrarEnRepositorioConElMismoUsuario" computerName="IS00694" duration="00:00:00.0003284" startTime="2026-03-10T17:32:57.4033412-05:00" endTime="2026-03-10T17:32:57.4037590-05:00" testType="13cdc9d9-ddb5-4fa4-a97d-d965ccfc6d4b" outcome="Passed" testListId="8c84fa94-04c1-424b-9868-57a2d4851a1d" relativeResultsDirectory="0cc4e7ad-9d0f-4bfc-bc87-cfca35d3ae29" />
    <UnitTestResult executionId="00ecd534-c534-4f0a-abd7-9b9756be395d" testId="147a3c71-0eb2-3460-a169-3ba2eb9174b7" testName="ObtenerMSAgente_CuandoSeInvoca_DebeRetornarAgenteDelRepositorio" computerName="IS00694" duration="00:00:00.0022182" startTime="2026-03-10T17:32:57.2322102-05:00" endTime="2026-03-10T17:32:57.2345666-05:00" testType="13cdc9d9-ddb5-4fa4-a97d-d965ccfc6d4b" outcome="Passed" testListId="8c84fa94-04c1-424b-9868-57a2d4851a1d" relativeResultsDirectory="00ecd534-c534-4f0a-abd7-9b9756be395d" />
    <UnitTestResult executionId="c7bbdb60-26da-4260-b27e-27280df35354" testId="61468278-a2ea-630c-9bb6-af835d00e099" testName="ObtenerDatosAfiliado_CuandoSeInvoca_DebeRetornarAfiliadoDelRepositorio" computerName="IS00694" duration="00:00:00.0022068" startTime="2026-03-10T17:32:57.2352622-05:00" endTime="2026-03-10T17:32:57.2375589-05:00" testType="13cdc9d9-ddb5-4fa4-a97d-d965ccfc6d4b" outcome="Passed" testListId="8c84fa94-04c1-424b-9868-57a2d4851a1d" relativeResultsDirectory="c7bbdb60-26da-4260-b27e-27280df35354" />
    <UnitTestResult executionId="ba55db4a-1e70-4e96-81a0-cc5b6677f607" testId="4d7975ff-70cc-4851-34b5-742bcfbf8199" testName="ActualizarSolicitudAcceso_CuandoSeInvoca_DebeDelegarEnRepositorio" computerName="IS00694" duration="00:00:00.0001936" startTime="2026-03-10T17:32:57.4015951-05:00" endTime="2026-03-10T17:32:57.4018601-05:00" testType="13cdc9d9-ddb5-4fa4-a97d-d965ccfc6d4b" outcome="Passed" testListId="8c84fa94-04c1-424b-9868-57a2d4851a1d" relativeResultsDirectory="ba55db4a-1e70-4e96-81a0-cc5b6677f607" />
    <UnitTestResult executionId="630e07b8-c5ea-4649-b222-ce7ed6bba155" testId="f5191f8b-095c-d354-18a2-f4daeef7a93b" testName="ObtenerFlujos_CuandoSeInvoca_DebeRetornarFlujosDelRepositorio" computerName="IS00694" duration="00:00:00.0031160" startTime="2026-03-10T17:32:57.2447054-05:00" endTime="2026-03-10T17:32:57.2479275-05:00" testType="13cdc9d9-ddb5-4fa4-a97d-d965ccfc6d4b" outcome="Passed" testListId="8c84fa94-04c1-424b-9868-57a2d4851a1d" relativeResultsDirectory="630e07b8-c5ea-4649-b222-ce7ed6bba155" />
    <UnitTestResult executionId="6c03318b-767c-4094-b9ce-1c278cf33b64" testId="0ebebc15-a867-543e-62ed-0bb4568ab994" testName="ConsultarGestionVentas_CuandoSeInvoca_DebeRetornarListaDelRepositorio" computerName="IS00694" duration="00:00:00.0013240" startTime="2026-03-10T17:32:57.2497823-05:00" endTime="2026-03-10T17:32:57.2511665-05:00" testType="13cdc9d9-ddb5-4fa4-a97d-d965ccfc6d4b" outcome="Passed" testListId="8c84fa94-04c1-424b-9868-57a2d4851a1d" relativeResultsDirectory="6c03318b-767c-4094-b9ce-1c278cf33b64" />
    <UnitTestResult executionId="b94c7ab7-7bc8-4f67-b299-af06a35ce435" testId="1bcb71f3-2d5e-9d5a-1f38-5b72cb49eb8a" testName="ActualizarAgente_CuandoSeInvoca_DebeActualizarAgenteEnRepositorio" computerName="IS00694" duration="00:00:00.0001821" startTime="2026-03-10T17:32:57.4122016-05:00" endTime="2026-03-10T17:32:57.4124403-05:00" testType="13cdc9d9-ddb5-4fa4-a97d-d965ccfc6d4b" outcome="Passed" testListId="8c84fa94-04c1-424b-9868-57a2d4851a1d" relativeResultsDirectory="b94c7ab7-7bc8-4f67-b299-af06a35ce435" />
    <UnitTestResult executionId="41532a99-fb5f-4aa3-aa34-2fd30ef11b17" testId="85e31138-f88c-12b5-7afc-ac2a7eaf26b0" testName="CrearAgente_CuandoSeInvoca_DebeRegistrarAgenteEnRepositorio" computerName="IS00694" duration="00:00:00.0002041" startTime="2026-03-10T17:32:57.4115783-05:00" endTime="2026-03-10T17:32:57.4118515-05:00" testType="13cdc9d9-ddb5-4fa4-a97d-d965ccfc6d4b" outcome="Passed" testListId="8c84fa94-04c1-424b-9868-57a2d4851a1d" relativeResultsDirectory="41532a99-fb5f-4aa3-aa34-2fd30ef11b17" />
    <UnitTestResult executionId="bd377451-86ac-4245-a570-8ec1719adf74" testId="dc140974-5b9e-e98c-fe32-b734be8d10a9" testName="SolicitarAcceso_CuandoRepositorioIpLanzaExcepcion_DebeRetornarCodigoErrorTecnico" computerName="IS00694" duration="00:00:00.0004098" startTime="2026-03-10T17:32:57.3971799-05:00" endTime="2026-03-10T17:32:57.3977239-05:00" testType="13cdc9d9-ddb5-4fa4-a97d-d965ccfc6d4b" outcome="Passed" testListId="8c84fa94-04c1-424b-9868-57a2d4851a1d" relativeResultsDirectory="bd377451-86ac-4245-a570-8ec1719adf74" />
    <UnitTestResult executionId="06d88559-8d03-48aa-9f8c-478fbb1e6471" testId="d1636ba9-c736-ec80-51b3-3587b293cb31" testName="EliminarAgente_CuandoSeInvoca_DebeEliminarAgenteEnRepositorio" computerName="IS00694" duration="00:00:00.0001769" startTime="2026-03-10T17:32:57.4127626-05:00" endTime="2026-03-10T17:32:57.4129847-05:00" testType="13cdc9d9-ddb5-4fa4-a97d-d965ccfc6d4b" outcome="Passed" testListId="8c84fa94-04c1-424b-9868-57a2d4851a1d" relativeResultsDirectory="06d88559-8d03-48aa-9f8c-478fbb1e6471" />
    <UnitTestResult executionId="c06fd2ea-6441-4e46-9b95-9dd36d1edaf9" testId="7ceb55cc-4c13-504c-b156-2907682297c7" testName="ListarAgentes_CuandoSeInvoca_DebeRetornarListadoDelRepositorio" computerName="IS00694" duration="00:00:00.0002699" startTime="2026-03-10T17:32:57.4055462-05:00" endTime="2026-03-10T17:32:57.4058796-05:00" testType="13cdc9d9-ddb5-4fa4-a97d-d965ccfc6d4b" outcome="Passed" testListId="8c84fa94-04c1-424b-9868-57a2d4851a1d" relativeResultsDirectory="c06fd2ea-6441-4e46-9b95-9dd36d1edaf9" />
    <UnitTestResult executionId="95ef9cc9-ded1-48ce-8465-eeb717eac67c" testId="e2fee95c-4d65-45d7-852a-a5ce85d78ce4" testName="ObtenerUltimoAgentePorCartera_CuandoSeInvoca_DebeRetornarAgenteDelRepositorio" computerName="IS00694" duration="00:00:00.0002189" startTime="2026-03-10T17:32:57.4163130-05:00" endTime="2026-03-10T17:32:57.4166140-05:00" testType="13cdc9d9-ddb5-4fa4-a97d-d965ccfc6d4b" outcome="Passed" testListId="8c84fa94-04c1-424b-9868-57a2d4851a1d" relativeResultsDirectory="95ef9cc9-ded1-48ce-8465-eeb717eac67c" />
    <UnitTestResult executionId="b848cf02-de41-47cf-947c-110fe00669f9" testId="45cf31fc-e3a5-99c5-c6cb-72217df37186" testName="ValidaFlujoSolicitudRol_CuandoSeInvoca_DebeRetornarValorDelRepositorio" computerName="IS00694" duration="00:00:00.0010942" startTime="2026-03-10T17:32:57.2482859-05:00" endTime="2026-03-10T17:32:57.2494494-05:00" testType="13cdc9d9-ddb5-4fa4-a97d-d965ccfc6d4b" outcome="Passed" testListId="8c84fa94-04c1-424b-9868-57a2d4851a1d" relativeResultsDirectory="b848cf02-de41-47cf-947c-110fe00669f9" />
    <UnitTestResult executionId="ec9dc2d6-f94b-4f25-9362-e8505455939e" testId="ec2c3c51-9d4b-1038-844c-f48128b8cc0c" testName="ListarGrupoFamiliar_CuandoSeInvoca_DebeRetornarListaDelRepositorio" computerName="IS00694" duration="00:00:00.0009258" startTime="2026-03-10T17:32:57.2379671-05:00" endTime="2026-03-10T17:32:57.2389922-05:00" testType="13cdc9d9-ddb5-4fa4-a97d-d965ccfc6d4b" outcome="Passed" testListId="8c84fa94-04c1-424b-9868-57a2d4851a1d" relativeResultsDirectory="ec9dc2d6-f94b-4f25-9362-e8505455939e" />
    <UnitTestResult executionId="dc27c887-8b23-4558-9b3a-b0913d502cbb" testId="6574d10c-b4ca-efad-9075-1f5804de1a40" testName="ListarSolicitudPorCuspp_CuandoSeInvoca_DebeRetornarListaDelRepositorio" computerName="IS00694" duration="00:00:00.0042743" startTime="2026-03-10T17:32:57.2395946-05:00" endTime="2026-03-10T17:32:57.2442469-05:00" testType="13cdc9d9-ddb5-4fa4-a97d-d965ccfc6d4b" outcome="Passed" testListId="8c84fa94-04c1-424b-9868-57a2d4851a1d" relativeResultsDirectory="dc27c887-8b23-4558-9b3a-b0913d502cbb" />
    <UnitTestResult executionId="e506f797-3f8a-40fc-9f71-56658e63e24f" testId="91986196-0832-7e79-6fb5-a686ca827db8" testName="ObtenerUsuarios_CuandoSeInvoca_DebeRetornarListadoDelRepositorio" computerName="IS00694" duration="00:00:00.0001862" startTime="2026-03-10T17:32:57.4041228-05:00" endTime="2026-03-10T17:32:57.4043815-05:00" testType="13cdc9d9-ddb5-4fa4-a97d-d965ccfc6d4b" outcome="Passed" testListId="8c84fa94-04c1-424b-9868-57a2d4851a1d" relativeResultsDirectory="e506f797-3f8a-40fc-9f71-56658e63e24f" />
    <UnitTestResult executionId="a91aad31-5208-4820-a9a3-8c854743bcb7" testId="3ef8b5cf-8707-c2cc-29ee-d6824288eeb0" testName="ValidarToken_CuandoIpNoPermitida_DebeLanzarExcepcion" computerName="IS00694" duration="00:00:00.0007475" startTime="2026-03-10T17:32:57.3992833-05:00" endTime="2026-03-10T17:32:57.4001196-05:00" testType="13cdc9d9-ddb5-4fa4-a97d-d965ccfc6d4b" outcome="Passed" testListId="8c84fa94-04c1-424b-9868-57a2d4851a1d" relativeResultsDirectory="a91aad31-5208-4820-a9a3-8c854743bcb7" />
    <UnitTestResult executionId="3233e3b3-a30b-4870-a483-1bb27313077a" testId="e146cdb7-09f5-dac9-e8fc-d0b887a13fda" testName="ObtenerNumAgente_CuandoSeInvoca_DebeRetornarValorDelRepositorio" computerName="IS00694" duration="00:00:00.0002532" startTime="2026-03-10T17:32:57.4062405-05:00" endTime="2026-03-10T17:32:57.4065721-05:00" testType="13cdc9d9-ddb5-4fa4-a97d-d965ccfc6d4b" outcome="Passed" testListId="8c84fa94-04c1-424b-9868-57a2d4851a1d" relativeResultsDirectory="3233e3b3-a30b-4870-a483-1bb27313077a" />
    <UnitTestResult executionId="562ce945-2da7-438a-8ab1-ec95e48b92d6" testId="ade77a81-4124-50ba-3391-272e83c4089d" testName="SolicitudesHabilitadas_CuandoSeInvoca_DebeRetornarCadenaDelRepositorio" computerName="IS00694" duration="00:00:00.0018268" startTime="2026-03-10T17:32:57.2729496-05:00" endTime="2026-03-10T17:32:57.2748787-05:00" testType="13cdc9d9-ddb5-4fa4-a97d-d965ccfc6d4b" outcome="Passed" testListId="8c84fa94-04c1-424b-9868-57a2d4851a1d" relativeResultsDirectory="562ce945-2da7-438a-8ab1-ec95e48b92d6" />
    <UnitTestResult executionId="fc8ab9ec-bdd1-4233-8eb5-86a1ceadddf5" testId="34c54c93-997c-4686-fd8a-730343abcf24" testName="ObtenerPreCubo_CuandoSeInvoca_DebeRetornarReporteDelRepositorio" computerName="IS00694" duration="00:00:00.3271453" startTime="2026-03-10T17:32:56.8837399-05:00" endTime="2026-03-10T17:32:57.2231497-05:00" testType="13cdc9d9-ddb5-4fa4-a97d-d965ccfc6d4b" outcome="Passed" testListId="8c84fa94-04c1-424b-9868-57a2d4851a1d" relativeResultsDirectory="fc8ab9ec-bdd1-4233-8eb5-86a1ceadddf5" />
    <UnitTestResult executionId="ebdaad1b-81cb-46b8-ab58-2fbaffe09977" testId="77eb9982-f923-7723-4988-63311ce16ec6" testName="ObtenerUsuario_CuandoSeInvoca_DebeRetornarUsuarioPorIdDelRepositorio" computerName="IS00694" duration="00:00:00.0004235" startTime="2026-03-10T17:32:57.4047052-05:00" endTime="2026-03-10T17:32:57.4051924-05:00" testType="13cdc9d9-ddb5-4fa4-a97d-d965ccfc6d4b" outcome="Passed" testListId="8c84fa94-04c1-424b-9868-57a2d4851a1d" relativeResultsDirectory="ebdaad1b-81cb-46b8-ab58-2fbaffe09977" />
    <UnitTestResult executionId="99e3c3bc-e76f-4a2d-b06e-6608d2239444" testId="c9e27eea-1dd5-b140-7a9a-270fe0a9f196" testName="RegistrarDescargaSolicitudes_CuandoSeInvoca_DebeRetornarLoteDelRepositorio" computerName="IS00694" duration="00:00:00.0014413" startTime="2026-03-10T17:32:57.2694838-05:00" endTime="2026-03-10T17:32:57.2710774-05:00" testType="13cdc9d9-ddb5-4fa4-a97d-d965ccfc6d4b" outcome="Passed" testListId="8c84fa94-04c1-424b-9868-57a2d4851a1d" relativeResultsDirectory="99e3c3bc-e76f-4a2d-b06e-6608d2239444" />
    <UnitTestResult executionId="ddcb7cc8-53f2-4b54-9dac-ddea71e4cc3f" testId="9888b650-8e26-94e2-f453-35c86958c9aa" testName="ObtenerSupervisorAgente_CuandoSeInvoca_DebeRetornarSupervisorDelRepositorio" computerName="IS00694" duration="00:00:00.0006466" startTime="2026-03-10T17:32:57.4091962-05:00" endTime="2026-03-10T17:32:57.4101575-05:00" testType="13cdc9d9-ddb5-4fa4-a97d-d965ccfc6d4b" outcome="Passed" testListId="8c84fa94-04c1-424b-9868-57a2d4851a1d" relativeResultsDirectory="ddcb7cc8-53f2-4b54-9dac-ddea71e4cc3f" />
    <UnitTestResult executionId="427d8109-711b-4ae9-95db-55ef05d93ec4" testId="a19a4404-8d8e-ced9-5775-33a300aaf907" testName="ListarSolicitudRPPlus_CuandoSeInvoca_DebeRetornarListaDelRepositorio" computerName="IS00694" duration="00:00:00.0116880" startTime="2026-03-10T17:32:57.2756418-05:00" endTime="2026-03-10T17:32:57.2875191-05:00" testType="13cdc9d9-ddb5-4fa4-a97d-d965ccfc6d4b" outcome="Passed" testListId="8c84fa94-04c1-424b-9868-57a2d4851a1d" relativeResultsDirectory="427d8109-711b-4ae9-95db-55ef05d93ec4" />
    <UnitTestResult executionId="add19278-b482-4e10-88a1-ad7b0eeab1af" testId="69206a0d-4937-3093-835a-3df234d041de" testName="ListarUsuario_CuandoSeInvoca_DebeRetornarListadoFiltradoDelRepositorio" computerName="IS00694" duration="00:00:00.0009404" startTime="2026-03-10T17:32:57.4070172-05:00" endTime="2026-03-10T17:32:57.4082599-05:00" testType="13cdc9d9-ddb5-4fa4-a97d-d965ccfc6d4b" outcome="Passed" testListId="8c84fa94-04c1-424b-9868-57a2d4851a1d" relativeResultsDirectory="add19278-b482-4e10-88a1-ad7b0eeab1af" />
    <UnitTestResult executionId="dc8b7bb5-65b5-433e-80a5-c2624ba24118" testId="3ffd6ad4-bb19-859f-7e62-ff5d44d2aafc" testName="EliminarUsuario_CuandoSeInvoca_DebeInvocarEliminarEnRepositorioConElMismoUsuario" computerName="IS00694" duration="00:00:00.0005181" startTime="2026-03-10T17:32:57.4022049-05:00" endTime="2026-03-10T17:32:57.4029165-05:00" testType="13cdc9d9-ddb5-4fa4-a97d-d965ccfc6d4b" outcome="Passed" testListId="8c84fa94-04c1-424b-9868-57a2d4851a1d" relativeResultsDirectory="dc8b7bb5-65b5-433e-80a5-c2624ba24118" />
    <UnitTestResult executionId="17f491d7-53b0-4474-a308-674bfe2e4d1f" testId="f1c9a06d-9a9e-6851-f660-0ec6f84490bc" testName="ValidarToken_CuandoIpPermitida_DebeRetornarSolicitudDelRepositorio" computerName="IS00694" duration="00:00:00.0004597" startTime="2026-03-10T17:32:57.3980730-05:00" endTime="2026-03-10T17:32:57.3986593-05:00" testType="13cdc9d9-ddb5-4fa4-a97d-d965ccfc6d4b" outcome="Passed" testListId="8c84fa94-04c1-424b-9868-57a2d4851a1d" relativeResultsDirectory="17f491d7-53b0-4474-a308-674bfe2e4d1f" />
    <UnitTestResult executionId="4cfaf242-fd84-43c6-95d0-f1c0351221fc" testId="73b7dd63-a87e-fa41-dc1f-edbffea84e1c" testName="ObtenerDatosSolicitudRPPlus_CuandoSeInvoca_DebeRetornarSolicitudDelRepositorio" computerName="IS00694" duration="00:00:00.0013060" startTime="2026-03-10T17:32:57.2881703-05:00" endTime="2026-03-10T17:32:57.2898132-05:00" testType="13cdc9d9-ddb5-4fa4-a97d-d965ccfc6d4b" outcome="Passed" testListId="8c84fa94-04c1-424b-9868-57a2d4851a1d" relativeResultsDirectory="4cfaf242-fd84-43c6-95d0-f1c0351221fc" />
  </Results>
  <TestDefinitions>
    <UnitTest name="SolicitudesHabilitadas_CuandoSeInvoca_DebeRetornarCadenaDelRepositorio" storage="d:\rentas\repo_giane\v2\cwrv\interseguro.cwrv.tests\bin\debug\net9.0\interseguro.cwrv.tests.dll" id="ade77a81-4124-50ba-3391-272e83c4089d">
      <Execution id="562ce945-2da7-438a-8ab1-ec95e48b92d6" />
      <TestMethod codeBase="D:\Rentas\repo_giane\v2\cwrv\Interseguro.CWRV.Tests\bin\Debug\net9.0\Interseguro.CWRV.Tests.dll" adapterTypeName="executor://mstestadapter/v2" className="Interseguro.CWRV.Tests.CotizadorServicioTests" name="SolicitudesHabilitadas_CuandoSeInvoca_DebeRetornarCadenaDelRepositorio" />
    </UnitTest>
    <UnitTest name="ObtenerFlujos_CuandoSeInvoca_DebeRetornarFlujosDelRepositorio" storage="d:\rentas\repo_giane\v2\cwrv\interseguro.cwrv.tests\bin\debug\net9.0\interseguro.cwrv.tests.dll" id="f5191f8b-095c-d354-18a2-f4daeef7a93b">
      <Execution id="630e07b8-c5ea-4649-b222-ce7ed6bba155" />
      <TestMethod codeBase="D:\Rentas\repo_giane\v2\cwrv\Interseguro.CWRV.Tests\bin\Debug\net9.0\Interseguro.CWRV.Tests.dll" adapterTypeName="executor://mstestadapter/v2" className="Interseguro.CWRV.Tests.CotizadorServicioTests" name="ObtenerFlujos_CuandoSeInvoca_DebeRetornarFlujosDelRepositorio" />
    </UnitTest>
    <UnitTest name="EliminarAgente_CuandoSeInvoca_DebeEliminarAgenteEnRepositorio" storage="d:\rentas\repo_giane\v2\cwrv\interseguro.cwrv.tests\bin\debug\net9.0\interseguro.cwrv.tests.dll" id="d1636ba9-c736-ec80-51b3-3587b293cb31">
      <Execution id="06d88559-8d03-48aa-9f8c-478fbb1e6471" />
      <TestMethod codeBase="D:\Rentas\repo_giane\v2\cwrv\Interseguro.CWRV.Tests\bin\Debug\net9.0\Interseguro.CWRV.Tests.dll" adapterTypeName="executor://mstestadapter/v2" className="Interseguro.CWRV.Tests.UsuarioServicioTests" name="EliminarAgente_CuandoSeInvoca_DebeEliminarAgenteEnRepositorio" />
    </UnitTest>
    <UnitTest name="ListarGrupoFamiliar_CuandoSeInvoca_DebeRetornarListaDelRepositorio" storage="d:\rentas\repo_giane\v2\cwrv\interseguro.cwrv.tests\bin\debug\net9.0\interseguro.cwrv.tests.dll" id="ec2c3c51-9d4b-1038-844c-f48128b8cc0c">
      <Execution id="ec9dc2d6-f94b-4f25-9362-e8505455939e" />
      <TestMethod codeBase="D:\Rentas\repo_giane\v2\cwrv\Interseguro.CWRV.Tests\bin\Debug\net9.0\Interseguro.CWRV.Tests.dll" adapterTypeName="executor://mstestadapter/v2" className="Interseguro.CWRV.Tests.CotizadorServicioTests" name="ListarGrupoFamiliar_CuandoSeInvoca_DebeRetornarListaDelRepositorio" />
    </UnitTest>
    <UnitTest name="ObtenerUltimoAgentePorCartera_CuandoSeInvoca_DebeRetornarAgenteDelRepositorio" storage="d:\rentas\repo_giane\v2\cwrv\interseguro.cwrv.tests\bin\debug\net9.0\interseguro.cwrv.tests.dll" id="e2fee95c-4d65-45d7-852a-a5ce85d78ce4">
      <Execution id="95ef9cc9-ded1-48ce-8465-eeb717eac67c" />
      <TestMethod codeBase="D:\Rentas\repo_giane\v2\cwrv\Interseguro.CWRV.Tests\bin\Debug\net9.0\Interseguro.CWRV.Tests.dll" adapterTypeName="executor://mstestadapter/v2" className="Interseguro.CWRV.Tests.UsuarioServicioTests" name="ObtenerUltimoAgentePorCartera_CuandoSeInvoca_DebeRetornarAgenteDelRepositorio" />
    </UnitTest>
    <UnitTest name="ListarRolAcom_CuandoSeInvoca_DebeRetornarListaDelRepositorio" storage="d:\rentas\repo_giane\v2\cwrv\interseguro.cwrv.tests\bin\debug\net9.0\interseguro.cwrv.tests.dll" id="f9ed65b0-c117-3307-9d8f-0dc315d8caca">
      <Execution id="4cfcec43-b768-4eae-8720-8f94e7b80d31" />
      <TestMethod codeBase="D:\Rentas\repo_giane\v2\cwrv\Interseguro.CWRV.Tests\bin\Debug\net9.0\Interseguro.CWRV.Tests.dll" adapterTypeName="executor://mstestadapter/v2" className="Interseguro.CWRV.Tests.CotizadorServicioTests" name="ListarRolAcom_CuandoSeInvoca_DebeRetornarListaDelRepositorio" />
    </UnitTest>
    <UnitTest name="ActualizarSolicitudAcceso_CuandoSeInvoca_DebeDelegarEnRepositorio" storage="d:\rentas\repo_giane\v2\cwrv\interseguro.cwrv.tests\bin\debug\net9.0\interseguro.cwrv.tests.dll" id="4d7975ff-70cc-4851-34b5-742bcfbf8199">
      <Execution id="ba55db4a-1e70-4e96-81a0-cc5b6677f607" />
      <TestMethod codeBase="D:\Rentas\repo_giane\v2\cwrv\Interseguro.CWRV.Tests\bin\Debug\net9.0\Interseguro.CWRV.Tests.dll" adapterTypeName="executor://mstestadapter/v2" className="Interseguro.CWRV.Tests.SeguridadServicioTests" name="ActualizarSolicitudAcceso_CuandoSeInvoca_DebeDelegarEnRepositorio" />
    </UnitTest>
    <UnitTest name="SolicitarAcceso_CuandoIpNoPermitida_DebeRetornarCodigoDenegadoSinRegistrar" storage="d:\rentas\repo_giane\v2\cwrv\interseguro.cwrv.tests\bin\debug\net9.0\interseguro.cwrv.tests.dll" id="355ca1ec-ee11-f274-7cf0-d47a6c587c4f">
      <Execution id="596f3fe9-5e25-4a56-858b-a7f0c958122d" />
      <TestMethod codeBase="D:\Rentas\repo_giane\v2\cwrv\Interseguro.CWRV.Tests\bin\Debug\net9.0\Interseguro.CWRV.Tests.dll" adapterTypeName="executor://mstestadapter/v2" className="Interseguro.CWRV.Tests.SeguridadServicioTests" name="SolicitarAcceso_CuandoIpNoPermitida_DebeRetornarCodigoDenegadoSinRegistrar" />
    </UnitTest>
    <UnitTest name="ListarAgentes_CuandoSeInvoca_DebeRetornarListadoDelRepositorio" storage="d:\rentas\repo_giane\v2\cwrv\interseguro.cwrv.tests\bin\debug\net9.0\interseguro.cwrv.tests.dll" id="7ceb55cc-4c13-504c-b156-2907682297c7">
      <Execution id="c06fd2ea-6441-4e46-9b95-9dd36d1edaf9" />
      <TestMethod codeBase="D:\Rentas\repo_giane\v2\cwrv\Interseguro.CWRV.Tests\bin\Debug\net9.0\Interseguro.CWRV.Tests.dll" adapterTypeName="executor://mstestadapter/v2" className="Interseguro.CWRV.Tests.UsuarioServicioTests" name="ListarAgentes_CuandoSeInvoca_DebeRetornarListadoDelRepositorio" />
    </UnitTest>
    <UnitTest name="ObtenerAgente_CuandoSeInvoca_DebeRetornarAgentePorIdYUsuarioDelRepositorio" storage="d:\rentas\repo_giane\v2\cwrv\interseguro.cwrv.tests\bin\debug\net9.0\interseguro.cwrv.tests.dll" id="cf9e4e3b-e9af-9d28-544a-4afd88369853">
      <Execution id="02712b8a-33c0-4d1e-824e-e8817b3983ee" />
      <TestMethod codeBase="D:\Rentas\repo_giane\v2\cwrv\Interseguro.CWRV.Tests\bin\Debug\net9.0\Interseguro.CWRV.Tests.dll" adapterTypeName="executor://mstestadapter/v2" className="Interseguro.CWRV.Tests.UsuarioServicioTests" name="ObtenerAgente_CuandoSeInvoca_DebeRetornarAgentePorIdYUsuarioDelRepositorio" />
    </UnitTest>
    <UnitTest name="ValidarToken_CuandoIpPermitida_DebeRetornarSolicitudDelRepositorio" storage="d:\rentas\repo_giane\v2\cwrv\interseguro.cwrv.tests\bin\debug\net9.0\interseguro.cwrv.tests.dll" id="f1c9a06d-9a9e-6851-f660-0ec6f84490bc">
      <Execution id="17f491d7-53b0-4474-a308-674bfe2e4d1f" />
      <TestMethod codeBase="D:\Rentas\repo_giane\v2\cwrv\Interseguro.CWRV.Tests\bin\Debug\net9.0\Interseguro.CWRV.Tests.dll" adapterTypeName="executor://mstestadapter/v2" className="Interseguro.CWRV.Tests.SeguridadServicioTests" name="ValidarToken_CuandoIpPermitida_DebeRetornarSolicitudDelRepositorio" />
    </UnitTest>
    <UnitTest name="ConsultarGestionVentas_CuandoSeInvoca_DebeRetornarListaDelRepositorio" storage="d:\rentas\repo_giane\v2\cwrv\interseguro.cwrv.tests\bin\debug\net9.0\interseguro.cwrv.tests.dll" id="0ebebc15-a867-543e-62ed-0bb4568ab994">
      <Execution id="6c03318b-767c-4094-b9ce-1c278cf33b64" />
      <TestMethod codeBase="D:\Rentas\repo_giane\v2\cwrv\Interseguro.CWRV.Tests\bin\Debug\net9.0\Interseguro.CWRV.Tests.dll" adapterTypeName="executor://mstestadapter/v2" className="Interseguro.CWRV.Tests.CotizadorServicioTests" name="ConsultarGestionVentas_CuandoSeInvoca_DebeRetornarListaDelRepositorio" />
    </UnitTest>
    <UnitTest name="ListarSolicitudPorCuspp_CuandoSeInvoca_DebeRetornarListaDelRepositorio" storage="d:\rentas\repo_giane\v2\cwrv\interseguro.cwrv.tests\bin\debug\net9.0\interseguro.cwrv.tests.dll" id="6574d10c-b4ca-efad-9075-1f5804de1a40">
      <Execution id="dc27c887-8b23-4558-9b3a-b0913d502cbb" />
      <TestMethod codeBase="D:\Rentas\repo_giane\v2\cwrv\Interseguro.CWRV.Tests\bin\Debug\net9.0\Interseguro.CWRV.Tests.dll" adapterTypeName="executor://mstestadapter/v2" className="Interseguro.CWRV.Tests.CotizadorServicioTests" name="ListarSolicitudPorCuspp_CuandoSeInvoca_DebeRetornarListaDelRepositorio" />
    </UnitTest>
    <UnitTest name="ActualizarAgente_CuandoSeInvoca_DebeActualizarAgenteEnRepositorio" storage="d:\rentas\repo_giane\v2\cwrv\interseguro.cwrv.tests\bin\debug\net9.0\interseguro.cwrv.tests.dll" id="1bcb71f3-2d5e-9d5a-1f38-5b72cb49eb8a">
      <Execution id="b94c7ab7-7bc8-4f67-b299-af06a35ce435" />
      <TestMethod codeBase="D:\Rentas\repo_giane\v2\cwrv\Interseguro.CWRV.Tests\bin\Debug\net9.0\Interseguro.CWRV.Tests.dll" adapterTypeName="executor://mstestadapter/v2" className="Interseguro.CWRV.Tests.UsuarioServicioTests" name="ActualizarAgente_CuandoSeInvoca_DebeActualizarAgenteEnRepositorio" />
    </UnitTest>
    <UnitTest name="ListarUsuario_CuandoSeInvoca_DebeRetornarListadoFiltradoDelRepositorio" storage="d:\rentas\repo_giane\v2\cwrv\interseguro.cwrv.tests\bin\debug\net9.0\interseguro.cwrv.tests.dll" id="69206a0d-4937-3093-835a-3df234d041de">
      <Execution id="add19278-b482-4e10-88a1-ad7b0eeab1af" />
      <TestMethod codeBase="D:\Rentas\repo_giane\v2\cwrv\Interseguro.CWRV.Tests\bin\Debug\net9.0\Interseguro.CWRV.Tests.dll" adapterTypeName="executor://mstestadapter/v2" className="Interseguro.CWRV.Tests.UsuarioServicioTests" name="ListarUsuario_CuandoSeInvoca_DebeRetornarListadoFiltradoDelRepositorio" />
    </UnitTest>
    <UnitTest name="ObtenerMSAgente_CuandoSeInvoca_DebeRetornarAgenteDelRepositorio" storage="d:\rentas\repo_giane\v2\cwrv\interseguro.cwrv.tests\bin\debug\net9.0\interseguro.cwrv.tests.dll" id="147a3c71-0eb2-3460-a169-3ba2eb9174b7">
      <Execution id="00ecd534-c534-4f0a-abd7-9b9756be395d" />
      <TestMethod codeBase="D:\Rentas\repo_giane\v2\cwrv\Interseguro.CWRV.Tests\bin\Debug\net9.0\Interseguro.CWRV.Tests.dll" adapterTypeName="executor://mstestadapter/v2" className="Interseguro.CWRV.Tests.CotizadorServicioTests" name="ObtenerMSAgente_CuandoSeInvoca_DebeRetornarAgenteDelRepositorio" />
    </UnitTest>
    <UnitTest name="ObtenerUsuarios_CuandoSeInvoca_DebeRetornarListadoDelRepositorio" storage="d:\rentas\repo_giane\v2\cwrv\interseguro.cwrv.tests\bin\debug\net9.0\interseguro.cwrv.tests.dll" id="91986196-0832-7e79-6fb5-a686ca827db8">
      <Execution id="e506f797-3f8a-40fc-9f71-56658e63e24f" />
      <TestMethod codeBase="D:\Rentas\repo_giane\v2\cwrv\Interseguro.CWRV.Tests\bin\Debug\net9.0\Interseguro.CWRV.Tests.dll" adapterTypeName="executor://mstestadapter/v2" className="Interseguro.CWRV.Tests.UsuarioServicioTests" name="ObtenerUsuarios_CuandoSeInvoca_DebeRetornarListadoDelRepositorio" />
    </UnitTest>
    <UnitTest name="RegistrarDescargaSolicitudes_CuandoSeInvoca_DebeRetornarLoteDelRepositorio" storage="d:\rentas\repo_giane\v2\cwrv\interseguro.cwrv.tests\bin\debug\net9.0\interseguro.cwrv.tests.dll" id="c9e27eea-1dd5-b140-7a9a-270fe0a9f196">
      <Execution id="99e3c3bc-e76f-4a2d-b06e-6608d2239444" />
      <TestMethod codeBase="D:\Rentas\repo_giane\v2\cwrv\Interseguro.CWRV.Tests\bin\Debug\net9.0\Interseguro.CWRV.Tests.dll" adapterTypeName="executor://mstestadapter/v2" className="Interseguro.CWRV.Tests.CotizadorServicioTests" name="RegistrarDescargaSolicitudes_CuandoSeInvoca_DebeRetornarLoteDelRepositorio" />
    </UnitTest>
    <UnitTest name="ObtenerDatosAfiliado_CuandoSeInvoca_DebeRetornarAfiliadoDelRepositorio" storage="d:\rentas\repo_giane\v2\cwrv\interseguro.cwrv.tests\bin\debug\net9.0\interseguro.cwrv.tests.dll" id="61468278-a2ea-630c-9bb6-af835d00e099">
      <Execution id="c7bbdb60-26da-4260-b27e-27280df35354" />
      <TestMethod codeBase="D:\Rentas\repo_giane\v2\cwrv\Interseguro.CWRV.Tests\bin\Debug\net9.0\Interseguro.CWRV.Tests.dll" adapterTypeName="executor://mstestadapter/v2" className="Interseguro.CWRV.Tests.CotizadorServicioTests" name="ObtenerDatosAfiliado_CuandoSeInvoca_DebeRetornarAfiliadoDelRepositorio" />
    </UnitTest>
    <UnitTest name="EliminarUsuario_CuandoSeInvoca_DebeInvocarEliminarEnRepositorioConElMismoUsuario" storage="d:\rentas\repo_giane\v2\cwrv\interseguro.cwrv.tests\bin\debug\net9.0\interseguro.cwrv.tests.dll" id="3ffd6ad4-bb19-859f-7e62-ff5d44d2aafc">
      <Execution id="dc8b7bb5-65b5-433e-80a5-c2624ba24118" />
      <TestMethod codeBase="D:\Rentas\repo_giane\v2\cwrv\Interseguro.CWRV.Tests\bin\Debug\net9.0\Interseguro.CWRV.Tests.dll" adapterTypeName="executor://mstestadapter/v2" className="Interseguro.CWRV.Tests.UsuarioServicioTests" name="EliminarUsuario_CuandoSeInvoca_DebeInvocarEliminarEnRepositorioConElMismoUsuario" />
    </UnitTest>
    <UnitTest name="ObtenerUsuario_CuandoSeInvoca_DebeRetornarUsuarioPorIdDelRepositorio" storage="d:\rentas\repo_giane\v2\cwrv\interseguro.cwrv.tests\bin\debug\net9.0\interseguro.cwrv.tests.dll" id="77eb9982-f923-7723-4988-63311ce16ec6">
      <Execution id="ebdaad1b-81cb-46b8-ab58-2fbaffe09977" />
      <TestMethod codeBase="D:\Rentas\repo_giane\v2\cwrv\Interseguro.CWRV.Tests\bin\Debug\net9.0\Interseguro.CWRV.Tests.dll" adapterTypeName="executor://mstestadapter/v2" className="Interseguro.CWRV.Tests.UsuarioServicioTests" name="ObtenerUsuario_CuandoSeInvoca_DebeRetornarUsuarioPorIdDelRepositorio" />
    </UnitTest>
    <UnitTest name="SolicitarAcceso_CuandoRepositorioIpLanzaExcepcion_DebeRetornarCodigoErrorTecnico" storage="d:\rentas\repo_giane\v2\cwrv\interseguro.cwrv.tests\bin\debug\net9.0\interseguro.cwrv.tests.dll" id="dc140974-5b9e-e98c-fe32-b734be8d10a9">
      <Execution id="bd377451-86ac-4245-a570-8ec1719adf74" />
      <TestMethod codeBase="D:\Rentas\repo_giane\v2\cwrv\Interseguro.CWRV.Tests\bin\Debug\net9.0\Interseguro.CWRV.Tests.dll" adapterTypeName="executor://mstestadapter/v2" className="Interseguro.CWRV.Tests.SeguridadServicioTests" name="SolicitarAcceso_CuandoRepositorioIpLanzaExcepcion_DebeRetornarCodigoErrorTecnico" />
    </UnitTest>
    <UnitTest name="ObtenerSupervisorAgente_CuandoSeInvoca_DebeRetornarSupervisorDelRepositorio" storage="d:\rentas\repo_giane\v2\cwrv\interseguro.cwrv.tests\bin\debug\net9.0\interseguro.cwrv.tests.dll" id="9888b650-8e26-94e2-f453-35c86958c9aa">
      <Execution id="ddcb7cc8-53f2-4b54-9dac-ddea71e4cc3f" />
      <TestMethod codeBase="D:\Rentas\repo_giane\v2\cwrv\Interseguro.CWRV.Tests\bin\Debug\net9.0\Interseguro.CWRV.Tests.dll" adapterTypeName="executor://mstestadapter/v2" className="Interseguro.CWRV.Tests.UsuarioServicioTests" name="ObtenerSupervisorAgente_CuandoSeInvoca_DebeRetornarSupervisorDelRepositorio" />
    </UnitTest>
    <UnitTest name="ObtenerPreCubo_CuandoSeInvoca_DebeRetornarReporteDelRepositorio" storage="d:\rentas\repo_giane\v2\cwrv\interseguro.cwrv.tests\bin\debug\net9.0\interseguro.cwrv.tests.dll" id="34c54c93-997c-4686-fd8a-730343abcf24">
      <Execution id="fc8ab9ec-bdd1-4233-8eb5-86a1ceadddf5" />
      <TestMethod codeBase="D:\Rentas\repo_giane\v2\cwrv\Interseguro.CWRV.Tests\bin\Debug\net9.0\Interseguro.CWRV.Tests.dll" adapterTypeName="executor://mstestadapter/v2" className="Interseguro.CWRV.Tests.CotizadorServicioTests" name="ObtenerPreCubo_CuandoSeInvoca_DebeRetornarReporteDelRepositorio" />
    </UnitTest>
    <UnitTest name="ListarAgenteExterno_CuandoSeInvoca_DebeRetornarListadoDelRepositorio" storage="d:\rentas\repo_giane\v2\cwrv\interseguro.cwrv.tests\bin\debug\net9.0\interseguro.cwrv.tests.dll" id="070a3d05-3f81-83d9-4665-0d50aea39e12">
      <Execution id="92ab2c24-8cfd-42c5-9cc9-adc7481980c1" />
      <TestMethod codeBase="D:\Rentas\repo_giane\v2\cwrv\Interseguro.CWRV.Tests\bin\Debug\net9.0\Interseguro.CWRV.Tests.dll" adapterTypeName="executor://mstestadapter/v2" className="Interseguro.CWRV.Tests.UsuarioServicioTests" name="ListarAgenteExterno_CuandoSeInvoca_DebeRetornarListadoDelRepositorio" />
    </UnitTest>
    <UnitTest name="ListarSolicitudRPPlus_CuandoSeInvoca_DebeRetornarListaDelRepositorio" storage="d:\rentas\repo_giane\v2\cwrv\interseguro.cwrv.tests\bin\debug\net9.0\interseguro.cwrv.tests.dll" id="a19a4404-8d8e-ced9-5775-33a300aaf907">
      <Execution id="427d8109-711b-4ae9-95db-55ef05d93ec4" />
      <TestMethod codeBase="D:\Rentas\repo_giane\v2\cwrv\Interseguro.CWRV.Tests\bin\Debug\net9.0\Interseguro.CWRV.Tests.dll" adapterTypeName="executor://mstestadapter/v2" className="Interseguro.CWRV.Tests.CotizadorServicioTests" name="ListarSolicitudRPPlus_CuandoSeInvoca_DebeRetornarListaDelRepositorio" />
    </UnitTest>
    <UnitTest name="ObtenerJerarquiaAgente_CuandoSeInvoca_DebeRetornarJerarquiaDelRepositorio" storage="d:\rentas\repo_giane\v2\cwrv\interseguro.cwrv.tests\bin\debug\net9.0\interseguro.cwrv.tests.dll" id="56df96f7-0235-ce29-b357-20a7bb374113">
      <Execution id="4e657458-0e54-4ee5-ac2f-1e59c745fe39" />
      <TestMethod codeBase="D:\Rentas\repo_giane\v2\cwrv\Interseguro.CWRV.Tests\bin\Debug\net9.0\Interseguro.CWRV.Tests.dll" adapterTypeName="executor://mstestadapter/v2" className="Interseguro.CWRV.Tests.UsuarioServicioTests" name="ObtenerJerarquiaAgente_CuandoSeInvoca_DebeRetornarJerarquiaDelRepositorio" />
    </UnitTest>
    <UnitTest name="ObtenerDatosSolicitudRPPlus_CuandoSeInvoca_DebeRetornarSolicitudDelRepositorio" storage="d:\rentas\repo_giane\v2\cwrv\interseguro.cwrv.tests\bin\debug\net9.0\interseguro.cwrv.tests.dll" id="73b7dd63-a87e-fa41-dc1f-edbffea84e1c">
      <Execution id="4cfaf242-fd84-43c6-95d0-f1c0351221fc" />
      <TestMethod codeBase="D:\Rentas\repo_giane\v2\cwrv\Interseguro.CWRV.Tests\bin\Debug\net9.0\Interseguro.CWRV.Tests.dll" adapterTypeName="executor://mstestadapter/v2" className="Interseguro.CWRV.Tests.CotizadorServicioTests" name="ObtenerDatosSolicitudRPPlus_CuandoSeInvoca_DebeRetornarSolicitudDelRepositorio" />
    </UnitTest>
    <UnitTest name="ObtenerNumAgente_CuandoSeInvoca_DebeRetornarValorDelRepositorio" storage="d:\rentas\repo_giane\v2\cwrv\interseguro.cwrv.tests\bin\debug\net9.0\interseguro.cwrv.tests.dll" id="e146cdb7-09f5-dac9-e8fc-d0b887a13fda">
      <Execution id="3233e3b3-a30b-4870-a483-1bb27313077a" />
      <TestMethod codeBase="D:\Rentas\repo_giane\v2\cwrv\Interseguro.CWRV.Tests\bin\Debug\net9.0\Interseguro.CWRV.Tests.dll" adapterTypeName="executor://mstestadapter/v2" className="Interseguro.CWRV.Tests.UsuarioServicioTests" name="ObtenerNumAgente_CuandoSeInvoca_DebeRetornarValorDelRepositorio" />
    </UnitTest>
    <UnitTest name="ValidaFlujoSolicitudRol_CuandoSeInvoca_DebeRetornarValorDelRepositorio" storage="d:\rentas\repo_giane\v2\cwrv\interseguro.cwrv.tests\bin\debug\net9.0\interseguro.cwrv.tests.dll" id="45cf31fc-e3a5-99c5-c6cb-72217df37186">
      <Execution id="b848cf02-de41-47cf-947c-110fe00669f9" />
      <TestMethod codeBase="D:\Rentas\repo_giane\v2\cwrv\Interseguro.CWRV.Tests\bin\Debug\net9.0\Interseguro.CWRV.Tests.dll" adapterTypeName="executor://mstestadapter/v2" className="Interseguro.CWRV.Tests.CotizadorServicioTests" name="ValidaFlujoSolicitudRol_CuandoSeInvoca_DebeRetornarValorDelRepositorio" />
    </UnitTest>
    <UnitTest name="ValidarToken_CuandoIpNoPermitida_DebeLanzarExcepcion" storage="d:\rentas\repo_giane\v2\cwrv\interseguro.cwrv.tests\bin\debug\net9.0\interseguro.cwrv.tests.dll" id="3ef8b5cf-8707-c2cc-29ee-d6824288eeb0">
      <Execution id="a91aad31-5208-4820-a9a3-8c854743bcb7" />
      <TestMethod codeBase="D:\Rentas\repo_giane\v2\cwrv\Interseguro.CWRV.Tests\bin\Debug\net9.0\Interseguro.CWRV.Tests.dll" adapterTypeName="executor://mstestadapter/v2" className="Interseguro.CWRV.Tests.SeguridadServicioTests" name="ValidarToken_CuandoIpNoPermitida_DebeLanzarExcepcion" />
    </UnitTest>
    <UnitTest name="ObtenerDatosAnticipo_CuandoSeInvoca_DebeRetornarAnticipoDelRepositorio" storage="d:\rentas\repo_giane\v2\cwrv\interseguro.cwrv.tests\bin\debug\net9.0\interseguro.cwrv.tests.dll" id="373b0c6d-9e9e-0405-4052-9feda277e6e7">
      <Execution id="c93514b2-5582-4b88-8628-2f3b076a39fd" />
      <TestMethod codeBase="D:\Rentas\repo_giane\v2\cwrv\Interseguro.CWRV.Tests\bin\Debug\net9.0\Interseguro.CWRV.Tests.dll" adapterTypeName="executor://mstestadapter/v2" className="Interseguro.CWRV.Tests.CotizadorServicioTests" name="ObtenerDatosAnticipo_CuandoSeInvoca_DebeRetornarAnticipoDelRepositorio" />
    </UnitTest>
    <UnitTest name="CrearUsuario_CuandoSeInvoca_DebeInvocarRegistrarEnRepositorioConElMismoUsuario" storage="d:\rentas\repo_giane\v2\cwrv\interseguro.cwrv.tests\bin\debug\net9.0\interseguro.cwrv.tests.dll" id="6f797c69-d499-2a2b-75ef-6d4db8b536a1">
      <Execution id="0cc4e7ad-9d0f-4bfc-bc87-cfca35d3ae29" />
      <TestMethod codeBase="D:\Rentas\repo_giane\v2\cwrv\Interseguro.CWRV.Tests\bin\Debug\net9.0\Interseguro.CWRV.Tests.dll" adapterTypeName="executor://mstestadapter/v2" className="Interseguro.CWRV.Tests.UsuarioServicioTests" name="CrearUsuario_CuandoSeInvoca_DebeInvocarRegistrarEnRepositorioConElMismoUsuario" />
    </UnitTest>
    <UnitTest name="CrearAgente_CuandoSeInvoca_DebeRegistrarAgenteEnRepositorio" storage="d:\rentas\repo_giane\v2\cwrv\interseguro.cwrv.tests\bin\debug\net9.0\interseguro.cwrv.tests.dll" id="85e31138-f88c-12b5-7afc-ac2a7eaf26b0">
      <Execution id="41532a99-fb5f-4aa3-aa34-2fd30ef11b17" />
      <TestMethod codeBase="D:\Rentas\repo_giane\v2\cwrv\Interseguro.CWRV.Tests\bin\Debug\net9.0\Interseguro.CWRV.Tests.dll" adapterTypeName="executor://mstestadapter/v2" className="Interseguro.CWRV.Tests.UsuarioServicioTests" name="CrearAgente_CuandoSeInvoca_DebeRegistrarAgenteEnRepositorio" />
    </UnitTest>
  </TestDefinitions>
  <TestEntries>
    <TestEntry testId="070a3d05-3f81-83d9-4665-0d50aea39e12" executionId="92ab2c24-8cfd-42c5-9cc9-adc7481980c1" testListId="8c84fa94-04c1-424b-9868-57a2d4851a1d" />
    <TestEntry testId="56df96f7-0235-ce29-b357-20a7bb374113" executionId="4e657458-0e54-4ee5-ac2f-1e59c745fe39" testListId="8c84fa94-04c1-424b-9868-57a2d4851a1d" />
    <TestEntry testId="355ca1ec-ee11-f274-7cf0-d47a6c587c4f" executionId="596f3fe9-5e25-4a56-858b-a7f0c958122d" testListId="8c84fa94-04c1-424b-9868-57a2d4851a1d" />
    <TestEntry testId="f9ed65b0-c117-3307-9d8f-0dc315d8caca" executionId="4cfcec43-b768-4eae-8720-8f94e7b80d31" testListId="8c84fa94-04c1-424b-9868-57a2d4851a1d" />
    <TestEntry testId="373b0c6d-9e9e-0405-4052-9feda277e6e7" executionId="c93514b2-5582-4b88-8628-2f3b076a39fd" testListId="8c84fa94-04c1-424b-9868-57a2d4851a1d" />
    <TestEntry testId="cf9e4e3b-e9af-9d28-544a-4afd88369853" executionId="02712b8a-33c0-4d1e-824e-e8817b3983ee" testListId="8c84fa94-04c1-424b-9868-57a2d4851a1d" />
    <TestEntry testId="6f797c69-d499-2a2b-75ef-6d4db8b536a1" executionId="0cc4e7ad-9d0f-4bfc-bc87-cfca35d3ae29" testListId="8c84fa94-04c1-424b-9868-57a2d4851a1d" />
    <TestEntry testId="147a3c71-0eb2-3460-a169-3ba2eb9174b7" executionId="00ecd534-c534-4f0a-abd7-9b9756be395d" testListId="8c84fa94-04c1-424b-9868-57a2d4851a1d" />
    <TestEntry testId="61468278-a2ea-630c-9bb6-af835d00e099" executionId="c7bbdb60-26da-4260-b27e-27280df35354" testListId="8c84fa94-04c1-424b-9868-57a2d4851a1d" />
    <TestEntry testId="4d7975ff-70cc-4851-34b5-742bcfbf8199" executionId="ba55db4a-1e70-4e96-81a0-cc5b6677f607" testListId="8c84fa94-04c1-424b-9868-57a2d4851a1d" />
    <TestEntry testId="f5191f8b-095c-d354-18a2-f4daeef7a93b" executionId="630e07b8-c5ea-4649-b222-ce7ed6bba155" testListId="8c84fa94-04c1-424b-9868-57a2d4851a1d" />
    <TestEntry testId="0ebebc15-a867-543e-62ed-0bb4568ab994" executionId="6c03318b-767c-4094-b9ce-1c278cf33b64" testListId="8c84fa94-04c1-424b-9868-57a2d4851a1d" />
    <TestEntry testId="1bcb71f3-2d5e-9d5a-1f38-5b72cb49eb8a" executionId="b94c7ab7-7bc8-4f67-b299-af06a35ce435" testListId="8c84fa94-04c1-424b-9868-57a2d4851a1d" />
    <TestEntry testId="85e31138-f88c-12b5-7afc-ac2a7eaf26b0" executionId="41532a99-fb5f-4aa3-aa34-2fd30ef11b17" testListId="8c84fa94-04c1-424b-9868-57a2d4851a1d" />
    <TestEntry testId="dc140974-5b9e-e98c-fe32-b734be8d10a9" executionId="bd377451-86ac-4245-a570-8ec1719adf74" testListId="8c84fa94-04c1-424b-9868-57a2d4851a1d" />
    <TestEntry testId="d1636ba9-c736-ec80-51b3-3587b293cb31" executionId="06d88559-8d03-48aa-9f8c-478fbb1e6471" testListId="8c84fa94-04c1-424b-9868-57a2d4851a1d" />
    <TestEntry testId="7ceb55cc-4c13-504c-b156-2907682297c7" executionId="c06fd2ea-6441-4e46-9b95-9dd36d1edaf9" testListId="8c84fa94-04c1-424b-9868-57a2d4851a1d" />
    <TestEntry testId="e2fee95c-4d65-45d7-852a-a5ce85d78ce4" executionId="95ef9cc9-ded1-48ce-8465-eeb717eac67c" testListId="8c84fa94-04c1-424b-9868-57a2d4851a1d" />
    <TestEntry testId="45cf31fc-e3a5-99c5-c6cb-72217df37186" executionId="b848cf02-de41-47cf-947c-110fe00669f9" testListId="8c84fa94-04c1-424b-9868-57a2d4851a1d" />
    <TestEntry testId="ec2c3c51-9d4b-1038-844c-f48128b8cc0c" executionId="ec9dc2d6-f94b-4f25-9362-e8505455939e" testListId="8c84fa94-04c1-424b-9868-57a2d4851a1d" />
    <TestEntry testId="6574d10c-b4ca-efad-9075-1f5804de1a40" executionId="dc27c887-8b23-4558-9b3a-b0913d502cbb" testListId="8c84fa94-04c1-424b-9868-57a2d4851a1d" />
    <TestEntry testId="91986196-0832-7e79-6fb5-a686ca827db8" executionId="e506f797-3f8a-40fc-9f71-56658e63e24f" testListId="8c84fa94-04c1-424b-9868-57a2d4851a1d" />
    <TestEntry testId="3ef8b5cf-8707-c2cc-29ee-d6824288eeb0" executionId="a91aad31-5208-4820-a9a3-8c854743bcb7" testListId="8c84fa94-04c1-424b-9868-57a2d4851a1d" />
    <TestEntry testId="e146cdb7-09f5-dac9-e8fc-d0b887a13fda" executionId="3233e3b3-a30b-4870-a483-1bb27313077a" testListId="8c84fa94-04c1-424b-9868-57a2d4851a1d" />
    <TestEntry testId="ade77a81-4124-50ba-3391-272e83c4089d" executionId="562ce945-2da7-438a-8ab1-ec95e48b92d6" testListId="8c84fa94-04c1-424b-9868-57a2d4851a1d" />
    <TestEntry testId="34c54c93-997c-4686-fd8a-730343abcf24" executionId="fc8ab9ec-bdd1-4233-8eb5-86a1ceadddf5" testListId="8c84fa94-04c1-424b-9868-57a2d4851a1d" />
    <TestEntry testId="77eb9982-f923-7723-4988-63311ce16ec6" executionId="ebdaad1b-81cb-46b8-ab58-2fbaffe09977" testListId="8c84fa94-04c1-424b-9868-57a2d4851a1d" />
    <TestEntry testId="c9e27eea-1dd5-b140-7a9a-270fe0a9f196" executionId="99e3c3bc-e76f-4a2d-b06e-6608d2239444" testListId="8c84fa94-04c1-424b-9868-57a2d4851a1d" />
    <TestEntry testId="9888b650-8e26-94e2-f453-35c86958c9aa" executionId="ddcb7cc8-53f2-4b54-9dac-ddea71e4cc3f" testListId="8c84fa94-04c1-424b-9868-57a2d4851a1d" />
    <TestEntry testId="a19a4404-8d8e-ced9-5775-33a300aaf907" executionId="427d8109-711b-4ae9-95db-55ef05d93ec4" testListId="8c84fa94-04c1-424b-9868-57a2d4851a1d" />
    <TestEntry testId="69206a0d-4937-3093-835a-3df234d041de" executionId="add19278-b482-4e10-88a1-ad7b0eeab1af" testListId="8c84fa94-04c1-424b-9868-57a2d4851a1d" />
    <TestEntry testId="3ffd6ad4-bb19-859f-7e62-ff5d44d2aafc" executionId="dc8b7bb5-65b5-433e-80a5-c2624ba24118" testListId="8c84fa94-04c1-424b-9868-57a2d4851a1d" />
    <TestEntry testId="f1c9a06d-9a9e-6851-f660-0ec6f84490bc" executionId="17f491d7-53b0-4474-a308-674bfe2e4d1f" testListId="8c84fa94-04c1-424b-9868-57a2d4851a1d" />
    <TestEntry testId="73b7dd63-a87e-fa41-dc1f-edbffea84e1c" executionId="4cfaf242-fd84-43c6-95d0-f1c0351221fc" testListId="8c84fa94-04c1-424b-9868-57a2d4851a1d" />
  </TestEntries>
  <TestLists>
    <TestList name="Resultados sin formato de lista" id="8c84fa94-04c1-424b-9868-57a2d4851a1d" />
    <TestList name="Todos los resultados cargados" id="19431567-8539-422a-85d7-44ee4e166bda" />
  </TestLists>
  <ResultSummary outcome="Completed">
    <Counters total="34" executed="34" passed="34" failed="0" error="0" timeout="0" aborted="0" inconclusive="0" passedButRunAborted="0" notRunnable="0" notExecuted="0" disconnected="0" warning="0" completed="0" inProgress="0" pending="0" />
    <CollectorDataEntries>
      <Collector agentName="IS00694" uri="datacollector://microsoft/CoverletCodeCoverage/1.0" collectorDisplayName="XPlat code coverage">
        <UriAttachments>
          <UriAttachment>
            <A href="IS00694\coverage.cobertura.xml"></A>
          </UriAttachment>
        </UriAttachments>
      </Collector>
    </CollectorDataEntries>
  </ResultSummary>
</TestRun>